[2020-05-29T08:39:19.619+0000][6][gc,heap] Heap region size: 1M
[2020-05-29T08:39:19.624+0000][6][gc,heap,coops] Heap address: 0x00000000c0000000, size: 1024 MB, Compressed Oops mode: 32-bit
[2020-05-29T08:39:20.289+0000][6][gc           ] Using G1
[2020-05-29T08:39:20.291+0000][6][gc,cds       ] Mark closed archive regions in map: [0x00000000fff00000, 0x00000000fff7eff8]
[2020-05-29T08:39:20.292+0000][6][gc,cds       ] Mark open archive regions in map: [0x00000000ffe00000, 0x00000000ffe52ff8]
[2020-05-29T08:39:20.520+0000][6][gc           ] Periodic GC disabled
[2020-05-29T08:39:21.849+0000][6][safepoint    ] Safepoint "Cleanup", Time since last: 1393795682 ns, Reaching safepoint: 484031 ns, At safepoint: 6115 ns, Total: 490146 ns
[2020-05-29T08:39:23.149+0000][6][safepoint    ] Safepoint "ICBufferFull", Time since last: 1299286989 ns, Reaching safepoint: 485853 ns, At safepoint: 37121 ns, Total: 522974 ns
[2020-05-29T08:39:23.221+0000][6][gc,start     ] GC(0) Pause Young (Normal) (G1 Evacuation Pause)
[2020-05-29T08:39:23.222+0000][6][gc,task      ] GC(0) Using 2 workers of 2 for evacuation
[2020-05-29T08:39:23.222+0000][6][gc,age       ] GC(0) Desired survivor size 3670016 bytes, new threshold 15 (max threshold 15)
[2020-05-29T08:39:23.230+0000][6][gc,age       ] GC(0) Age table with threshold 15 (max threshold 15)
[2020-05-29T08:39:23.230+0000][6][gc,age       ] GC(0) - age   1:    4576880 bytes,    4576880 total
[2020-05-29T08:39:23.231+0000][6][gc,phases    ] GC(0)   Pre Evacuate Collection Set: 0.2ms
[2020-05-29T08:39:23.231+0000][6][gc,phases    ] GC(0)   Merge Heap Roots: 0.1ms
[2020-05-29T08:39:23.232+0000][6][gc,phases    ] GC(0)   Evacuate Collection Set: 5.6ms
[2020-05-29T08:39:23.232+0000][6][gc,phases    ] GC(0)   Post Evacuate Collection Set: 0.9ms
[2020-05-29T08:39:23.233+0000][6][gc,phases    ] GC(0)   Other: 3.3ms
[2020-05-29T08:39:23.233+0000][6][gc,heap      ] GC(0) Eden regions: 51->0(46)
[2020-05-29T08:39:23.234+0000][6][gc,heap      ] GC(0) Survivor regions: 0->5(7)
[2020-05-29T08:39:23.234+0000][6][gc,heap      ] GC(0) Old regions: 0->0
[2020-05-29T08:39:23.235+0000][6][gc,heap      ] GC(0) Archive regions: 2->2
[2020-05-29T08:39:23.235+0000][6][gc,heap      ] GC(0) Humongous regions: 1->1
[2020-05-29T08:39:23.236+0000][6][gc,metaspace ] GC(0) Metaspace: 11598K(12416K)->11598K(12416K) NonClass: 10166K(10752K)->10166K(10752K) Class: 1431K(1664K)->1431K(1664K)
[2020-05-29T08:39:23.236+0000][6][gc           ] GC(0) Pause Young (Normal) (G1 Evacuation Pause) 52M->6M(1024M) 15.613ms
[2020-05-29T08:39:23.237+0000][6][gc,cpu       ] GC(0) User=0.01s Sys=0.00s Real=0.02s
[2020-05-29T08:39:23.238+0000][6][safepoint    ] Safepoint "G1CollectForAllocation", Time since last: 71713280 ns, Reaching safepoint: 202448 ns, At safepoint: 16729863 ns, Total: 16932311 ns
[2020-05-29T08:39:24.428+0000][6][safepoint    ] Safepoint "ICBufferFull", Time since last: 1189832964 ns, Reaching safepoint: 353205 ns, At safepoint: 29127 ns, Total: 382332 ns
[2020-05-29T08:39:24.458+0000][6][gc,start     ] GC(1) Pause Young (Normal) (G1 Evacuation Pause)
[2020-05-29T08:39:24.459+0000][6][gc,task      ] GC(1) Using 2 workers of 2 for evacuation
[2020-05-29T08:39:24.459+0000][6][gc,age       ] GC(1) Desired survivor size 3670016 bytes, new threshold 1 (max threshold 15)
[2020-05-29T08:39:24.473+0000][6][gc,age       ] GC(1) Age table with threshold 1 (max threshold 15)
[2020-05-29T08:39:24.473+0000][6][gc,age       ] GC(1) - age   1:    3410864 bytes,    3410864 total
[2020-05-29T08:39:24.474+0000][6][gc,phases    ] GC(1)   Pre Evacuate Collection Set: 0.2ms
[2020-05-29T08:39:24.475+0000][6][gc,phases    ] GC(1)   Merge Heap Roots: 0.1ms
[2020-05-29T08:39:24.476+0000][6][gc,phases    ] GC(1)   Evacuate Collection Set: 11.8ms
[2020-05-29T08:39:24.477+0000][6][gc,phases    ] GC(1)   Post Evacuate Collection Set: 1.2ms
[2020-05-29T08:39:24.477+0000][6][gc,phases    ] GC(1)   Other: 3.0ms
[2020-05-29T08:39:24.478+0000][6][gc,heap      ] GC(1) Eden regions: 46->0(47)
[2020-05-29T08:39:24.478+0000][6][gc,heap      ] GC(1) Survivor regions: 5->4(7)
[2020-05-29T08:39:24.479+0000][6][gc,heap      ] GC(1) Old regions: 0->5
[2020-05-29T08:39:24.480+0000][6][gc,heap      ] GC(1) Archive regions: 2->2
[2020-05-29T08:39:24.480+0000][6][gc,heap      ] GC(1) Humongous regions: 1->1
[2020-05-29T08:39:24.481+0000][6][gc,metaspace ] GC(1) Metaspace: 15024K(15616K)->15024K(15616K) NonClass: 13236K(13568K)->13236K(13568K) Class: 1787K(2048K)->1787K(2048K)
[2020-05-29T08:39:24.481+0000][6][gc           ] GC(1) Pause Young (Normal) (G1 Evacuation Pause) 52M->9M(1024M) 23.449ms
[2020-05-29T08:39:24.482+0000][6][gc,cpu       ] GC(1) User=0.03s Sys=0.00s Real=0.02s
[2020-05-29T08:39:24.482+0000][6][safepoint    ] Safepoint "G1CollectForAllocation", Time since last: 29888718 ns, Reaching safepoint: 240171 ns, At safepoint: 24585864 ns, Total: 24826035 ns
[2020-05-29T08:39:24.486+0000][6][safepoint    ] Safepoint "BulkRevokeBias", Time since last: 3236788 ns, Reaching safepoint: 87762 ns, At safepoint: 85220 ns, Total: 172982 ns
[2020-05-29T08:39:24.893+0000][6][gc,start     ] GC(2) Pause Young (Normal) (G1 Evacuation Pause)
[2020-05-29T08:39:24.894+0000][6][gc,task      ] GC(2) Using 2 workers of 2 for evacuation
[2020-05-29T08:39:24.894+0000][6][gc,age       ] GC(2) Desired survivor size 3670016 bytes, new threshold 15 (max threshold 15)
[2020-05-29T08:39:24.901+0000][6][gc,age       ] GC(2) Age table with threshold 15 (max threshold 15)
[2020-05-29T08:39:24.902+0000][6][gc,age       ] GC(2) - age   1:    3468048 bytes,    3468048 total
[2020-05-29T08:39:24.903+0000][6][gc,age       ] GC(2) - age   2:    2027528 bytes,    5495576 total
[2020-05-29T08:39:24.903+0000][6][gc,phases    ] GC(2)   Pre Evacuate Collection Set: 0.2ms
[2020-05-29T08:39:24.904+0000][6][gc,phases    ] GC(2)   Merge Heap Roots: 0.1ms
[2020-05-29T08:39:24.904+0000][6][gc,phases    ] GC(2)   Evacuate Collection Set: 5.5ms
[2020-05-29T08:39:24.905+0000][6][gc,phases    ] GC(2)   Post Evacuate Collection Set: 0.7ms
[2020-05-29T08:39:24.906+0000][6][gc,phases    ] GC(2)   Other: 3.5ms
[2020-05-29T08:39:24.906+0000][6][gc,heap      ] GC(2) Eden regions: 47->0(51)
[2020-05-29T08:39:24.906+0000][6][gc,heap      ] GC(2) Survivor regions: 4->6(7)
[2020-05-29T08:39:24.907+0000][6][gc,heap      ] GC(2) Old regions: 5->5
[2020-05-29T08:39:24.907+0000][6][gc,heap      ] GC(2) Archive regions: 2->2
[2020-05-29T08:39:24.908+0000][6][gc,heap      ] GC(2) Humongous regions: 2->1
[2020-05-29T08:39:24.908+0000][6][gc,metaspace ] GC(2) Metaspace: 16622K(17408K)->16622K(17408K) NonClass: 14584K(15104K)->14584K(15104K) Class: 2038K(2304K)->2038K(2304K)
[2020-05-29T08:39:24.909+0000][6][gc           ] GC(2) Pause Young (Normal) (G1 Evacuation Pause) 57M->11M(1024M) 15.638ms
[2020-05-29T08:39:24.910+0000][6][gc,cpu       ] GC(2) User=0.02s Sys=0.00s Real=0.02s
[2020-05-29T08:39:24.910+0000][6][safepoint    ] Safepoint "G1CollectForAllocation", Time since last: 407314334 ns, Reaching safepoint: 116595 ns, At safepoint: 16783270 ns, Total: 16899865 ns
[2020-05-29T08:39:24.912+0000][6][safepoint    ] Safepoint "BulkRevokeBias", Time since last: 1284699 ns, Reaching safepoint: 34914 ns, At safepoint: 123375 ns, Total: 158289 ns
[2020-05-29T08:39:24.912+0000][6][safepoint    ] Safepoint "BulkRevokeBias", Time since last: 554885 ns, Reaching safepoint: 247340 ns, At safepoint: 69749 ns, Total: 317089 ns
[2020-05-29T08:39:25.372+0000][6][gc,start     ] GC(3) Pause Young (Normal) (G1 Evacuation Pause)
[2020-05-29T08:39:25.373+0000][6][gc,task      ] GC(3) Using 2 workers of 2 for evacuation
[2020-05-29T08:39:25.373+0000][6][gc,age       ] GC(3) Desired survivor size 4194304 bytes, new threshold 2 (max threshold 15)
[2020-05-29T08:39:25.383+0000][6][gc,age       ] GC(3) Age table with threshold 2 (max threshold 15)
[2020-05-29T08:39:25.384+0000][6][gc,age       ] GC(3) - age   1:    2550264 bytes,    2550264 total
[2020-05-29T08:39:25.384+0000][6][gc,age       ] GC(3) - age   2:    1304984 bytes,    3855248 total
[2020-05-29T08:39:25.385+0000][6][gc,phases    ] GC(3)   Pre Evacuate Collection Set: 0.2ms
[2020-05-29T08:39:25.385+0000][6][gc,phases    ] GC(3)   Merge Heap Roots: 0.1ms
[2020-05-29T08:39:25.386+0000][6][gc,phases    ] GC(3)   Evacuate Collection Set: 7.8ms
[2020-05-29T08:39:25.386+0000][6][gc,phases    ] GC(3)   Post Evacuate Collection Set: 1.4ms
[2020-05-29T08:39:25.387+0000][6][gc,phases    ] GC(3)   Other: 3.5ms
[2020-05-29T08:39:25.387+0000][6][gc,heap      ] GC(3) Eden regions: 51->0(74)
[2020-05-29T08:39:25.388+0000][6][gc,heap      ] GC(3) Survivor regions: 6->5(8)
[2020-05-29T08:39:25.388+0000][6][gc,heap      ] GC(3) Old regions: 5->7
[2020-05-29T08:39:25.389+0000][6][gc,heap      ] GC(3) Archive regions: 2->2
[2020-05-29T08:39:25.389+0000][6][gc,heap      ] GC(3) Humongous regions: 1->1
[2020-05-29T08:39:25.389+0000][6][gc,metaspace ] GC(3) Metaspace: 18076K(18944K)->18076K(18944K) NonClass: 15864K(16384K)->15864K(16384K) Class: 2212K(2560K)->2212K(2560K)
[2020-05-29T08:39:25.390+0000][6][gc           ] GC(3) Pause Young (Normal) (G1 Evacuation Pause) 62M->12M(1024M) 18.092ms
[2020-05-29T08:39:25.391+0000][6][gc,cpu       ] GC(3) User=0.02s Sys=0.00s Real=0.02s
[2020-05-29T08:39:25.391+0000][6][safepoint    ] Safepoint "G1CollectForAllocation", Time since last: 459309827 ns, Reaching safepoint: 147984 ns, At safepoint: 19552327 ns, Total: 19700311 ns
[2020-05-29T08:39:25.617+0000][6][gc,start     ] GC(4) Pause Young (Normal) (G1 Evacuation Pause)
[2020-05-29T08:39:25.618+0000][6][gc,task      ] GC(4) Using 2 workers of 2 for evacuation
[2020-05-29T08:39:25.618+0000][6][gc,age       ] GC(4) Desired survivor size 5242880 bytes, new threshold 15 (max threshold 15)
[2020-05-29T08:39:25.624+0000][6][gc,age       ] GC(4) Age table with threshold 15 (max threshold 15)
[2020-05-29T08:39:25.625+0000][6][gc,age       ] GC(4) - age   1:     661760 bytes,     661760 total
[2020-05-29T08:39:25.625+0000][6][gc,age       ] GC(4) - age   2:    1360040 bytes,    2021800 total
[2020-05-29T08:39:25.625+0000][6][gc,age       ] GC(4) - age   3:    1304960 bytes,    3326760 total
[2020-05-29T08:39:25.626+0000][6][gc,phases    ] GC(4)   Pre Evacuate Collection Set: 0.2ms
[2020-05-29T08:39:25.626+0000][6][gc,phases    ] GC(4)   Merge Heap Roots: 0.0ms
[2020-05-29T08:39:25.627+0000][6][gc,phases    ] GC(4)   Evacuate Collection Set: 4.0ms
[2020-05-29T08:39:25.628+0000][6][gc,phases    ] GC(4)   Post Evacuate Collection Set: 0.8ms
[2020-05-29T08:39:25.628+0000][6][gc,phases    ] GC(4)   Other: 3.4ms
[2020-05-29T08:39:25.629+0000][6][gc,heap      ] GC(4) Eden regions: 74->0(610)
[2020-05-29T08:39:25.629+0000][6][gc,heap      ] GC(4) Survivor regions: 5->4(10)
[2020-05-29T08:39:25.629+0000][6][gc,heap      ] GC(4) Old regions: 7->7
[2020-05-29T08:39:25.630+0000][6][gc,heap      ] GC(4) Archive regions: 2->2
[2020-05-29T08:39:25.630+0000][6][gc,heap      ] GC(4) Humongous regions: 1->1
[2020-05-29T08:39:25.630+0000][6][gc,metaspace ] GC(4) Metaspace: 18172K(19200K)->18172K(19200K) NonClass: 15952K(16640K)->15952K(16640K) Class: 2220K(2560K)->2220K(2560K)
[2020-05-29T08:39:25.631+0000][6][gc           ] GC(4) Pause Young (Normal) (G1 Evacuation Pause) 86M->11M(1024M) 13.333ms
[2020-05-29T08:39:25.631+0000][6][gc,cpu       ] GC(4) User=0.01s Sys=0.00s Real=0.01s
[2020-05-29T08:39:25.632+0000][6][safepoint    ] Safepoint "G1CollectForAllocation", Time since last: 225537995 ns, Reaching safepoint: 389448 ns, At safepoint: 14294086 ns, Total: 14683534 ns
[2020-05-29T08:39:27.385+0000][6][safepoint    ] Safepoint "Cleanup", Time since last: 1752643478 ns, Reaching safepoint: 279479 ns, At safepoint: 28457 ns, Total: 307936 ns
[2020-05-29T08:39:27.553+0000][6][gc,start     ] GC(5) Pause Young (Concurrent Start) (Metadata GC Threshold)
[2020-05-29T08:39:27.554+0000][6][gc,task      ] GC(5) Using 2 workers of 2 for evacuation
[2020-05-29T08:39:27.554+0000][6][gc,age       ] GC(5) Desired survivor size 40370176 bytes, new threshold 15 (max threshold 15)
[2020-05-29T08:39:27.564+0000][6][gc,age       ] GC(5) Age table with threshold 15 (max threshold 15)
[2020-05-29T08:39:27.564+0000][6][gc,age       ] GC(5) - age   1:    5062784 bytes,    5062784 total
[2020-05-29T08:39:27.565+0000][6][gc,age       ] GC(5) - age   2:     330896 bytes,    5393680 total
[2020-05-29T08:39:27.565+0000][6][gc,age       ] GC(5) - age   3:    1353392 bytes,    6747072 total
[2020-05-29T08:39:27.566+0000][6][gc,age       ] GC(5) - age   4:    1304592 bytes,    8051664 total
[2020-05-29T08:39:27.566+0000][6][gc,phases    ] GC(5)   Pre Evacuate Collection Set: 0.4ms
[2020-05-29T08:39:27.567+0000][6][gc,phases    ] GC(5)   Merge Heap Roots: 0.2ms
[2020-05-29T08:39:27.567+0000][6][gc,phases    ] GC(5)   Evacuate Collection Set: 7.2ms
[2020-05-29T08:39:27.567+0000][6][gc,phases    ] GC(5)   Post Evacuate Collection Set: 1.3ms
[2020-05-29T08:39:27.568+0000][6][gc,phases    ] GC(5)   Other: 4.2ms
[2020-05-29T08:39:27.568+0000][6][gc,heap      ] GC(5) Eden regions: 483->0(606)
[2020-05-29T08:39:27.568+0000][6][gc,heap      ] GC(5) Survivor regions: 4->8(77)
[2020-05-29T08:39:27.569+0000][6][gc,heap      ] GC(5) Old regions: 7->7
[2020-05-29T08:39:27.569+0000][6][gc,heap      ] GC(5) Archive regions: 2->2
[2020-05-29T08:39:27.570+0000][6][gc,heap      ] GC(5) Humongous regions: 1->1
[2020-05-29T08:39:27.570+0000][6][gc,metaspace ] GC(5) Metaspace: 20001K(21296K)->20001K(21296K) NonClass: 17534K(18352K)->17534K(18352K) Class: 2466K(2944K)->2466K(2944K)
[2020-05-29T08:39:27.571+0000][6][gc           ] GC(5) Pause Young (Concurrent Start) (Metadata GC Threshold) 493M->16M(1024M) 17.525ms
[2020-05-29T08:39:27.571+0000][6][gc,cpu       ] GC(5) User=0.02s Sys=0.01s Real=0.02s
[2020-05-29T08:39:27.571+0000][6][gc           ] GC(6) Concurrent Cycle
[2020-05-29T08:39:27.572+0000][6][gc,marking   ] GC(6) Concurrent Clear Claimed Marks
[2020-05-29T08:39:27.572+0000][6][safepoint    ] Safepoint "CollectForMetadataAllocation", Time since last: 168281096 ns, Reaching safepoint: 102779 ns, At safepoint: 18672390 ns, Total: 18775169 ns
[2020-05-29T08:39:27.572+0000][6][gc,marking   ] GC(6) Concurrent Clear Claimed Marks 0.575ms
[2020-05-29T08:39:27.573+0000][6][gc,marking   ] GC(6) Concurrent Scan Root Regions
[2020-05-29T08:39:27.577+0000][6][gc,marking   ] GC(6) Concurrent Scan Root Regions 3.904ms
[2020-05-29T08:39:27.578+0000][6][gc,marking   ] GC(6) Concurrent Mark (7.972s)
[2020-05-29T08:39:27.578+0000][6][gc,marking   ] GC(6) Concurrent Mark From Roots
[2020-05-29T08:39:27.579+0000][6][gc,task      ] GC(6) Using 1 workers of 1 for marking
[2020-05-29T08:39:27.577+0000][6][safepoint    ] Safepoint "BulkRevokeBias", Time since last: 1796881 ns, Reaching safepoint: 3699645 ns, At safepoint: 306465 ns, Total: 4006110 ns
[2020-05-29T08:39:27.597+0000][6][safepoint    ] Safepoint "BulkRevokeBias", Time since last: 18759711 ns, Reaching safepoint: 307392 ns, At safepoint: 113479 ns, Total: 420871 ns
[2020-05-29T08:39:27.598+0000][6][safepoint    ] Safepoint "BulkRevokeBias", Time since last: 767313 ns, Reaching safepoint: 201998 ns, At safepoint: 127374 ns, Total: 329372 ns
[2020-05-29T08:39:27.604+0000][6][gc,marking   ] GC(6) Concurrent Mark From Roots 26.127ms
[2020-05-29T08:39:27.605+0000][6][gc,marking   ] GC(6) Concurrent Preclean
[2020-05-29T08:39:27.606+0000][6][gc,marking   ] GC(6) Concurrent Preclean 1.208ms
[2020-05-29T08:39:27.607+0000][6][gc,marking   ] GC(6) Concurrent Mark (7.972s, 8.002s) 29.234ms
[2020-05-29T08:39:27.608+0000][6][gc,start     ] GC(6) Pause Remark
[2020-05-29T08:39:27.612+0000][6][gc           ] GC(6) Pause Remark 17M->17M(1024M) 4.309ms
[2020-05-29T08:39:27.613+0000][6][gc,cpu       ] GC(6) User=0.00s Sys=0.00s Real=0.00s
[2020-05-29T08:39:27.613+0000][6][safepoint    ] Safepoint "G1Concurrent", Time since last: 10165370 ns, Reaching safepoint: 256549 ns, At safepoint: 5319684 ns, Total: 5576233 ns
[2020-05-29T08:39:27.614+0000][6][gc,marking   ] GC(6) Concurrent Rebuild Remembered Sets
[2020-05-29T08:39:27.626+0000][6][gc,marking   ] GC(6) Concurrent Rebuild Remembered Sets 11.522ms
[2020-05-29T08:39:27.627+0000][6][gc,start     ] GC(6) Pause Cleanup
[2020-05-29T08:39:27.627+0000][6][gc           ] GC(6) Pause Cleanup 17M->17M(1024M) 0.721ms
[2020-05-29T08:39:27.628+0000][6][gc,cpu       ] GC(6) User=0.00s Sys=0.00s Real=0.00s
[2020-05-29T08:39:27.628+0000][6][safepoint    ] Safepoint "G1Concurrent", Time since last: 12697532 ns, Reaching safepoint: 564523 ns, At safepoint: 1772990 ns, Total: 2337513 ns
[2020-05-29T08:39:27.629+0000][6][gc,marking   ] GC(6) Concurrent Cleanup for Next Mark
[2020-05-29T08:39:27.638+0000][6][gc,marking   ] GC(6) Concurrent Cleanup for Next Mark 9.140ms
[2020-05-29T08:39:27.639+0000][6][gc           ] GC(6) Concurrent Cycle 67.494ms
[2020-05-29T08:39:28.630+0000][6][safepoint    ] Safepoint "Cleanup", Time since last: 1000854460 ns, Reaching safepoint: 265717 ns, At safepoint: 11479 ns, Total: 277196 ns
[2020-05-29T08:39:30.196+0000][6][safepoint    ] Safepoint "Cleanup", Time since last: 1565730022 ns, Reaching safepoint: 661476 ns, At safepoint: 42691 ns, Total: 704167 ns
[2020-05-29T08:39:31.324+0000][6][gc,start     ] GC(7) Pause Young (Normal) (G1 Evacuation Pause)
[2020-05-29T08:39:31.324+0000][6][gc,task      ] GC(7) Using 2 workers of 2 for evacuation
[2020-05-29T08:39:31.325+0000][6][gc,age       ] GC(7) Desired survivor size 40370176 bytes, new threshold 15 (max threshold 15)
[2020-05-29T08:39:31.344+0000][6][gc,age       ] GC(7) Age table with threshold 15 (max threshold 15)
[2020-05-29T08:39:31.344+0000][6][gc,age       ] GC(7) - age   1:    8327032 bytes,    8327032 total
[2020-05-29T08:39:31.345+0000][6][gc,age       ] GC(7) - age   2:    4964776 bytes,   13291808 total
[2020-05-29T08:39:31.345+0000][6][gc,age       ] GC(7) - age   3:     330336 bytes,   13622144 total
[2020-05-29T08:39:31.345+0000][6][gc,age       ] GC(7) - age   4:    1352024 bytes,   14974168 total
[2020-05-29T08:39:31.346+0000][6][gc,age       ] GC(7) - age   5:    1282224 bytes,   16256392 total
[2020-05-29T08:39:31.346+0000][6][gc,phases    ] GC(7)   Pre Evacuate Collection Set: 0.3ms
[2020-05-29T08:39:31.347+0000][6][gc,phases    ] GC(7)   Merge Heap Roots: 0.1ms
[2020-05-29T08:39:31.347+0000][6][gc,phases    ] GC(7)   Evacuate Collection Set: 16.1ms
[2020-05-29T08:39:31.348+0000][6][gc,phases    ] GC(7)   Post Evacuate Collection Set: 2.0ms
[2020-05-29T08:39:31.348+0000][6][gc,phases    ] GC(7)   Other: 4.1ms
[2020-05-29T08:39:31.348+0000][6][gc,heap      ] GC(7) Eden regions: 606->0(597)
[2020-05-29T08:39:31.349+0000][6][gc,heap      ] GC(7) Survivor regions: 8->17(77)
[2020-05-29T08:39:31.349+0000][6][gc,heap      ] GC(7) Old regions: 7->7
[2020-05-29T08:39:31.349+0000][6][gc,heap      ] GC(7) Archive regions: 2->2
[2020-05-29T08:39:31.350+0000][6][gc,heap      ] GC(7) Humongous regions: 1->1
[2020-05-29T08:39:31.350+0000][6][gc,metaspace ] GC(7) Metaspace: 27675K(30128K)->27675K(30128K) NonClass: 24143K(25776K)->24143K(25776K) Class: 3531K(4352K)->3531K(4352K)
[2020-05-29T08:39:31.351+0000][6][gc           ] GC(7) Pause Young (Normal) (G1 Evacuation Pause) 622M->24M(1024M) 26.942ms
[2020-05-29T08:39:31.351+0000][6][gc,cpu       ] GC(7) User=0.03s Sys=0.00s Real=0.03s
[2020-05-29T08:39:31.351+0000][6][safepoint    ] Safepoint "G1CollectForAllocation", Time since last: 1126847948 ns, Reaching safepoint: 753311 ns, At safepoint: 27787402 ns, Total: 28540713 ns
[2020-05-29T08:39:32.357+0000][6][safepoint    ] Safepoint "Cleanup", Time since last: 1005315270 ns, Reaching safepoint: 298978 ns, At safepoint: 21967 ns, Total: 320945 ns
[2020-05-29T08:39:33.359+0000][6][safepoint    ] Safepoint "Cleanup", Time since last: 1001758839 ns, Reaching safepoint: 575989 ns, At safepoint: 36681 ns, Total: 612670 ns
[2020-05-29T08:39:34.365+0000][6][safepoint    ] Safepoint "Cleanup", Time since last: 1005153969 ns, Reaching safepoint: 234510 ns, At safepoint: 29274 ns, Total: 263784 ns
[2020-05-29T08:39:35.366+0000][6][safepoint    ] Safepoint "Cleanup", Time since last: 1000638591 ns, Reaching safepoint: 370593 ns, At safepoint: 31105 ns, Total: 401698 ns
[2020-05-29T08:39:36.471+0000][6][safepoint    ] Safepoint "Cleanup", Time since last: 1104552491 ns, Reaching safepoint: 870047 ns, At safepoint: 24617 ns, Total: 894664 ns
[2020-05-29T08:39:36.889+0000][6][gc,start     ] GC(8) Pause Young (Concurrent Start) (Metadata GC Threshold)
[2020-05-29T08:39:36.889+0000][6][gc,task      ] GC(8) Using 2 workers of 2 for evacuation
[2020-05-29T08:39:36.890+0000][6][gc,age       ] GC(8) Desired survivor size 40370176 bytes, new threshold 15 (max threshold 15)
[2020-05-29T08:39:36.962+0000][6][gc,age       ] GC(8) Age table with threshold 15 (max threshold 15)
[2020-05-29T08:39:36.963+0000][6][gc,age       ] GC(8) - age   1:   23149808 bytes,   23149808 total
[2020-05-29T08:39:36.963+0000][6][gc,age       ] GC(8) - age   2:    7960952 bytes,   31110760 total
[2020-05-29T08:39:36.964+0000][6][gc,age       ] GC(8) - age   3:    4952544 bytes,   36063304 total
[2020-05-29T08:39:36.964+0000][6][gc,age       ] GC(8) - age   4:     330320 bytes,   36393624 total
[2020-05-29T08:39:36.965+0000][6][gc,age       ] GC(8) - age   5:    1350632 bytes,   37744256 total
[2020-05-29T08:39:36.966+0000][6][gc,age       ] GC(8) - age   6:    1281888 bytes,   39026144 total
[2020-05-29T08:39:36.967+0000][6][gc,phases    ] GC(8)   Pre Evacuate Collection Set: 0.5ms
[2020-05-29T08:39:36.967+0000][6][gc,phases    ] GC(8)   Merge Heap Roots: 0.2ms
[2020-05-29T08:39:36.968+0000][6][gc,phases    ] GC(8)   Evacuate Collection Set: 68.4ms
[2020-05-29T08:39:36.968+0000][6][gc,phases    ] GC(8)   Post Evacuate Collection Set: 2.9ms
[2020-05-29T08:39:36.969+0000][6][gc,phases    ] GC(8)   Other: 6.1ms
[2020-05-29T08:39:36.969+0000][6][gc,heap      ] GC(8) Eden regions: 217->0(196)
[2020-05-29T08:39:36.970+0000][6][gc,heap      ] GC(8) Survivor regions: 17->38(77)
[2020-05-29T08:39:36.970+0000][6][gc,heap      ] GC(8) Old regions: 7->7
[2020-05-29T08:39:36.971+0000][6][gc,heap      ] GC(8) Archive regions: 2->2
[2020-05-29T08:39:36.972+0000][6][gc,heap      ] GC(8) Humongous regions: 1->1
[2020-05-29T08:39:36.972+0000][6][gc,metaspace ] GC(8) Metaspace: 33201K(35920K)->33201K(35920K) NonClass: 28847K(30544K)->28847K(30544K) Class: 4353K(5376K)->4353K(5376K)
[2020-05-29T08:39:36.973+0000][6][gc           ] GC(8) Pause Young (Concurrent Start) (Metadata GC Threshold) 241M->45M(1024M) 84.001ms
[2020-05-29T08:39:36.973+0000][6][gc,cpu       ] GC(8) User=0.13s Sys=0.00s Real=0.08s
[2020-05-29T08:39:36.973+0000][6][gc           ] GC(9) Concurrent Cycle
[2020-05-29T08:39:36.974+0000][6][gc,marking   ] GC(9) Concurrent Clear Claimed Marks
[2020-05-29T08:39:36.975+0000][6][gc,marking   ] GC(9) Concurrent Clear Claimed Marks 1.251ms
[2020-05-29T08:39:36.976+0000][6][gc,marking   ] GC(9) Concurrent Scan Root Regions
[2020-05-29T08:39:36.975+0000][6][safepoint    ] Safepoint "CollectForMetadataAllocation", Time since last: 417189572 ns, Reaching safepoint: 86828 ns, At safepoint: 85395816 ns, Total: 85482644 ns
[2020-05-29T08:39:37.047+0000][6][gc,marking   ] GC(9) Concurrent Scan Root Regions 71.121ms
[2020-05-29T08:39:37.049+0000][6][gc,marking   ] GC(9) Concurrent Mark (17.444s)
[2020-05-29T08:39:37.051+0000][6][gc,marking   ] GC(9) Concurrent Mark From Roots
[2020-05-29T08:39:37.052+0000][6][gc,task      ] GC(9) Using 1 workers of 1 for marking
[2020-05-29T08:39:37.121+0000][6][safepoint    ] Safepoint "CollectForMetadataAllocation", Time since last: 137385727 ns, Reaching safepoint: 8061430 ns, At safepoint: 1175333 ns, Total: 9236763 ns
[2020-05-29T08:39:37.137+0000][6][gc,marking   ] GC(9) Concurrent Mark From Roots 85.705ms
[2020-05-29T08:39:37.137+0000][6][gc,marking   ] GC(9) Concurrent Preclean
[2020-05-29T08:39:37.138+0000][6][gc,marking   ] GC(9) Concurrent Preclean 0.766ms
[2020-05-29T08:39:37.140+0000][6][gc,marking   ] GC(9) Concurrent Mark (17.444s, 17.534s) 89.965ms
[2020-05-29T08:39:37.142+0000][6][gc,start     ] GC(9) Pause Remark
[2020-05-29T08:39:37.158+0000][6][gc           ] GC(9) Pause Remark 47M->47M(1024M) 16.204ms
[2020-05-29T08:39:37.160+0000][6][gc,cpu       ] GC(9) User=0.03s Sys=0.00s Real=0.02s
[2020-05-29T08:39:37.161+0000][6][safepoint    ] Safepoint "G1Concurrent", Time since last: 20489825 ns, Reaching safepoint: 460618 ns, At safepoint: 18942398 ns, Total: 19403016 ns
[2020-05-29T08:39:37.161+0000][6][gc,marking   ] GC(9) Concurrent Rebuild Remembered Sets
[2020-05-29T08:39:37.194+0000][6][gc,marking   ] GC(9) Concurrent Rebuild Remembered Sets 32.133ms
[2020-05-29T08:39:37.201+0000][6][gc,start     ] GC(9) Pause Cleanup
[2020-05-29T08:39:37.203+0000][6][gc           ] GC(9) Pause Cleanup 47M->47M(1024M) 1.969ms
[2020-05-29T08:39:37.204+0000][6][gc,cpu       ] GC(9) User=0.00s Sys=0.00s Real=0.00s
[2020-05-29T08:39:37.205+0000][6][safepoint    ] Safepoint "G1Concurrent", Time since last: 34006530 ns, Reaching safepoint: 6627865 ns, At safepoint: 3447196 ns, Total: 10075061 ns
[2020-05-29T08:39:37.206+0000][6][gc,marking   ] GC(9) Concurrent Cleanup for Next Mark
[2020-05-29T08:39:37.218+0000][6][gc,marking   ] GC(9) Concurrent Cleanup for Next Mark 11.867ms
[2020-05-29T08:39:37.219+0000][6][gc           ] GC(9) Concurrent Cycle 245.098ms
[2020-05-29T08:39:38.313+0000][6][safepoint    ] Safepoint "Cleanup", Time since last: 1096536543 ns, Reaching safepoint: 11923075 ns, At safepoint: 75735 ns, Total: 11998810 ns
[2020-05-29T08:39:40.153+0000][6][safepoint    ] Safepoint "Cleanup", Time since last: 1836839055 ns, Reaching safepoint: 3150795 ns, At safepoint: 45177 ns, Total: 3195972 ns
[2020-05-29T08:39:41.145+0000][6][safepoint    ] Safepoint "Cleanup", Time since last: 1001610796 ns, Reaching safepoint: 11076932 ns, At safepoint: 9713 ns, Total: 11086645 ns
[2020-05-29T08:39:42.798+0000][6][safepoint    ] Safepoint "Cleanup", Time since last: 1651615199 ns, Reaching safepoint: 1311052 ns, At safepoint: 46556 ns, Total: 1357608 ns
[2020-05-29T08:39:43.800+0000][6][safepoint    ] Safepoint "Cleanup", Time since last: 1001126188 ns, Reaching safepoint: 669874 ns, At safepoint: 9439 ns, Total: 679313 ns
[2020-05-29T08:39:45.092+0000][6][safepoint    ] Safepoint "Cleanup", Time since last: 1289921620 ns, Reaching safepoint: 1790106 ns, At safepoint: 12279 ns, Total: 1802385 ns
[2020-05-29T08:39:45.751+0000][6][safepoint    ] Safepoint "BulkRevokeBias", Time since last: 658559406 ns, Reaching safepoint: 436273 ns, At safepoint: 387791 ns, Total: 824064 ns
[2020-05-29T08:39:45.763+0000][6][safepoint    ] Safepoint "BulkRevokeBias", Time since last: 11688366 ns, Reaching safepoint: 134956 ns, At safepoint: 417612 ns, Total: 552568 ns
[2020-05-29T08:39:45.781+0000][6][safepoint    ] Safepoint "BulkRevokeBias", Time since last: 16843910 ns, Reaching safepoint: 251332 ns, At safepoint: 899769 ns, Total: 1151101 ns
[2020-05-29T08:39:46.043+0000][6][safepoint    ] Safepoint "BulkRevokeBias", Time since last: 261045206 ns, Reaching safepoint: 430922 ns, At safepoint: 168912 ns, Total: 599834 ns
[2020-05-29T08:39:46.507+0000][6][gc,start     ] GC(10) Pause Young (Concurrent Start) (G1 Evacuation Pause)
[2020-05-29T08:39:46.516+0000][6][gc,task      ] GC(10) Using 2 workers of 2 for evacuation
[2020-05-29T08:39:46.517+0000][6][gc,age       ] GC(10) Desired survivor size 23592960 bytes, new threshold 2 (max threshold 15)
[2020-05-29T08:39:46.720+0000][6][gc,age       ] GC(10) Age table with threshold 2 (max threshold 15)
[2020-05-29T08:39:46.721+0000][6][gc,age       ] GC(10) - age   1:   10072584 bytes,   10072584 total
[2020-05-29T08:39:46.722+0000][6][gc,age       ] GC(10) - age   2:   23062520 bytes,   33135104 total
[2020-05-29T08:39:46.722+0000][6][gc,mmu       ] GC(10) MMU target violated: 201.0ms (200.0ms/201.0ms)
[2020-05-29T08:39:46.724+0000][6][gc,phases    ] GC(10)   Pre Evacuate Collection Set: 1.0ms
[2020-05-29T08:39:46.725+0000][6][gc,phases    ] GC(10)   Merge Heap Roots: 0.3ms
[2020-05-29T08:39:46.725+0000][6][gc,phases    ] GC(10)   Evacuate Collection Set: 197.5ms
[2020-05-29T08:39:46.726+0000][6][gc,phases    ] GC(10)   Post Evacuate Collection Set: 3.7ms
[2020-05-29T08:39:46.726+0000][6][gc,phases    ] GC(10)   Other: 14.9ms
[2020-05-29T08:39:46.727+0000][6][gc,heap      ] GC(10) Eden regions: 317->0(18)
[2020-05-29T08:39:46.727+0000][6][gc,heap      ] GC(10) Survivor regions: 38->33(45)
[2020-05-29T08:39:46.728+0000][6][gc,heap      ] GC(10) Old regions: 7->22
[2020-05-29T08:39:46.729+0000][6][gc,heap      ] GC(10) Archive regions: 2->2
[2020-05-29T08:39:46.729+0000][6][gc,heap      ] GC(10) Humongous regions: 1->1
[2020-05-29T08:39:46.730+0000][6][gc,metaspace ] GC(10) Metaspace: 54454K(59344K)->54454K(59344K) NonClass: 47004K(50000K)->47004K(50000K) Class: 7449K(9344K)->7449K(9344K)
[2020-05-29T08:39:46.730+0000][6][gc           ] GC(10) Pause Young (Concurrent Start) (G1 Evacuation Pause) 362M->56M(1024M) 223.763ms
[2020-05-29T08:39:46.731+0000][6][gc,cpu       ] GC(10) User=0.36s Sys=0.00s Real=0.22s
[2020-05-29T08:39:46.732+0000][6][safepoint    ] Safepoint "G1CollectForAllocation", Time since last: 463462445 ns, Reaching safepoint: 147999 ns, At safepoint: 224932020 ns, Total: 225080019 ns
[2020-05-29T08:39:46.732+0000][6][gc           ] GC(11) Concurrent Cycle
[2020-05-29T08:39:46.739+0000][6][gc,marking   ] GC(11) Concurrent Clear Claimed Marks
[2020-05-29T08:39:46.740+0000][6][gc,marking   ] GC(11) Concurrent Clear Claimed Marks 0.854ms
[2020-05-29T08:39:46.742+0000][6][gc,marking   ] GC(11) Concurrent Scan Root Regions
[2020-05-29T08:39:46.829+0000][6][gc,marking   ] GC(11) Concurrent Scan Root Regions 86.863ms
[2020-05-29T08:39:46.830+0000][6][gc,marking   ] GC(11) Concurrent Mark (27.245s)
[2020-05-29T08:39:46.830+0000][6][gc,marking   ] GC(11) Concurrent Mark From Roots
[2020-05-29T08:39:46.831+0000][6][gc,task      ] GC(11) Using 1 workers of 1 for marking
[2020-05-29T08:39:46.852+0000][6][gc,marking   ] GC(11) Concurrent Mark From Roots 21.651ms
[2020-05-29T08:39:46.853+0000][6][gc,marking   ] GC(11) Concurrent Preclean
[2020-05-29T08:39:46.853+0000][6][gc,marking   ] GC(11) Concurrent Preclean 0.575ms
[2020-05-29T08:39:46.854+0000][6][gc,marking   ] GC(11) Concurrent Mark (27.245s, 27.269s) 23.864ms
[2020-05-29T08:39:46.855+0000][6][gc,start     ] GC(11) Pause Remark
[2020-05-29T08:39:46.864+0000][6][gc           ] GC(11) Pause Remark 62M->62M(1024M) 8.550ms
[2020-05-29T08:39:46.865+0000][6][gc,cpu       ] GC(11) User=0.02s Sys=0.00s Real=0.01s
[2020-05-29T08:39:46.865+0000][6][safepoint    ] Safepoint "G1Concurrent", Time since last: 122877244 ns, Reaching safepoint: 610786 ns, At safepoint: 10069257 ns, Total: 10680043 ns
[2020-05-29T08:39:46.866+0000][6][gc,marking   ] GC(11) Concurrent Rebuild Remembered Sets
[2020-05-29T08:39:46.894+0000][6][gc,marking   ] GC(11) Concurrent Rebuild Remembered Sets 27.994ms
[2020-05-29T08:39:46.896+0000][6][gc,start     ] GC(11) Pause Cleanup
[2020-05-29T08:39:46.898+0000][6][gc           ] GC(11) Pause Cleanup 65M->65M(1024M) 1.819ms
[2020-05-29T08:39:46.898+0000][6][gc,cpu       ] GC(11) User=0.00s Sys=0.00s Real=0.00s
[2020-05-29T08:39:46.899+0000][6][safepoint    ] Safepoint "G1Concurrent", Time since last: 29140530 ns, Reaching safepoint: 1727963 ns, At safepoint: 3013136 ns, Total: 4741099 ns
[2020-05-29T08:39:46.899+0000][6][gc,marking   ] GC(11) Concurrent Cleanup for Next Mark
[2020-05-29T08:39:46.904+0000][6][gc,marking   ] GC(11) Concurrent Cleanup for Next Mark 4.301ms
[2020-05-29T08:39:46.905+0000][6][gc           ] GC(11) Concurrent Cycle 173.380ms
[2020-05-29T08:39:47.155+0000][6][gc,start     ] GC(12) Pause Young (Normal) (G1 Evacuation Pause)
[2020-05-29T08:39:47.155+0000][6][gc,task      ] GC(12) Using 2 workers of 2 for evacuation
[2020-05-29T08:39:47.156+0000][6][gc,age       ] GC(12) Desired survivor size 3670016 bytes, new threshold 1 (max threshold 15)
[2020-05-29T08:39:47.217+0000][6][gc,age       ] GC(12) Age table with threshold 1 (max threshold 15)
[2020-05-29T08:39:47.218+0000][6][gc,age       ] GC(12) - age   1:     294784 bytes,     294784 total
[2020-05-29T08:39:47.218+0000][6][gc,phases    ] GC(12)   Pre Evacuate Collection Set: 0.4ms
[2020-05-29T08:39:47.219+0000][6][gc,phases    ] GC(12)   Merge Heap Roots: 0.2ms
[2020-05-29T08:39:47.220+0000][6][gc,phases    ] GC(12)   Evacuate Collection Set: 58.2ms
[2020-05-29T08:39:47.220+0000][6][gc,phases    ] GC(12)   Post Evacuate Collection Set: 2.1ms
[2020-05-29T08:39:47.225+0000][6][gc,phases    ] GC(12)   Other: 2.9ms
[2020-05-29T08:39:47.226+0000][6][gc,heap      ] GC(12) Eden regions: 18->0(613)
[2020-05-29T08:39:47.226+0000][6][gc,heap      ] GC(12) Survivor regions: 33->1(7)
[2020-05-29T08:39:47.227+0000][6][gc,heap      ] GC(12) Old regions: 22->54
[2020-05-29T08:39:47.228+0000][6][gc,heap      ] GC(12) Archive regions: 2->2
[2020-05-29T08:39:47.228+0000][6][gc,heap      ] GC(12) Humongous regions: 1->1
[2020-05-29T08:39:47.229+0000][6][gc,metaspace ] GC(12) Metaspace: 55728K(60624K)->55728K(60624K) NonClass: 48083K(51024K)->48083K(51024K) Class: 7645K(9600K)->7645K(9600K)
[2020-05-29T08:39:47.229+0000][6][gc           ] GC(12) Pause Young (Normal) (G1 Evacuation Pause) 74M->56M(1024M) 74.501ms
[2020-05-29T08:39:47.230+0000][6][gc,cpu       ] GC(12) User=0.12s Sys=0.01s Real=0.07s
[2020-05-29T08:39:47.233+0000][6][safepoint    ] Safepoint "G1CollectForAllocation", Time since last: 255353902 ns, Reaching safepoint: 171319 ns, At safepoint: 78405225 ns, Total: 78576544 ns
[2020-05-29T08:39:48.299+0000][6][safepoint    ] Safepoint "Cleanup", Time since last: 1064622217 ns, Reaching safepoint: 1208713 ns, At safepoint: 8253 ns, Total: 1216966 ns
[2020-05-29T08:39:48.639+0000][6][safepoint    ] Safepoint "BulkRevokeBias", Time since last: 339458316 ns, Reaching safepoint: 575852 ns, At safepoint: 173269 ns, Total: 749121 ns
[2020-05-29T08:39:49.684+0000][6][safepoint    ] Safepoint "Cleanup", Time since last: 1043141668 ns, Reaching safepoint: 1745739 ns, At safepoint: 12039 ns, Total: 1757778 ns
[2020-05-29T08:39:50.760+0000][6][safepoint    ] Safepoint "Cleanup", Time since last: 1076075363 ns, Reaching safepoint: 326863 ns, At safepoint: 2606 ns, Total: 329469 ns
[2020-05-29T08:39:51.931+0000][6][safepoint    ] Safepoint "Cleanup", Time since last: 1170376080 ns, Reaching safepoint: 431509 ns, At safepoint: 4336 ns, Total: 435845 ns
[2020-05-29T08:39:52.089+0000][6][safepoint    ] Safepoint "BulkRevokeBias", Time since last: 157912575 ns, Reaching safepoint: 289608 ns, At safepoint: 140400 ns, Total: 430008 ns
[2020-05-29T08:39:53.095+0000][6][safepoint    ] Safepoint "Cleanup", Time since last: 1005054301 ns, Reaching safepoint: 359856 ns, At safepoint: 4763 ns, Total: 364619 ns
[2020-05-29T08:39:53.355+0000][6][safepoint    ] Safepoint "BulkRevokeBias", Time since last: 259250056 ns, Reaching safepoint: 169242 ns, At safepoint: 363531 ns, Total: 532773 ns
[2020-05-29T08:39:53.419+0000][6][safepoint    ] Safepoint "BulkRevokeBias", Time since last: 63780781 ns, Reaching safepoint: 350655 ns, At safepoint: 248795 ns, Total: 599450 ns
[2020-05-29T08:39:54.609+0000][6][safepoint    ] Safepoint "Cleanup", Time since last: 1189903987 ns, Reaching safepoint: 195442 ns, At safepoint: 3524 ns, Total: 198966 ns
[2020-05-29T08:39:55.810+0000][6][safepoint    ] Safepoint "Cleanup", Time since last: 1200955874 ns, Reaching safepoint: 187032 ns, At safepoint: 2902 ns, Total: 189934 ns
[2020-05-29T08:39:56.868+0000][6][safepoint    ] Safepoint "Cleanup", Time since last: 1057320316 ns, Reaching safepoint: 294983 ns, At safepoint: 5007 ns, Total: 299990 ns
[2020-05-29T08:39:57.864+0000][6][safepoint    ] Safepoint "ICBufferFull", Time since last: 995456457 ns, Reaching safepoint: 187814 ns, At safepoint: 5981 ns, Total: 193795 ns
[2020-05-29T08:39:58.469+0000][6][safepoint    ] Safepoint "BulkRevokeBias", Time since last: 604772240 ns, Reaching safepoint: 131734 ns, At safepoint: 156257 ns, Total: 287991 ns
[2020-05-29T08:40:00.230+0000][6][safepoint    ] Safepoint "Cleanup", Time since last: 1761078279 ns, Reaching safepoint: 214946 ns, At safepoint: 2584 ns, Total: 217530 ns
[2020-05-29T08:40:02.233+0000][6][safepoint    ] Safepoint "Cleanup", Time since last: 2002768141 ns, Reaching safepoint: 161507 ns, At safepoint: 6269 ns, Total: 167776 ns
[2020-05-29T08:40:05.240+0000][6][safepoint    ] Safepoint "Cleanup", Time since last: 3007129271 ns, Reaching safepoint: 86583 ns, At safepoint: 2768 ns, Total: 89351 ns
[2020-05-29T08:40:06.241+0000][6][safepoint    ] Safepoint "Cleanup", Time since last: 1001085616 ns, Reaching safepoint: 144709 ns, At safepoint: 4559 ns, Total: 149268 ns
[2020-05-29T08:40:09.244+0000][6][safepoint    ] Safepoint "Cleanup", Time since last: 3002250048 ns, Reaching safepoint: 330741 ns, At safepoint: 5432 ns, Total: 336173 ns
[2020-05-29T08:40:12.137+0000][6][safepoint    ] Safepoint "Cleanup", Time since last: 2915112577 ns, Reaching safepoint: 588280 ns, At safepoint: 6454 ns, Total: 594734 ns
[2020-05-29T08:40:13.234+0000][6][safepoint    ] Safepoint "Cleanup", Time since last: 1089643811 ns, Reaching safepoint: 2391500 ns, At safepoint: 5169004 ns, Total: 7560504 ns
[2020-05-29T08:40:14.236+0000][6][safepoint    ] Safepoint "Cleanup", Time since last: 1002180201 ns, Reaching safepoint: 468082 ns, At safepoint: 14890 ns, Total: 482972 ns
[2020-05-29T08:40:15.241+0000][6][safepoint    ] Safepoint "Cleanup", Time since last: 1004239023 ns, Reaching safepoint: 471579 ns, At safepoint: 14561 ns, Total: 486140 ns
[2020-05-29T08:40:16.243+0000][6][safepoint    ] Safepoint "Cleanup", Time since last: 1001506975 ns, Reaching safepoint: 302711 ns, At safepoint: 9532 ns, Total: 312243 ns
[2020-05-29T08:40:17.248+0000][6][safepoint    ] Safepoint "Cleanup", Time since last: 1004256152 ns, Reaching safepoint: 381567 ns, At safepoint: 11442 ns, Total: 393009 ns
[2020-05-29T08:40:18.250+0000][6][safepoint    ] Safepoint "Cleanup", Time since last: 1001854970 ns, Reaching safepoint: 422741 ns, At safepoint: 22457 ns, Total: 445198 ns
[2020-05-29T08:40:19.252+0000][6][safepoint    ] Safepoint "Cleanup", Time since last: 1002158813 ns, Reaching safepoint: 297376 ns, At safepoint: 12465 ns, Total: 309841 ns
[2020-05-29T08:40:20.257+0000][6][safepoint    ] Safepoint "Cleanup", Time since last: 1004810111 ns, Reaching safepoint: 143262 ns, At safepoint: 3967 ns, Total: 147229 ns
[2020-05-29T08:40:21.262+0000][6][safepoint    ] Safepoint "Cleanup", Time since last: 1004740950 ns, Reaching safepoint: 119017 ns, At safepoint: 2995 ns, Total: 122012 ns
[2020-05-29T08:40:22.265+0000][6][safepoint    ] Safepoint "Cleanup", Time since last: 1002044682 ns, Reaching safepoint: 410979 ns, At safepoint: 11273 ns, Total: 422252 ns
[2020-05-29T08:40:23.266+0000][6][safepoint    ] Safepoint "Cleanup", Time since last: 1001376711 ns, Reaching safepoint: 269610 ns, At safepoint: 16323 ns, Total: 285933 ns
[2020-05-29T08:40:23.849+0000][6][safepoint    ] Safepoint "BulkRevokeBias", Time since last: 581756252 ns, Reaching safepoint: 819768 ns, At safepoint: 316398 ns, Total: 1136166 ns
[2020-05-29T08:40:23.923+0000][6][safepoint    ] Safepoint "BulkRevokeBias", Time since last: 72978519 ns, Reaching safepoint: 368073 ns, At safepoint: 306434 ns, Total: 674507 ns
[2020-05-29T08:40:23.956+0000][6][gc,heap,exit ] Heap
[2020-05-29T08:40:23.957+0000][6][gc,heap,exit ]  garbage-first heap   total 1048576K, used 568648K [0x00000000c0000000, 0x0000000100000000)
[2020-05-29T08:40:23.957+0000][6][gc,heap,exit ]   region size 1024K, 496 young (507904K), 1 survivors (1024K)
[2020-05-29T08:40:23.958+0000][6][gc,heap,exit ]  Metaspace       used 83256K, capacity 89729K, committed 89808K, reserved 1126400K
[2020-05-29T08:40:23.958+0000][6][gc,heap,exit ]   class space    used 11265K, capacity 13938K, committed 13952K, reserved 1048576K
