127.0.0.1 - - [27/May/2020:03:25:31 +0000] "GET / HTTP/1.1" 200 56 "-" "Wget/1.19.4 (linux-gnu)"
172.30.0.1 - - [27/May/2020:03:25:33 +0000] "GET / HTTP/1.1" 200 56 "-" "Mozilla/5.0 (Macintosh; Intel Mac OS X 10_14_6) AppleWebKit/537.36 (KHTML, like Gecko) Chrome/83.0.4103.61 Safari/537.36"
172.30.0.1 - - [27/May/2020:03:25:34 +0000] "GET /favicon.ico HTTP/1.1" 404 209 "http://localhost:8085/" "Mozilla/5.0 (Macintosh; Intel Mac OS X 10_14_6) AppleWebKit/537.36 (KHTML, like Gecko) Chrome/83.0.4103.61 Safari/537.36"
172.30.0.1 - - [27/May/2020:03:25:34 +0000] "GET /zentao/ HTTP/1.1" 200 297 "http://localhost:8085/" "Mozilla/5.0 (Macintosh; Intel Mac OS X 10_14_6) AppleWebKit/537.36 (KHTML, like Gecko) Chrome/83.0.4103.61 Safari/537.36"
172.30.0.1 - - [27/May/2020:03:25:51 +0000] "GET /zentao/ HTTP/1.1" 200 140 "-" "Mozilla/5.0 (Macintosh; Intel Mac OS X 10_14_6) AppleWebKit/537.36 (KHTML, like Gecko) Chrome/83.0.4103.61 Safari/537.36"
172.30.0.1 - - [27/May/2020:03:25:53 +0000] "GET /zentao/user-login-L3plbnRhby8=.html HTTP/1.1" 200 3480 "http://localhost:8085/zentao/" "Mozilla/5.0 (Macintosh; Intel Mac OS X 10_14_6) AppleWebKit/537.36 (KHTML, like Gecko) Chrome/83.0.4103.61 Safari/537.36"
172.30.0.1 - - [27/May/2020:03:25:53 +0000] "GET /zentao/js/md5.js?v=12.3 HTTP/1.1" 200 2411 "http://localhost:8085/zentao/user-login-L3plbnRhby8=.html" "Mozilla/5.0 (Macintosh; Intel Mac OS X 10_14_6) AppleWebKit/537.36 (KHTML, like Gecko) Chrome/83.0.4103.61 Safari/537.36"
172.30.0.1 - - [27/May/2020:03:25:53 +0000] "GET /zentao/theme/default/zh-cn.default.css?v=12.3 HTTP/1.1" 200 36342 "http://localhost:8085/zentao/user-login-L3plbnRhby8=.html" "Mozilla/5.0 (Macintosh; Intel Mac OS X 10_14_6) AppleWebKit/537.36 (KHTML, like Gecko) Chrome/83.0.4103.61 Safari/537.36"
172.30.0.1 - - [27/May/2020:03:25:53 +0000] "GET /zentao/js/all.js?v=12.3 HTTP/1.1" 200 134859 "http://localhost:8085/zentao/user-login-L3plbnRhby8=.html" "Mozilla/5.0 (Macintosh; Intel Mac OS X 10_14_6) AppleWebKit/537.36 (KHTML, like Gecko) Chrome/83.0.4103.61 Safari/537.36"
172.30.0.1 - - [27/May/2020:03:25:54 +0000] "GET /zentao/theme/default/images/main/zt-logo.png HTTP/1.1" 200 8327 "http://localhost:8085/zentao/user-login-L3plbnRhby8=.html" "Mozilla/5.0 (Macintosh; Intel Mac OS X 10_14_6) AppleWebKit/537.36 (KHTML, like Gecko) Chrome/83.0.4103.61 Safari/537.36"
172.30.0.1 - - [27/May/2020:03:25:54 +0000] "GET /zentao/theme/zui/fonts/ZentaoIcon.woff?v=1.1.0 HTTP/1.1" 200 29924 "http://localhost:8085/zentao/theme/default/zh-cn.default.css?v=12.3" "Mozilla/5.0 (Macintosh; Intel Mac OS X 10_14_6) AppleWebKit/537.36 (KHTML, like Gecko) Chrome/83.0.4103.61 Safari/537.36"
172.30.0.1 - - [27/May/2020:03:25:54 +0000] "GET /zentao/cron-ajaxExec-0.html HTTP/1.1" 200 167 "http://localhost:8085/zentao/user-login-L3plbnRhby8=.html" "Mozilla/5.0 (Macintosh; Intel Mac OS X 10_14_6) AppleWebKit/537.36 (KHTML, like Gecko) Chrome/83.0.4103.61 Safari/537.36"
172.30.0.1 - - [27/May/2020:03:25:54 +0000] "GET /zentao/misc-checkUpdate-.html HTTP/1.1" 200 262 "http://localhost:8085/zentao/user-login-L3plbnRhby8=.html" "Mozilla/5.0 (Macintosh; Intel Mac OS X 10_14_6) AppleWebKit/537.36 (KHTML, like Gecko) Chrome/83.0.4103.61 Safari/537.36"
172.30.0.1 - - [27/May/2020:03:25:56 +0000] "GET /zentao/favicon.ico HTTP/1.1" 200 117137 "http://localhost:8085/zentao/user-login-L3plbnRhby8=.html" "Mozilla/5.0 (Macintosh; Intel Mac OS X 10_14_6) AppleWebKit/537.36 (KHTML, like Gecko) Chrome/83.0.4103.61 Safari/537.36"
172.30.0.1 - - [27/May/2020:03:26:07 +0000] "POST /zentao/user-login.html HTTP/1.1" 200 42 "http://localhost:8085/zentao/user-login-L3plbnRhby8=.html" "Mozilla/5.0 (Macintosh; Intel Mac OS X 10_14_6) AppleWebKit/537.36 (KHTML, like Gecko) Chrome/83.0.4103.61 Safari/537.36"
127.0.0.1 - - [27/May/2020:03:26:09 +0000] "GET / HTTP/1.1" 200 56 "-" "Wget/1.19.4 (linux-gnu)"
172.30.0.1 - - [27/May/2020:03:26:08 +0000] "GET /zentao/ HTTP/1.1" 200 131 "http://localhost:8085/zentao/user-login-L3plbnRhby8=.html" "Mozilla/5.0 (Macintosh; Intel Mac OS X 10_14_6) AppleWebKit/537.36 (KHTML, like Gecko) Chrome/83.0.4103.61 Safari/537.36"
172.30.0.1 - - [27/May/2020:03:26:09 +0000] "GET /zentao/my-changepassword.html HTTP/1.1" 200 5280 "http://localhost:8085/zentao/" "Mozilla/5.0 (Macintosh; Intel Mac OS X 10_14_6) AppleWebKit/537.36 (KHTML, like Gecko) Chrome/83.0.4103.61 Safari/537.36"
172.30.0.1 - - [27/May/2020:03:26:10 +0000] "GET /zentao/cron-ajaxExec-0.html HTTP/1.1" 200 131 "http://localhost:8085/zentao/my-changepassword.html" "Mozilla/5.0 (Macintosh; Intel Mac OS X 10_14_6) AppleWebKit/537.36 (KHTML, like Gecko) Chrome/83.0.4103.61 Safari/537.36"
172.30.0.1 - - [27/May/2020:03:26:22 +0000] "GET /zentao/cron-ajaxExec-0.html HTTP/1.1" 200 131 "http://localhost:8085/zentao/user-login-L3plbnRhby8=.html" "Mozilla/5.0 (Macintosh; Intel Mac OS X 10_14_6) AppleWebKit/537.36 (KHTML, like Gecko) Chrome/83.0.4103.61 Safari/537.36"
172.30.0.1 - - [27/May/2020:03:26:28 +0000] "POST /zentao/user-login.html HTTP/1.1" 200 131 "http://localhost:8085/zentao/user-login-L3plbnRhby8=.html" "Mozilla/5.0 (Macintosh; Intel Mac OS X 10_14_6) AppleWebKit/537.36 (KHTML, like Gecko) Chrome/83.0.4103.61 Safari/537.36"
172.30.0.1 - - [27/May/2020:03:26:32 +0000] "POST /zentao/user-login.html HTTP/1.1" 200 131 "http://localhost:8085/zentao/user-login-L3plbnRhby8=.html" "Mozilla/5.0 (Macintosh; Intel Mac OS X 10_14_6) AppleWebKit/537.36 (KHTML, like Gecko) Chrome/83.0.4103.61 Safari/537.36"
172.30.0.1 - - [27/May/2020:03:26:43 +0000] "POST /zentao/user-login.html HTTP/1.1" 200 131 "http://localhost:8085/zentao/user-login-L3plbnRhby8=.html" "Mozilla/5.0 (Macintosh; Intel Mac OS X 10_14_6) AppleWebKit/537.36 (KHTML, like Gecko) Chrome/83.0.4103.61 Safari/537.36"
172.30.0.1 - - [27/May/2020:03:26:50 +0000] "GET / HTTP/1.1" 304 - "-" "Mozilla/5.0 (Macintosh; Intel Mac OS X 10_14_6) AppleWebKit/537.36 (KHTML, like Gecko) Chrome/83.0.4103.61 Safari/537.36"
172.30.0.1 - - [27/May/2020:03:26:50 +0000] "GET /zentao/ HTTP/1.1" 200 131 "http://localhost:8085/" "Mozilla/5.0 (Macintosh; Intel Mac OS X 10_14_6) AppleWebKit/537.36 (KHTML, like Gecko) Chrome/83.0.4103.61 Safari/537.36"
172.30.0.1 - - [27/May/2020:03:26:51 +0000] "GET /zentao/my-changepassword.html HTTP/1.1" 200 5281 "http://localhost:8085/zentao/" "Mozilla/5.0 (Macintosh; Intel Mac OS X 10_14_6) AppleWebKit/537.36 (KHTML, like Gecko) Chrome/83.0.4103.61 Safari/537.36"
172.30.0.1 - - [27/May/2020:03:26:52 +0000] "GET /zentao/cron-ajaxExec-0.html HTTP/1.1" 200 131 "http://localhost:8085/zentao/my-changepassword.html" "Mozilla/5.0 (Macintosh; Intel Mac OS X 10_14_6) AppleWebKit/537.36 (KHTML, like Gecko) Chrome/83.0.4103.61 Safari/537.36"
127.0.0.1 - - [27/May/2020:03:26:54 +0000] "GET / HTTP/1.1" 200 56 "-" "Wget/1.19.4 (linux-gnu)"
172.30.0.1 - - [27/May/2020:03:27:03 +0000] "POST /zentao/my-changepassword.html HTTP/1.1" 200 192 "http://localhost:8085/zentao/my-changepassword.html" "Mozilla/5.0 (Macintosh; Intel Mac OS X 10_14_6) AppleWebKit/537.36 (KHTML, like Gecko) Chrome/83.0.4103.61 Safari/537.36"
127.0.0.1 - - [27/May/2020:03:27:36 +0000] "GET / HTTP/1.1" 200 56 "-" "Wget/1.19.4 (linux-gnu)"
127.0.0.1 - - [27/May/2020:03:27:39 +0000] "GET / HTTP/1.1" 200 56 "-" "Wget/1.19.4 (linux-gnu)"
127.0.0.1 - - [27/May/2020:03:28:06 +0000] "GET / HTTP/1.1" 200 56 "-" "Wget/1.19.4 (linux-gnu)"
127.0.0.1 - - [27/May/2020:03:28:24 +0000] "GET / HTTP/1.1" 200 56 "-" "Wget/1.19.4 (linux-gnu)"
127.0.0.1 - - [27/May/2020:03:28:36 +0000] "GET / HTTP/1.1" 200 56 "-" "Wget/1.19.4 (linux-gnu)"
127.0.0.1 - - [27/May/2020:03:29:06 +0000] "GET / HTTP/1.1" 200 56 "-" "Wget/1.19.4 (linux-gnu)"
127.0.0.1 - - [27/May/2020:03:29:09 +0000] "GET / HTTP/1.1" 200 56 "-" "Wget/1.19.4 (linux-gnu)"
127.0.0.1 - - [27/May/2020:03:29:36 +0000] "GET / HTTP/1.1" 200 56 "-" "Wget/1.19.4 (linux-gnu)"
127.0.0.1 - - [27/May/2020:03:29:54 +0000] "GET / HTTP/1.1" 200 56 "-" "Wget/1.19.4 (linux-gnu)"
127.0.0.1 - - [27/May/2020:03:30:06 +0000] "GET / HTTP/1.1" 200 56 "-" "Wget/1.19.4 (linux-gnu)"
127.0.0.1 - - [27/May/2020:03:30:36 +0000] "GET / HTTP/1.1" 200 56 "-" "Wget/1.19.4 (linux-gnu)"
127.0.0.1 - - [27/May/2020:03:30:40 +0000] "GET / HTTP/1.1" 200 56 "-" "Wget/1.19.4 (linux-gnu)"
127.0.0.1 - - [27/May/2020:03:31:06 +0000] "GET / HTTP/1.1" 200 56 "-" "Wget/1.19.4 (linux-gnu)"
127.0.0.1 - - [27/May/2020:03:31:25 +0000] "GET / HTTP/1.1" 200 56 "-" "Wget/1.19.4 (linux-gnu)"
127.0.0.1 - - [27/May/2020:03:31:36 +0000] "GET / HTTP/1.1" 200 56 "-" "Wget/1.19.4 (linux-gnu)"
172.30.0.1 - - [27/May/2020:03:31:52 +0000] "GET /zentao/message-ajaxGetMessage-1.html HTTP/1.1" 200 131 "http://localhost:8085/zentao/my-changepassword.html" "Mozilla/5.0 (Macintosh; Intel Mac OS X 10_14_6) AppleWebKit/537.36 (KHTML, like Gecko) Chrome/83.0.4103.61 Safari/537.36"
127.0.0.1 - - [27/May/2020:03:32:06 +0000] "GET / HTTP/1.1" 200 56 "-" "Wget/1.19.4 (linux-gnu)"
127.0.0.1 - - [27/May/2020:03:32:10 +0000] "GET / HTTP/1.1" 200 56 "-" "Wget/1.19.4 (linux-gnu)"
127.0.0.1 - - [27/May/2020:03:32:36 +0000] "GET / HTTP/1.1" 200 56 "-" "Wget/1.19.4 (linux-gnu)"
127.0.0.1 - - [27/May/2020:03:32:55 +0000] "GET / HTTP/1.1" 200 56 "-" "Wget/1.19.4 (linux-gnu)"
127.0.0.1 - - [27/May/2020:03:33:06 +0000] "GET / HTTP/1.1" 200 56 "-" "Wget/1.19.4 (linux-gnu)"
127.0.0.1 - - [27/May/2020:03:33:36 +0000] "GET / HTTP/1.1" 200 56 "-" "Wget/1.19.4 (linux-gnu)"
127.0.0.1 - - [27/May/2020:03:33:40 +0000] "GET / HTTP/1.1" 200 56 "-" "Wget/1.19.4 (linux-gnu)"
127.0.0.1 - - [27/May/2020:03:34:06 +0000] "GET / HTTP/1.1" 200 56 "-" "Wget/1.19.4 (linux-gnu)"
127.0.0.1 - - [27/May/2020:03:34:25 +0000] "GET / HTTP/1.1" 200 56 "-" "Wget/1.19.4 (linux-gnu)"
127.0.0.1 - - [27/May/2020:03:34:36 +0000] "GET / HTTP/1.1" 200 56 "-" "Wget/1.19.4 (linux-gnu)"
127.0.0.1 - - [27/May/2020:03:35:06 +0000] "GET / HTTP/1.1" 200 56 "-" "Wget/1.19.4 (linux-gnu)"
127.0.0.1 - - [27/May/2020:03:35:10 +0000] "GET / HTTP/1.1" 200 56 "-" "Wget/1.19.4 (linux-gnu)"
127.0.0.1 - - [27/May/2020:03:35:36 +0000] "GET / HTTP/1.1" 200 56 "-" "Wget/1.19.4 (linux-gnu)"
127.0.0.1 - - [27/May/2020:03:35:55 +0000] "GET / HTTP/1.1" 200 56 "-" "Wget/1.19.4 (linux-gnu)"
127.0.0.1 - - [27/May/2020:03:36:06 +0000] "GET / HTTP/1.1" 200 56 "-" "Wget/1.19.4 (linux-gnu)"
127.0.0.1 - - [27/May/2020:03:36:36 +0000] "GET / HTTP/1.1" 200 56 "-" "Wget/1.19.4 (linux-gnu)"
127.0.0.1 - - [27/May/2020:03:36:40 +0000] "GET / HTTP/1.1" 200 56 "-" "Wget/1.19.4 (linux-gnu)"
172.30.0.1 - - [27/May/2020:03:36:53 +0000] "GET /zentao/message-ajaxGetMessage-1.html HTTP/1.1" 200 131 "http://localhost:8085/zentao/my-changepassword.html" "Mozilla/5.0 (Macintosh; Intel Mac OS X 10_14_6) AppleWebKit/537.36 (KHTML, like Gecko) Chrome/83.0.4103.61 Safari/537.36"
127.0.0.1 - - [27/May/2020:03:37:06 +0000] "GET / HTTP/1.1" 200 56 "-" "Wget/1.19.4 (linux-gnu)"
127.0.0.1 - - [27/May/2020:03:37:25 +0000] "GET / HTTP/1.1" 200 56 "-" "Wget/1.19.4 (linux-gnu)"
127.0.0.1 - - [27/May/2020:03:37:36 +0000] "GET / HTTP/1.1" 200 56 "-" "Wget/1.19.4 (linux-gnu)"
127.0.0.1 - - [27/May/2020:03:38:06 +0000] "GET / HTTP/1.1" 200 56 "-" "Wget/1.19.4 (linux-gnu)"
127.0.0.1 - - [27/May/2020:03:38:11 +0000] "GET / HTTP/1.1" 200 56 "-" "Wget/1.19.4 (linux-gnu)"
127.0.0.1 - - [27/May/2020:03:38:36 +0000] "GET / HTTP/1.1" 200 56 "-" "Wget/1.19.4 (linux-gnu)"
127.0.0.1 - - [27/May/2020:03:38:56 +0000] "GET / HTTP/1.1" 200 56 "-" "Wget/1.19.4 (linux-gnu)"
127.0.0.1 - - [27/May/2020:03:39:06 +0000] "GET / HTTP/1.1" 200 56 "-" "Wget/1.19.4 (linux-gnu)"
127.0.0.1 - - [27/May/2020:03:39:36 +0000] "GET / HTTP/1.1" 200 56 "-" "Wget/1.19.4 (linux-gnu)"
127.0.0.1 - - [27/May/2020:03:39:41 +0000] "GET / HTTP/1.1" 200 56 "-" "Wget/1.19.4 (linux-gnu)"
127.0.0.1 - - [27/May/2020:03:40:06 +0000] "GET / HTTP/1.1" 200 56 "-" "Wget/1.19.4 (linux-gnu)"
127.0.0.1 - - [27/May/2020:03:40:26 +0000] "GET / HTTP/1.1" 200 56 "-" "Wget/1.19.4 (linux-gnu)"
127.0.0.1 - - [27/May/2020:03:40:36 +0000] "GET / HTTP/1.1" 200 56 "-" "Wget/1.19.4 (linux-gnu)"
127.0.0.1 - - [27/May/2020:03:41:06 +0000] "GET / HTTP/1.1" 200 56 "-" "Wget/1.19.4 (linux-gnu)"
127.0.0.1 - - [27/May/2020:03:41:11 +0000] "GET / HTTP/1.1" 200 56 "-" "Wget/1.19.4 (linux-gnu)"
127.0.0.1 - - [27/May/2020:03:41:36 +0000] "GET / HTTP/1.1" 200 56 "-" "Wget/1.19.4 (linux-gnu)"
172.30.0.1 - - [27/May/2020:03:41:53 +0000] "GET /zentao/message-ajaxGetMessage-1.html HTTP/1.1" 200 131 "http://localhost:8085/zentao/my-changepassword.html" "Mozilla/5.0 (Macintosh; Intel Mac OS X 10_14_6) AppleWebKit/537.36 (KHTML, like Gecko) Chrome/83.0.4103.61 Safari/537.36"
127.0.0.1 - - [27/May/2020:03:41:56 +0000] "GET / HTTP/1.1" 200 56 "-" "Wget/1.19.4 (linux-gnu)"
127.0.0.1 - - [27/May/2020:03:42:06 +0000] "GET / HTTP/1.1" 200 56 "-" "Wget/1.19.4 (linux-gnu)"
127.0.0.1 - - [27/May/2020:03:42:36 +0000] "GET / HTTP/1.1" 200 56 "-" "Wget/1.19.4 (linux-gnu)"
127.0.0.1 - - [27/May/2020:03:42:42 +0000] "GET / HTTP/1.1" 200 56 "-" "Wget/1.19.4 (linux-gnu)"
127.0.0.1 - - [27/May/2020:03:43:06 +0000] "GET / HTTP/1.1" 200 56 "-" "Wget/1.19.4 (linux-gnu)"
127.0.0.1 - - [27/May/2020:03:43:27 +0000] "GET / HTTP/1.1" 200 56 "-" "Wget/1.19.4 (linux-gnu)"
127.0.0.1 - - [27/May/2020:03:43:36 +0000] "GET / HTTP/1.1" 200 56 "-" "Wget/1.19.4 (linux-gnu)"
127.0.0.1 - - [27/May/2020:03:44:06 +0000] "GET / HTTP/1.1" 200 56 "-" "Wget/1.19.4 (linux-gnu)"
127.0.0.1 - - [27/May/2020:03:44:12 +0000] "GET / HTTP/1.1" 200 56 "-" "Wget/1.19.4 (linux-gnu)"
127.0.0.1 - - [27/May/2020:03:44:36 +0000] "GET / HTTP/1.1" 200 56 "-" "Wget/1.19.4 (linux-gnu)"
127.0.0.1 - - [27/May/2020:03:44:57 +0000] "GET / HTTP/1.1" 200 56 "-" "Wget/1.19.4 (linux-gnu)"
127.0.0.1 - - [27/May/2020:03:45:06 +0000] "GET / HTTP/1.1" 200 56 "-" "Wget/1.19.4 (linux-gnu)"
127.0.0.1 - - [27/May/2020:03:45:36 +0000] "GET / HTTP/1.1" 200 56 "-" "Wget/1.19.4 (linux-gnu)"
127.0.0.1 - - [27/May/2020:03:45:42 +0000] "GET / HTTP/1.1" 200 56 "-" "Wget/1.19.4 (linux-gnu)"
127.0.0.1 - - [27/May/2020:03:46:05 +0000] "GET / HTTP/1.1" 200 56 "-" "Wget/1.19.4 (linux-gnu)"
172.30.0.1 - - [27/May/2020:03:46:19 +0000] "POST /zentao/my-changepassword.html HTTP/1.1" 200 132 "http://localhost:8085/zentao/my-changepassword.html" "Mozilla/5.0 (Macintosh; Intel Mac OS X 10_14_6) AppleWebKit/537.36 (KHTML, like Gecko) Chrome/83.0.4103.61 Safari/537.36"
172.30.0.1 - - [27/May/2020:03:46:20 +0000] "GET /zentao/my-profile.html HTTP/1.1" 302 - "http://localhost:8085/zentao/my-changepassword.html" "Mozilla/5.0 (Macintosh; Intel Mac OS X 10_14_6) AppleWebKit/537.36 (KHTML, like Gecko) Chrome/83.0.4103.61 Safari/537.36"
172.30.0.1 - - [27/May/2020:03:46:20 +0000] "GET /zentao/custom-flow.html HTTP/1.1" 200 1618 "http://localhost:8085/zentao/my-changepassword.html" "Mozilla/5.0 (Macintosh; Intel Mac OS X 10_14_6) AppleWebKit/537.36 (KHTML, like Gecko) Chrome/83.0.4103.61 Safari/537.36"
172.30.0.1 - - [27/May/2020:03:46:26 +0000] "POST /zentao/custom-flow.html HTTP/1.1" 200 254 "http://localhost:8085/zentao/custom-flow.html" "Mozilla/5.0 (Macintosh; Intel Mac OS X 10_14_6) AppleWebKit/537.36 (KHTML, like Gecko) Chrome/83.0.4103.61 Safari/537.36"
127.0.0.1 - - [27/May/2020:03:46:27 +0000] "GET / HTTP/1.1" 200 56 "-" "Wget/1.19.4 (linux-gnu)"
172.30.0.1 - - [27/May/2020:03:46:29 +0000] "GET /zentao/my/ HTTP/1.1" 200 3407 "http://localhost:8085/zentao/custom-flow.html" "Mozilla/5.0 (Macintosh; Intel Mac OS X 10_14_6) AppleWebKit/537.36 (KHTML, like Gecko) Chrome/83.0.4103.61 Safari/537.36"
172.30.0.1 - - [27/May/2020:03:46:30 +0000] "GET /zentao/my/ HTTP/1.1" 200 14549 "http://localhost:8085/zentao/my/" "Mozilla/5.0 (Macintosh; Intel Mac OS X 10_14_6) AppleWebKit/537.36 (KHTML, like Gecko) Chrome/83.0.4103.61 Safari/537.36"
172.30.0.1 - - [27/May/2020:03:46:33 +0000] "GET /zentao/js/jquery/tablesorter/min.js?v=12.3 HTTP/1.1" 200 11028 "http://localhost:8085/zentao/my/" "Mozilla/5.0 (Macintosh; Intel Mac OS X 10_14_6) AppleWebKit/537.36 (KHTML, like Gecko) Chrome/83.0.4103.61 Safari/537.36"
172.30.0.1 - - [27/May/2020:03:46:33 +0000] "GET /zentao/js/jquery/tablesorter/metadata.js?v=12.3 HTTP/1.1" 200 1522 "http://localhost:8085/zentao/my/" "Mozilla/5.0 (Macintosh; Intel Mac OS X 10_14_6) AppleWebKit/537.36 (KHTML, like Gecko) Chrome/83.0.4103.61 Safari/537.36"
127.0.0.1 - - [27/May/2020:03:46:35 +0000] "GET / HTTP/1.1" 200 56 "-" "Wget/1.19.4 (linux-gnu)"
172.30.0.1 - - [27/May/2020:03:46:39 +0000] "GET /zentao/user-logout.html HTTP/1.1" 302 - "http://localhost:8085/zentao/my/" "Mozilla/5.0 (Macintosh; Intel Mac OS X 10_14_6) AppleWebKit/537.36 (KHTML, like Gecko) Chrome/83.0.4103.61 Safari/537.36"
172.30.0.1 - - [27/May/2020:03:46:40 +0000] "GET /zentao/user-login.html HTTP/1.1" 200 3470 "http://localhost:8085/zentao/my/" "Mozilla/5.0 (Macintosh; Intel Mac OS X 10_14_6) AppleWebKit/537.36 (KHTML, like Gecko) Chrome/83.0.4103.61 Safari/537.36"
172.30.0.1 - - [27/May/2020:03:46:41 +0000] "GET /zentao/misc-checkUpdate-.html HTTP/1.1" 200 262 "http://localhost:8085/zentao/user-login.html" "Mozilla/5.0 (Macintosh; Intel Mac OS X 10_14_6) AppleWebKit/537.36 (KHTML, like Gecko) Chrome/83.0.4103.61 Safari/537.36"
172.30.0.1 - - [27/May/2020:03:46:50 +0000] "POST /zentao/user-login.html HTTP/1.1" 200 139 "http://localhost:8085/zentao/user-login.html" "Mozilla/5.0 (Macintosh; Intel Mac OS X 10_14_6) AppleWebKit/537.36 (KHTML, like Gecko) Chrome/83.0.4103.61 Safari/537.36"
127.0.0.1 - - [27/May/2020:03:47:05 +0000] "GET / HTTP/1.1" 200 56 "-" "Wget/1.19.4 (linux-gnu)"
127.0.0.1 - - [27/May/2020:03:47:12 +0000] "GET / HTTP/1.1" 200 56 "-" "Wget/1.19.4 (linux-gnu)"
127.0.0.1 - - [27/May/2020:03:47:35 +0000] "GET / HTTP/1.1" 200 56 "-" "Wget/1.19.4 (linux-gnu)"
127.0.0.1 - - [27/May/2020:03:47:57 +0000] "GET / HTTP/1.1" 200 56 "-" "Wget/1.19.4 (linux-gnu)"
127.0.0.1 - - [27/May/2020:03:48:05 +0000] "GET / HTTP/1.1" 200 56 "-" "Wget/1.19.4 (linux-gnu)"
127.0.0.1 - - [27/May/2020:03:48:35 +0000] "GET / HTTP/1.1" 200 56 "-" "Wget/1.19.4 (linux-gnu)"
127.0.0.1 - - [27/May/2020:03:48:42 +0000] "GET / HTTP/1.1" 200 56 "-" "Wget/1.19.4 (linux-gnu)"
127.0.0.1 - - [27/May/2020:03:49:05 +0000] "GET / HTTP/1.1" 200 56 "-" "Wget/1.19.4 (linux-gnu)"
127.0.0.1 - - [27/May/2020:03:49:28 +0000] "GET / HTTP/1.1" 200 56 "-" "Wget/1.19.4 (linux-gnu)"
127.0.0.1 - - [27/May/2020:03:49:35 +0000] "GET / HTTP/1.1" 200 56 "-" "Wget/1.19.4 (linux-gnu)"
127.0.0.1 - - [27/May/2020:03:50:05 +0000] "GET / HTTP/1.1" 200 56 "-" "Wget/1.19.4 (linux-gnu)"
127.0.0.1 - - [27/May/2020:03:50:13 +0000] "GET / HTTP/1.1" 200 56 "-" "Wget/1.19.4 (linux-gnu)"
127.0.0.1 - - [27/May/2020:03:50:35 +0000] "GET / HTTP/1.1" 200 56 "-" "Wget/1.19.4 (linux-gnu)"
172.30.0.1 - - [27/May/2020:03:50:43 +0000] "POST /zentao/user-login.html HTTP/1.1" 200 42 "http://localhost:8085/zentao/user-login.html" "Mozilla/5.0 (Macintosh; Intel Mac OS X 10_14_6) AppleWebKit/537.36 (KHTML, like Gecko) Chrome/83.0.4103.61 Safari/537.36"
172.30.0.1 - - [27/May/2020:03:50:44 +0000] "GET /zentao/ HTTP/1.1" 302 - "http://localhost:8085/zentao/user-login.html" "Mozilla/5.0 (Macintosh; Intel Mac OS X 10_14_6) AppleWebKit/537.36 (KHTML, like Gecko) Chrome/83.0.4103.61 Safari/537.36"
172.30.0.1 - - [27/May/2020:03:50:45 +0000] "GET /zentao/my/ HTTP/1.1" 200 14565 "http://localhost:8085/zentao/user-login.html" "Mozilla/5.0 (Macintosh; Intel Mac OS X 10_14_6) AppleWebKit/537.36 (KHTML, like Gecko) Chrome/83.0.4103.61 Safari/537.36"
127.0.0.1 - - [27/May/2020:03:50:58 +0000] "GET / HTTP/1.1" 200 56 "-" "Wget/1.19.4 (linux-gnu)"
127.0.0.1 - - [27/May/2020:03:51:05 +0000] "GET / HTTP/1.1" 200 56 "-" "Wget/1.19.4 (linux-gnu)"
172.30.0.1 - - [27/May/2020:03:51:17 +0000] "GET /zentao/admin/ HTTP/1.1" 200 5213 "http://localhost:8085/zentao/my/" "Mozilla/5.0 (Macintosh; Intel Mac OS X 10_14_6) AppleWebKit/537.36 (KHTML, like Gecko) Chrome/83.0.4103.61 Safari/537.36"
172.30.0.1 - - [27/May/2020:03:51:18 +0000] "GET /zentao/theme/default/images/main/chanzhi.ico HTTP/1.1" 200 5619 "http://localhost:8085/zentao/admin/" "Mozilla/5.0 (Macintosh; Intel Mac OS X 10_14_6) AppleWebKit/537.36 (KHTML, like Gecko) Chrome/83.0.4103.61 Safari/537.36"
172.30.0.1 - - [27/May/2020:03:51:18 +0000] "GET /zentao/theme/default/images/main/ranzhi.ico HTTP/1.1" 200 3776 "http://localhost:8085/zentao/admin/" "Mozilla/5.0 (Macintosh; Intel Mac OS X 10_14_6) AppleWebKit/537.36 (KHTML, like Gecko) Chrome/83.0.4103.61 Safari/537.36"
172.30.0.1 - - [27/May/2020:03:51:18 +0000] "GET /zentao/theme/default/images/main/xuanxuan.ico HTTP/1.1" 200 2818 "http://localhost:8085/zentao/admin/" "Mozilla/5.0 (Macintosh; Intel Mac OS X 10_14_6) AppleWebKit/537.36 (KHTML, like Gecko) Chrome/83.0.4103.61 Safari/537.36"
172.30.0.1 - - [27/May/2020:03:51:18 +0000] "GET /zentao/theme/default/images/main/ydisk.ico HTTP/1.1" 200 3068 "http://localhost:8085/zentao/admin/" "Mozilla/5.0 (Macintosh; Intel Mac OS X 10_14_6) AppleWebKit/537.36 (KHTML, like Gecko) Chrome/83.0.4103.61 Safari/537.36"
172.30.0.1 - - [27/May/2020:03:51:18 +0000] "GET /zentao/theme/default/images/main/meshiot.ico HTTP/1.1" 200 1852 "http://localhost:8085/zentao/admin/" "Mozilla/5.0 (Macintosh; Intel Mac OS X 10_14_6) AppleWebKit/537.36 (KHTML, like Gecko) Chrome/83.0.4103.61 Safari/537.36"
172.30.0.1 - - [27/May/2020:03:51:30 +0000] "GET /zentao/admin/ HTTP/1.1" 200 5213 "http://localhost:8085/zentao/admin/" "Mozilla/5.0 (Macintosh; Intel Mac OS X 10_14_6) AppleWebKit/537.36 (KHTML, like Gecko) Chrome/83.0.4103.61 Safari/537.36"
172.30.0.1 - - [27/May/2020:03:51:31 +0000] "GET /zentao/my/ HTTP/1.1" 200 14564 "http://localhost:8085/zentao/admin/" "Mozilla/5.0 (Macintosh; Intel Mac OS X 10_14_6) AppleWebKit/537.36 (KHTML, like Gecko) Chrome/83.0.4103.61 Safari/537.36"
127.0.0.1 - - [27/May/2020:03:51:35 +0000] "GET / HTTP/1.1" 200 56 "-" "Wget/1.19.4 (linux-gnu)"
127.0.0.1 - - [27/May/2020:03:51:43 +0000] "GET / HTTP/1.1" 200 56 "-" "Wget/1.19.4 (linux-gnu)"
127.0.0.1 - - [27/May/2020:03:52:05 +0000] "GET / HTTP/1.1" 200 56 "-" "Wget/1.19.4 (linux-gnu)"
172.30.0.1 - - [27/May/2020:03:52:08 +0000] "GET /zentao/my-changepassword.html?onlybody=yes HTTP/1.1" 200 2586 "http://localhost:8085/zentao/my/" "Mozilla/5.0 (Macintosh; Intel Mac OS X 10_14_6) AppleWebKit/537.36 (KHTML, like Gecko) Chrome/83.0.4103.61 Safari/537.36"
172.30.0.1 - - [27/May/2020:03:52:16 +0000] "GET /zentao/repo-browse.html HTTP/1.1" 200 127 "http://localhost:8085/zentao/my/" "Mozilla/5.0 (Macintosh; Intel Mac OS X 10_14_6) AppleWebKit/537.36 (KHTML, like Gecko) Chrome/83.0.4103.61 Safari/537.36"
172.30.0.1 - - [27/May/2020:03:52:16 +0000] "GET /zentao/repo-create.html HTTP/1.1" 200 9831 "http://localhost:8085/zentao/repo-browse.html" "Mozilla/5.0 (Macintosh; Intel Mac OS X 10_14_6) AppleWebKit/537.36 (KHTML, like Gecko) Chrome/83.0.4103.61 Safari/537.36"
172.30.0.1 - - [27/May/2020:03:52:17 +0000] "GET /zentao/js/kindeditor/lang/zh_CN.js?v=12.3 HTTP/1.1" 200 3125 "http://localhost:8085/zentao/repo-create.html" "Mozilla/5.0 (Macintosh; Intel Mac OS X 10_14_6) AppleWebKit/537.36 (KHTML, like Gecko) Chrome/83.0.4103.61 Safari/537.36"
172.30.0.1 - - [27/May/2020:03:52:17 +0000] "GET /zentao/js/kindeditor/kindeditor.min.js?v=12.3 HTTP/1.1" 200 59798 "http://localhost:8085/zentao/repo-create.html" "Mozilla/5.0 (Macintosh; Intel Mac OS X 10_14_6) AppleWebKit/537.36 (KHTML, like Gecko) Chrome/83.0.4103.61 Safari/537.36"
172.30.0.1 - - [27/May/2020:03:52:18 +0000] "GET /zentao/theme/zui/css/min.css HTTP/1.1" 200 36500 "http://localhost:8085/zentao/repo-create.html" "Mozilla/5.0 (Macintosh; Intel Mac OS X 10_14_6) AppleWebKit/537.36 (KHTML, like Gecko) Chrome/83.0.4103.61 Safari/537.36"
172.30.0.1 - - [27/May/2020:03:52:18 +0000] "GET /zentao/js/kindeditor//kindeditor.min.css HTTP/1.1" 200 3785 "http://localhost:8085/zentao/repo-create.html" "Mozilla/5.0 (Macintosh; Intel Mac OS X 10_14_6) AppleWebKit/537.36 (KHTML, like Gecko) Chrome/83.0.4103.61 Safari/537.36"
172.30.0.1 - - [27/May/2020:03:52:18 +0000] "GET /zentao/js/kindeditor//themes/default/default.png HTTP/1.1" 200 6955 "http://localhost:8085/zentao/js/kindeditor//kindeditor.min.css" "Mozilla/5.0 (Macintosh; Intel Mac OS X 10_14_6) AppleWebKit/537.36 (KHTML, like Gecko) Chrome/83.0.4103.61 Safari/537.36"
172.30.0.1 - - [27/May/2020:03:52:22 +0000] "GET /zentao/my/ HTTP/1.1" 200 14563 "http://localhost:8085/zentao/repo-create.html" "Mozilla/5.0 (Macintosh; Intel Mac OS X 10_14_6) AppleWebKit/537.36 (KHTML, like Gecko) Chrome/83.0.4103.61 Safari/537.36"
127.0.0.1 - - [27/May/2020:03:52:28 +0000] "GET / HTTP/1.1" 200 56 "-" "Wget/1.19.4 (linux-gnu)"
127.0.0.1 - - [27/May/2020:03:52:35 +0000] "GET / HTTP/1.1" 200 56 "-" "Wget/1.19.4 (linux-gnu)"
127.0.0.1 - - [27/May/2020:03:53:05 +0000] "GET / HTTP/1.1" 200 56 "-" "Wget/1.19.4 (linux-gnu)"
127.0.0.1 - - [27/May/2020:03:53:13 +0000] "GET / HTTP/1.1" 200 56 "-" "Wget/1.19.4 (linux-gnu)"
127.0.0.1 - - [27/May/2020:03:53:35 +0000] "GET / HTTP/1.1" 200 56 "-" "Wget/1.19.4 (linux-gnu)"
127.0.0.1 - - [27/May/2020:03:53:58 +0000] "GET / HTTP/1.1" 200 56 "-" "Wget/1.19.4 (linux-gnu)"
127.0.0.1 - - [27/May/2020:03:54:05 +0000] "GET / HTTP/1.1" 200 56 "-" "Wget/1.19.4 (linux-gnu)"
127.0.0.1 - - [27/May/2020:03:54:35 +0000] "GET / HTTP/1.1" 200 56 "-" "Wget/1.19.4 (linux-gnu)"
127.0.0.1 - - [27/May/2020:03:54:43 +0000] "GET / HTTP/1.1" 200 56 "-" "Wget/1.19.4 (linux-gnu)"
127.0.0.1 - - [27/May/2020:03:55:05 +0000] "GET / HTTP/1.1" 200 56 "-" "Wget/1.19.4 (linux-gnu)"
127.0.0.1 - - [27/May/2020:03:55:29 +0000] "GET / HTTP/1.1" 200 56 "-" "Wget/1.19.4 (linux-gnu)"
127.0.0.1 - - [27/May/2020:03:55:35 +0000] "GET / HTTP/1.1" 200 56 "-" "Wget/1.19.4 (linux-gnu)"
127.0.0.1 - - [27/May/2020:03:56:05 +0000] "GET / HTTP/1.1" 200 56 "-" "Wget/1.19.4 (linux-gnu)"
127.0.0.1 - - [27/May/2020:03:56:14 +0000] "GET / HTTP/1.1" 200 56 "-" "Wget/1.19.4 (linux-gnu)"
172.30.0.1 - - [27/May/2020:03:56:34 +0000] "GET /zentao/bug-view-%E6%95%B0%E6%8D%AE%E5%BA%93.html HTTP/1.1" 302 - "http://localhost:8085/zentao/my/" "Mozilla/5.0 (Macintosh; Intel Mac OS X 10_14_6) AppleWebKit/537.36 (KHTML, like Gecko) Chrome/83.0.4103.61 Safari/537.36"
127.0.0.1 - - [27/May/2020:03:56:35 +0000] "GET / HTTP/1.1" 200 56 "-" "Wget/1.19.4 (linux-gnu)"
172.30.0.1 - - [27/May/2020:03:56:35 +0000] "GET /zentao/product-showErrorNone-bug.html HTTP/1.1" 200 4082 "http://localhost:8085/zentao/my/" "Mozilla/5.0 (Macintosh; Intel Mac OS X 10_14_6) AppleWebKit/537.36 (KHTML, like Gecko) Chrome/83.0.4103.61 Safari/537.36"
172.30.0.1 - - [27/May/2020:03:56:41 +0000] "GET /zentao/product-showErrorNone-bug.html HTTP/1.1" 200 4082 "-" "Mozilla/5.0 (Macintosh; Intel Mac OS X 10_14_6) AppleWebKit/537.36 (KHTML, like Gecko) Chrome/83.0.4103.61 Safari/537.36"
172.30.0.1 - - [27/May/2020:03:56:47 +0000] "GET /zentao/mysql HTTP/1.1" 200 300 "-" "Mozilla/5.0 (Macintosh; Intel Mac OS X 10_14_6) AppleWebKit/537.36 (KHTML, like Gecko) Chrome/83.0.4103.61 Safari/537.36"
172.30.0.1 - - [27/May/2020:03:56:56 +0000] "GET / HTTP/1.1" 304 - "-" "Mozilla/5.0 (Macintosh; Intel Mac OS X 10_14_6) AppleWebKit/537.36 (KHTML, like Gecko) Chrome/83.0.4103.61 Safari/537.36"
172.30.0.1 - - [27/May/2020:03:56:57 +0000] "GET /zentao/ HTTP/1.1" 302 - "http://localhost:8085/" "Mozilla/5.0 (Macintosh; Intel Mac OS X 10_14_6) AppleWebKit/537.36 (KHTML, like Gecko) Chrome/83.0.4103.61 Safari/537.36"
127.0.0.1 - - [27/May/2020:03:56:59 +0000] "GET / HTTP/1.1" 200 56 "-" "Wget/1.19.4 (linux-gnu)"
172.30.0.1 - - [27/May/2020:03:56:58 +0000] "GET /zentao/my/ HTTP/1.1" 200 14564 "http://localhost:8085/" "Mozilla/5.0 (Macintosh; Intel Mac OS X 10_14_6) AppleWebKit/537.36 (KHTML, like Gecko) Chrome/83.0.4103.61 Safari/537.36"
127.0.0.1 - - [27/May/2020:03:57:05 +0000] "GET / HTTP/1.1" 200 56 "-" "Wget/1.19.4 (linux-gnu)"
127.0.0.1 - - [27/May/2020:03:57:35 +0000] "GET / HTTP/1.1" 200 56 "-" "Wget/1.19.4 (linux-gnu)"
127.0.0.1 - - [27/May/2020:03:57:44 +0000] "GET / HTTP/1.1" 200 56 "-" "Wget/1.19.4 (linux-gnu)"
127.0.0.1 - - [27/May/2020:03:58:05 +0000] "GET / HTTP/1.1" 200 56 "-" "Wget/1.19.4 (linux-gnu)"
127.0.0.1 - - [27/May/2020:03:58:29 +0000] "GET / HTTP/1.1" 200 56 "-" "Wget/1.19.4 (linux-gnu)"
127.0.0.1 - - [27/May/2020:03:58:35 +0000] "GET / HTTP/1.1" 200 56 "-" "Wget/1.19.4 (linux-gnu)"
127.0.0.1 - - [27/May/2020:03:59:05 +0000] "GET / HTTP/1.1" 200 56 "-" "Wget/1.19.4 (linux-gnu)"
127.0.0.1 - - [27/May/2020:03:59:14 +0000] "GET / HTTP/1.1" 200 56 "-" "Wget/1.19.4 (linux-gnu)"
127.0.0.1 - - [27/May/2020:03:59:35 +0000] "GET / HTTP/1.1" 200 56 "-" "Wget/1.19.4 (linux-gnu)"
127.0.0.1 - - [27/May/2020:04:00:00 +0000] "GET / HTTP/1.1" 200 56 "-" "Wget/1.19.4 (linux-gnu)"
127.0.0.1 - - [27/May/2020:04:00:05 +0000] "GET / HTTP/1.1" 200 56 "-" "Wget/1.19.4 (linux-gnu)"
127.0.0.1 - - [27/May/2020:04:00:35 +0000] "GET / HTTP/1.1" 200 56 "-" "Wget/1.19.4 (linux-gnu)"
127.0.0.1 - - [27/May/2020:04:00:45 +0000] "GET / HTTP/1.1" 200 56 "-" "Wget/1.19.4 (linux-gnu)"
127.0.0.1 - - [27/May/2020:04:01:05 +0000] "GET / HTTP/1.1" 200 56 "-" "Wget/1.19.4 (linux-gnu)"
127.0.0.1 - - [27/May/2020:04:01:30 +0000] "GET / HTTP/1.1" 200 56 "-" "Wget/1.19.4 (linux-gnu)"
127.0.0.1 - - [27/May/2020:04:01:35 +0000] "GET / HTTP/1.1" 200 56 "-" "Wget/1.19.4 (linux-gnu)"
172.30.0.1 - - [27/May/2020:04:02:02 +0000] "GET /zentao/message-ajaxGetMessage-1.html HTTP/1.1" 200 - "http://localhost:8085/zentao/my/" "Mozilla/5.0 (Macintosh; Intel Mac OS X 10_14_6) AppleWebKit/537.36 (KHTML, like Gecko) Chrome/83.0.4103.61 Safari/537.36"
127.0.0.1 - - [27/May/2020:04:02:05 +0000] "GET / HTTP/1.1" 200 56 "-" "Wget/1.19.4 (linux-gnu)"
127.0.0.1 - - [27/May/2020:04:02:15 +0000] "GET / HTTP/1.1" 200 56 "-" "Wget/1.19.4 (linux-gnu)"
127.0.0.1 - - [27/May/2020:04:02:35 +0000] "GET / HTTP/1.1" 200 56 "-" "Wget/1.19.4 (linux-gnu)"
127.0.0.1 - - [27/May/2020:04:03:00 +0000] "GET / HTTP/1.1" 200 56 "-" "Wget/1.19.4 (linux-gnu)"
127.0.0.1 - - [27/May/2020:04:03:05 +0000] "GET / HTTP/1.1" 200 56 "-" "Wget/1.19.4 (linux-gnu)"
127.0.0.1 - - [27/May/2020:04:03:35 +0000] "GET / HTTP/1.1" 200 56 "-" "Wget/1.19.4 (linux-gnu)"
127.0.0.1 - - [27/May/2020:04:03:45 +0000] "GET / HTTP/1.1" 200 56 "-" "Wget/1.19.4 (linux-gnu)"
127.0.0.1 - - [27/May/2020:04:04:05 +0000] "GET / HTTP/1.1" 200 56 "-" "Wget/1.19.4 (linux-gnu)"
127.0.0.1 - - [27/May/2020:04:04:30 +0000] "GET / HTTP/1.1" 200 56 "-" "Wget/1.19.4 (linux-gnu)"
127.0.0.1 - - [27/May/2020:04:04:35 +0000] "GET / HTTP/1.1" 200 56 "-" "Wget/1.19.4 (linux-gnu)"
127.0.0.1 - - [27/May/2020:04:05:05 +0000] "GET / HTTP/1.1" 200 56 "-" "Wget/1.19.4 (linux-gnu)"
127.0.0.1 - - [27/May/2020:04:05:15 +0000] "GET / HTTP/1.1" 200 56 "-" "Wget/1.19.4 (linux-gnu)"
127.0.0.1 - - [27/May/2020:04:05:35 +0000] "GET / HTTP/1.1" 200 56 "-" "Wget/1.19.4 (linux-gnu)"
127.0.0.1 - - [27/May/2020:04:06:00 +0000] "GET / HTTP/1.1" 200 56 "-" "Wget/1.19.4 (linux-gnu)"
127.0.0.1 - - [27/May/2020:04:06:05 +0000] "GET / HTTP/1.1" 200 56 "-" "Wget/1.19.4 (linux-gnu)"
127.0.0.1 - - [27/May/2020:04:06:35 +0000] "GET / HTTP/1.1" 200 56 "-" "Wget/1.19.4 (linux-gnu)"
127.0.0.1 - - [27/May/2020:04:06:45 +0000] "GET / HTTP/1.1" 200 56 "-" "Wget/1.19.4 (linux-gnu)"
172.30.0.1 - - [27/May/2020:04:07:04 +0000] "GET /zentao/message-ajaxGetMessage-1.html HTTP/1.1" 200 - "http://localhost:8085/zentao/my/" "Mozilla/5.0 (Macintosh; Intel Mac OS X 10_14_6) AppleWebKit/537.36 (KHTML, like Gecko) Chrome/83.0.4103.61 Safari/537.36"
127.0.0.1 - - [27/May/2020:04:07:05 +0000] "GET / HTTP/1.1" 200 56 "-" "Wget/1.19.4 (linux-gnu)"
127.0.0.1 - - [27/May/2020:04:07:31 +0000] "GET / HTTP/1.1" 200 56 "-" "Wget/1.19.4 (linux-gnu)"
127.0.0.1 - - [27/May/2020:04:07:35 +0000] "GET / HTTP/1.1" 200 56 "-" "Wget/1.19.4 (linux-gnu)"
127.0.0.1 - - [27/May/2020:04:08:05 +0000] "GET / HTTP/1.1" 200 56 "-" "Wget/1.19.4 (linux-gnu)"
127.0.0.1 - - [27/May/2020:04:08:16 +0000] "GET / HTTP/1.1" 200 56 "-" "Wget/1.19.4 (linux-gnu)"
127.0.0.1 - - [27/May/2020:04:08:35 +0000] "GET / HTTP/1.1" 200 56 "-" "Wget/1.19.4 (linux-gnu)"
127.0.0.1 - - [27/May/2020:04:09:01 +0000] "GET / HTTP/1.1" 200 56 "-" "Wget/1.19.4 (linux-gnu)"
127.0.0.1 - - [27/May/2020:04:09:05 +0000] "GET / HTTP/1.1" 200 56 "-" "Wget/1.19.4 (linux-gnu)"
127.0.0.1 - - [27/May/2020:04:09:35 +0000] "GET / HTTP/1.1" 200 56 "-" "Wget/1.19.4 (linux-gnu)"
127.0.0.1 - - [27/May/2020:04:09:46 +0000] "GET / HTTP/1.1" 200 56 "-" "Wget/1.19.4 (linux-gnu)"
127.0.0.1 - - [27/May/2020:04:10:05 +0000] "GET / HTTP/1.1" 200 56 "-" "Wget/1.19.4 (linux-gnu)"
127.0.0.1 - - [27/May/2020:04:10:31 +0000] "GET / HTTP/1.1" 200 56 "-" "Wget/1.19.4 (linux-gnu)"
127.0.0.1 - - [27/May/2020:04:10:35 +0000] "GET / HTTP/1.1" 200 56 "-" "Wget/1.19.4 (linux-gnu)"
127.0.0.1 - - [27/May/2020:04:11:05 +0000] "GET / HTTP/1.1" 200 56 "-" "Wget/1.19.4 (linux-gnu)"
127.0.0.1 - - [27/May/2020:04:11:16 +0000] "GET / HTTP/1.1" 200 56 "-" "Wget/1.19.4 (linux-gnu)"
127.0.0.1 - - [27/May/2020:04:11:35 +0000] "GET / HTTP/1.1" 200 56 "-" "Wget/1.19.4 (linux-gnu)"
127.0.0.1 - - [27/May/2020:04:12:01 +0000] "GET / HTTP/1.1" 200 56 "-" "Wget/1.19.4 (linux-gnu)"
172.30.0.1 - - [27/May/2020:04:12:02 +0000] "GET /zentao/message-ajaxGetMessage-1.html HTTP/1.1" 200 - "http://localhost:8085/zentao/my/" "Mozilla/5.0 (Macintosh; Intel Mac OS X 10_14_6) AppleWebKit/537.36 (KHTML, like Gecko) Chrome/83.0.4103.61 Safari/537.36"
127.0.0.1 - - [27/May/2020:04:12:05 +0000] "GET / HTTP/1.1" 200 56 "-" "Wget/1.19.4 (linux-gnu)"
127.0.0.1 - - [27/May/2020:04:12:35 +0000] "GET / HTTP/1.1" 200 56 "-" "Wget/1.19.4 (linux-gnu)"
127.0.0.1 - - [27/May/2020:04:12:46 +0000] "GET / HTTP/1.1" 200 56 "-" "Wget/1.19.4 (linux-gnu)"
127.0.0.1 - - [27/May/2020:04:13:05 +0000] "GET / HTTP/1.1" 200 56 "-" "Wget/1.19.4 (linux-gnu)"
127.0.0.1 - - [27/May/2020:04:13:31 +0000] "GET / HTTP/1.1" 200 56 "-" "Wget/1.19.4 (linux-gnu)"
127.0.0.1 - - [27/May/2020:04:13:35 +0000] "GET / HTTP/1.1" 200 56 "-" "Wget/1.19.4 (linux-gnu)"
127.0.0.1 - - [27/May/2020:04:14:05 +0000] "GET / HTTP/1.1" 200 56 "-" "Wget/1.19.4 (linux-gnu)"
127.0.0.1 - - [27/May/2020:04:14:16 +0000] "GET / HTTP/1.1" 200 56 "-" "Wget/1.19.4 (linux-gnu)"
127.0.0.1 - - [27/May/2020:04:14:35 +0000] "GET / HTTP/1.1" 200 56 "-" "Wget/1.19.4 (linux-gnu)"
127.0.0.1 - - [27/May/2020:04:15:02 +0000] "GET / HTTP/1.1" 200 56 "-" "Wget/1.19.4 (linux-gnu)"
127.0.0.1 - - [27/May/2020:04:15:05 +0000] "GET / HTTP/1.1" 200 56 "-" "Wget/1.19.4 (linux-gnu)"
127.0.0.1 - - [27/May/2020:04:15:35 +0000] "GET / HTTP/1.1" 200 56 "-" "Wget/1.19.4 (linux-gnu)"
127.0.0.1 - - [27/May/2020:04:15:47 +0000] "GET / HTTP/1.1" 200 56 "-" "Wget/1.19.4 (linux-gnu)"
127.0.0.1 - - [27/May/2020:04:16:05 +0000] "GET / HTTP/1.1" 200 56 "-" "Wget/1.19.4 (linux-gnu)"
127.0.0.1 - - [27/May/2020:04:16:32 +0000] "GET / HTTP/1.1" 200 56 "-" "Wget/1.19.4 (linux-gnu)"
127.0.0.1 - - [27/May/2020:04:16:35 +0000] "GET / HTTP/1.1" 200 56 "-" "Wget/1.19.4 (linux-gnu)"
172.30.0.1 - - [27/May/2020:04:17:01 +0000] "GET /zentao/message-ajaxGetMessage-1.html HTTP/1.1" 200 - "http://localhost:8085/zentao/my/" "Mozilla/5.0 (Macintosh; Intel Mac OS X 10_14_6) AppleWebKit/537.36 (KHTML, like Gecko) Chrome/83.0.4103.61 Safari/537.36"
127.0.0.1 - - [27/May/2020:04:17:05 +0000] "GET / HTTP/1.1" 200 56 "-" "Wget/1.19.4 (linux-gnu)"
127.0.0.1 - - [27/May/2020:04:17:17 +0000] "GET / HTTP/1.1" 200 56 "-" "Wget/1.19.4 (linux-gnu)"
127.0.0.1 - - [27/May/2020:04:17:35 +0000] "GET / HTTP/1.1" 200 56 "-" "Wget/1.19.4 (linux-gnu)"
127.0.0.1 - - [27/May/2020:04:18:02 +0000] "GET / HTTP/1.1" 200 56 "-" "Wget/1.19.4 (linux-gnu)"
127.0.0.1 - - [27/May/2020:04:18:05 +0000] "GET / HTTP/1.1" 200 56 "-" "Wget/1.19.4 (linux-gnu)"
127.0.0.1 - - [27/May/2020:04:18:35 +0000] "GET / HTTP/1.1" 200 56 "-" "Wget/1.19.4 (linux-gnu)"
127.0.0.1 - - [27/May/2020:04:18:47 +0000] "GET / HTTP/1.1" 200 56 "-" "Wget/1.19.4 (linux-gnu)"
127.0.0.1 - - [27/May/2020:04:19:05 +0000] "GET / HTTP/1.1" 200 56 "-" "Wget/1.19.4 (linux-gnu)"
127.0.0.1 - - [27/May/2020:04:19:32 +0000] "GET / HTTP/1.1" 200 56 "-" "Wget/1.19.4 (linux-gnu)"
127.0.0.1 - - [27/May/2020:04:19:35 +0000] "GET / HTTP/1.1" 200 56 "-" "Wget/1.19.4 (linux-gnu)"
127.0.0.1 - - [27/May/2020:04:20:05 +0000] "GET / HTTP/1.1" 200 56 "-" "Wget/1.19.4 (linux-gnu)"
127.0.0.1 - - [27/May/2020:04:20:17 +0000] "GET / HTTP/1.1" 200 56 "-" "Wget/1.19.4 (linux-gnu)"
127.0.0.1 - - [27/May/2020:04:20:35 +0000] "GET / HTTP/1.1" 200 56 "-" "Wget/1.19.4 (linux-gnu)"
127.0.0.1 - - [27/May/2020:04:21:02 +0000] "GET / HTTP/1.1" 200 56 "-" "Wget/1.19.4 (linux-gnu)"
127.0.0.1 - - [27/May/2020:04:21:05 +0000] "GET / HTTP/1.1" 200 56 "-" "Wget/1.19.4 (linux-gnu)"
127.0.0.1 - - [27/May/2020:04:21:35 +0000] "GET / HTTP/1.1" 200 56 "-" "Wget/1.19.4 (linux-gnu)"
127.0.0.1 - - [27/May/2020:04:21:47 +0000] "GET / HTTP/1.1" 200 56 "-" "Wget/1.19.4 (linux-gnu)"
127.0.0.1 - - [27/May/2020:04:22:05 +0000] "GET / HTTP/1.1" 200 56 "-" "Wget/1.19.4 (linux-gnu)"
172.30.0.1 - - [27/May/2020:04:22:05 +0000] "GET /zentao/message-ajaxGetMessage-1.html HTTP/1.1" 200 - "http://localhost:8085/zentao/my/" "Mozilla/5.0 (Macintosh; Intel Mac OS X 10_14_6) AppleWebKit/537.36 (KHTML, like Gecko) Chrome/83.0.4103.61 Safari/537.36"
127.0.0.1 - - [27/May/2020:04:22:33 +0000] "GET / HTTP/1.1" 200 56 "-" "Wget/1.19.4 (linux-gnu)"
127.0.0.1 - - [27/May/2020:04:22:35 +0000] "GET / HTTP/1.1" 200 56 "-" "Wget/1.19.4 (linux-gnu)"
127.0.0.1 - - [27/May/2020:04:23:05 +0000] "GET / HTTP/1.1" 200 56 "-" "Wget/1.19.4 (linux-gnu)"
127.0.0.1 - - [27/May/2020:04:23:18 +0000] "GET / HTTP/1.1" 200 56 "-" "Wget/1.19.4 (linux-gnu)"
127.0.0.1 - - [27/May/2020:04:23:35 +0000] "GET / HTTP/1.1" 200 56 "-" "Wget/1.19.4 (linux-gnu)"
127.0.0.1 - - [27/May/2020:04:24:03 +0000] "GET / HTTP/1.1" 200 56 "-" "Wget/1.19.4 (linux-gnu)"
127.0.0.1 - - [27/May/2020:04:24:05 +0000] "GET / HTTP/1.1" 200 56 "-" "Wget/1.19.4 (linux-gnu)"
127.0.0.1 - - [27/May/2020:04:24:35 +0000] "GET / HTTP/1.1" 200 56 "-" "Wget/1.19.4 (linux-gnu)"
127.0.0.1 - - [27/May/2020:04:24:48 +0000] "GET / HTTP/1.1" 200 56 "-" "Wget/1.19.4 (linux-gnu)"
127.0.0.1 - - [27/May/2020:04:25:05 +0000] "GET / HTTP/1.1" 200 56 "-" "Wget/1.19.4 (linux-gnu)"
127.0.0.1 - - [27/May/2020:04:25:33 +0000] "GET / HTTP/1.1" 200 56 "-" "Wget/1.19.4 (linux-gnu)"
127.0.0.1 - - [27/May/2020:04:25:35 +0000] "GET / HTTP/1.1" 200 56 "-" "Wget/1.19.4 (linux-gnu)"
127.0.0.1 - - [27/May/2020:04:26:05 +0000] "GET / HTTP/1.1" 200 56 "-" "Wget/1.19.4 (linux-gnu)"
127.0.0.1 - - [27/May/2020:04:26:18 +0000] "GET / HTTP/1.1" 200 56 "-" "Wget/1.19.4 (linux-gnu)"
127.0.0.1 - - [27/May/2020:04:26:35 +0000] "GET / HTTP/1.1" 200 56 "-" "Wget/1.19.4 (linux-gnu)"
172.30.0.1 - - [27/May/2020:04:27:01 +0000] "GET /zentao/message-ajaxGetMessage-1.html HTTP/1.1" 200 - "http://localhost:8085/zentao/my/" "Mozilla/5.0 (Macintosh; Intel Mac OS X 10_14_6) AppleWebKit/537.36 (KHTML, like Gecko) Chrome/83.0.4103.61 Safari/537.36"
127.0.0.1 - - [27/May/2020:04:27:03 +0000] "GET / HTTP/1.1" 200 56 "-" "Wget/1.19.4 (linux-gnu)"
127.0.0.1 - - [27/May/2020:04:27:05 +0000] "GET / HTTP/1.1" 200 56 "-" "Wget/1.19.4 (linux-gnu)"
127.0.0.1 - - [27/May/2020:04:27:35 +0000] "GET / HTTP/1.1" 200 56 "-" "Wget/1.19.4 (linux-gnu)"
127.0.0.1 - - [27/May/2020:04:27:48 +0000] "GET / HTTP/1.1" 200 56 "-" "Wget/1.19.4 (linux-gnu)"
127.0.0.1 - - [27/May/2020:04:28:05 +0000] "GET / HTTP/1.1" 200 56 "-" "Wget/1.19.4 (linux-gnu)"
127.0.0.1 - - [27/May/2020:04:28:34 +0000] "GET / HTTP/1.1" 200 56 "-" "Wget/1.19.4 (linux-gnu)"
127.0.0.1 - - [27/May/2020:04:28:35 +0000] "GET / HTTP/1.1" 200 56 "-" "Wget/1.19.4 (linux-gnu)"
127.0.0.1 - - [27/May/2020:04:29:05 +0000] "GET / HTTP/1.1" 200 56 "-" "Wget/1.19.4 (linux-gnu)"
127.0.0.1 - - [27/May/2020:04:29:19 +0000] "GET / HTTP/1.1" 200 56 "-" "Wget/1.19.4 (linux-gnu)"
127.0.0.1 - - [27/May/2020:04:29:35 +0000] "GET / HTTP/1.1" 200 56 "-" "Wget/1.19.4 (linux-gnu)"
127.0.0.1 - - [27/May/2020:04:30:04 +0000] "GET / HTTP/1.1" 200 56 "-" "Wget/1.19.4 (linux-gnu)"
127.0.0.1 - - [27/May/2020:04:30:05 +0000] "GET / HTTP/1.1" 200 56 "-" "Wget/1.19.4 (linux-gnu)"
127.0.0.1 - - [27/May/2020:04:30:35 +0000] "GET / HTTP/1.1" 200 56 "-" "Wget/1.19.4 (linux-gnu)"
127.0.0.1 - - [27/May/2020:04:30:49 +0000] "GET / HTTP/1.1" 200 56 "-" "Wget/1.19.4 (linux-gnu)"
127.0.0.1 - - [27/May/2020:04:31:05 +0000] "GET / HTTP/1.1" 200 56 "-" "Wget/1.19.4 (linux-gnu)"
127.0.0.1 - - [27/May/2020:04:31:34 +0000] "GET / HTTP/1.1" 200 56 "-" "Wget/1.19.4 (linux-gnu)"
127.0.0.1 - - [27/May/2020:04:31:35 +0000] "GET / HTTP/1.1" 200 56 "-" "Wget/1.19.4 (linux-gnu)"
127.0.0.1 - - [27/May/2020:04:32:05 +0000] "GET / HTTP/1.1" 200 56 "-" "Wget/1.19.4 (linux-gnu)"
172.30.0.1 - - [27/May/2020:04:32:05 +0000] "GET /zentao/message-ajaxGetMessage-1.html HTTP/1.1" 200 - "http://localhost:8085/zentao/my/" "Mozilla/5.0 (Macintosh; Intel Mac OS X 10_14_6) AppleWebKit/537.36 (KHTML, like Gecko) Chrome/83.0.4103.61 Safari/537.36"
127.0.0.1 - - [27/May/2020:04:32:19 +0000] "GET / HTTP/1.1" 200 56 "-" "Wget/1.19.4 (linux-gnu)"
127.0.0.1 - - [27/May/2020:04:32:35 +0000] "GET / HTTP/1.1" 200 56 "-" "Wget/1.19.4 (linux-gnu)"
127.0.0.1 - - [27/May/2020:04:33:04 +0000] "GET / HTTP/1.1" 200 56 "-" "Wget/1.19.4 (linux-gnu)"
127.0.0.1 - - [27/May/2020:04:33:05 +0000] "GET / HTTP/1.1" 200 56 "-" "Wget/1.19.4 (linux-gnu)"
127.0.0.1 - - [27/May/2020:04:33:35 +0000] "GET / HTTP/1.1" 200 56 "-" "Wget/1.19.4 (linux-gnu)"
127.0.0.1 - - [27/May/2020:04:33:49 +0000] "GET / HTTP/1.1" 200 56 "-" "Wget/1.19.4 (linux-gnu)"
127.0.0.1 - - [27/May/2020:04:34:05 +0000] "GET / HTTP/1.1" 200 56 "-" "Wget/1.19.4 (linux-gnu)"
127.0.0.1 - - [27/May/2020:04:34:34 +0000] "GET / HTTP/1.1" 200 56 "-" "Wget/1.19.4 (linux-gnu)"
127.0.0.1 - - [27/May/2020:04:34:35 +0000] "GET / HTTP/1.1" 200 56 "-" "Wget/1.19.4 (linux-gnu)"
127.0.0.1 - - [27/May/2020:04:35:05 +0000] "GET / HTTP/1.1" 200 56 "-" "Wget/1.19.4 (linux-gnu)"
127.0.0.1 - - [27/May/2020:04:35:19 +0000] "GET / HTTP/1.1" 200 56 "-" "Wget/1.19.4 (linux-gnu)"
127.0.0.1 - - [27/May/2020:04:35:35 +0000] "GET / HTTP/1.1" 200 56 "-" "Wget/1.19.4 (linux-gnu)"
127.0.0.1 - - [27/May/2020:04:36:05 +0000] "GET / HTTP/1.1" 200 56 "-" "Wget/1.19.4 (linux-gnu)"
127.0.0.1 - - [27/May/2020:04:36:05 +0000] "GET / HTTP/1.1" 200 56 "-" "Wget/1.19.4 (linux-gnu)"
127.0.0.1 - - [27/May/2020:04:36:35 +0000] "GET / HTTP/1.1" 200 56 "-" "Wget/1.19.4 (linux-gnu)"
127.0.0.1 - - [27/May/2020:04:36:50 +0000] "GET / HTTP/1.1" 200 56 "-" "Wget/1.19.4 (linux-gnu)"
127.0.0.1 - - [27/May/2020:04:37:05 +0000] "GET / HTTP/1.1" 200 56 "-" "Wget/1.19.4 (linux-gnu)"
172.30.0.1 - - [27/May/2020:04:37:19 +0000] "GET /zentao/message-ajaxGetMessage-1.html HTTP/1.1" 200 - "http://localhost:8085/zentao/my/" "Mozilla/5.0 (Macintosh; Intel Mac OS X 10_14_6) AppleWebKit/537.36 (KHTML, like Gecko) Chrome/83.0.4103.61 Safari/537.36"
127.0.0.1 - - [27/May/2020:04:37:35 +0000] "GET / HTTP/1.1" 200 56 "-" "Wget/1.19.4 (linux-gnu)"
127.0.0.1 - - [27/May/2020:04:37:35 +0000] "GET / HTTP/1.1" 200 56 "-" "Wget/1.19.4 (linux-gnu)"
127.0.0.1 - - [27/May/2020:04:38:05 +0000] "GET / HTTP/1.1" 200 56 "-" "Wget/1.19.4 (linux-gnu)"
127.0.0.1 - - [27/May/2020:04:38:20 +0000] "GET / HTTP/1.1" 200 56 "-" "Wget/1.19.4 (linux-gnu)"
127.0.0.1 - - [27/May/2020:04:38:35 +0000] "GET / HTTP/1.1" 200 56 "-" "Wget/1.19.4 (linux-gnu)"
127.0.0.1 - - [27/May/2020:04:39:05 +0000] "GET / HTTP/1.1" 200 56 "-" "Wget/1.19.4 (linux-gnu)"
127.0.0.1 - - [27/May/2020:04:39:05 +0000] "GET / HTTP/1.1" 200 56 "-" "Wget/1.19.4 (linux-gnu)"
127.0.0.1 - - [27/May/2020:04:39:35 +0000] "GET / HTTP/1.1" 200 56 "-" "Wget/1.19.4 (linux-gnu)"
127.0.0.1 - - [27/May/2020:04:39:50 +0000] "GET / HTTP/1.1" 200 56 "-" "Wget/1.19.4 (linux-gnu)"
127.0.0.1 - - [27/May/2020:04:40:05 +0000] "GET / HTTP/1.1" 200 56 "-" "Wget/1.19.4 (linux-gnu)"
127.0.0.1 - - [27/May/2020:04:40:35 +0000] "GET / HTTP/1.1" 200 56 "-" "Wget/1.19.4 (linux-gnu)"
127.0.0.1 - - [27/May/2020:04:40:35 +0000] "GET / HTTP/1.1" 200 56 "-" "Wget/1.19.4 (linux-gnu)"
127.0.0.1 - - [27/May/2020:04:41:05 +0000] "GET / HTTP/1.1" 200 56 "-" "Wget/1.19.4 (linux-gnu)"
127.0.0.1 - - [27/May/2020:04:41:20 +0000] "GET / HTTP/1.1" 200 56 "-" "Wget/1.19.4 (linux-gnu)"
127.0.0.1 - - [27/May/2020:04:41:35 +0000] "GET / HTTP/1.1" 200 56 "-" "Wget/1.19.4 (linux-gnu)"
127.0.0.1 - - [27/May/2020:04:42:05 +0000] "GET / HTTP/1.1" 200 56 "-" "Wget/1.19.4 (linux-gnu)"
127.0.0.1 - - [27/May/2020:04:42:05 +0000] "GET / HTTP/1.1" 200 56 "-" "Wget/1.19.4 (linux-gnu)"
172.30.0.1 - - [27/May/2020:04:42:05 +0000] "GET /zentao/message-ajaxGetMessage-1.html HTTP/1.1" 200 - "http://localhost:8085/zentao/my/" "Mozilla/5.0 (Macintosh; Intel Mac OS X 10_14_6) AppleWebKit/537.36 (KHTML, like Gecko) Chrome/83.0.4103.61 Safari/537.36"
127.0.0.1 - - [27/May/2020:04:42:35 +0000] "GET / HTTP/1.1" 200 56 "-" "Wget/1.19.4 (linux-gnu)"
127.0.0.1 - - [27/May/2020:04:42:50 +0000] "GET / HTTP/1.1" 200 56 "-" "Wget/1.19.4 (linux-gnu)"
127.0.0.1 - - [27/May/2020:04:43:05 +0000] "GET / HTTP/1.1" 200 56 "-" "Wget/1.19.4 (linux-gnu)"
127.0.0.1 - - [27/May/2020:04:43:35 +0000] "GET / HTTP/1.1" 200 56 "-" "Wget/1.19.4 (linux-gnu)"
127.0.0.1 - - [27/May/2020:04:43:36 +0000] "GET / HTTP/1.1" 200 56 "-" "Wget/1.19.4 (linux-gnu)"
127.0.0.1 - - [27/May/2020:04:44:05 +0000] "GET / HTTP/1.1" 200 56 "-" "Wget/1.19.4 (linux-gnu)"
127.0.0.1 - - [27/May/2020:04:44:21 +0000] "GET / HTTP/1.1" 200 56 "-" "Wget/1.19.4 (linux-gnu)"
127.0.0.1 - - [27/May/2020:04:44:35 +0000] "GET / HTTP/1.1" 200 56 "-" "Wget/1.19.4 (linux-gnu)"
127.0.0.1 - - [27/May/2020:04:45:05 +0000] "GET / HTTP/1.1" 200 56 "-" "Wget/1.19.4 (linux-gnu)"
127.0.0.1 - - [27/May/2020:04:45:06 +0000] "GET / HTTP/1.1" 200 56 "-" "Wget/1.19.4 (linux-gnu)"
127.0.0.1 - - [27/May/2020:04:45:35 +0000] "GET / HTTP/1.1" 200 56 "-" "Wget/1.19.4 (linux-gnu)"
127.0.0.1 - - [27/May/2020:04:45:51 +0000] "GET / HTTP/1.1" 200 56 "-" "Wget/1.19.4 (linux-gnu)"
127.0.0.1 - - [27/May/2020:04:46:05 +0000] "GET / HTTP/1.1" 200 56 "-" "Wget/1.19.4 (linux-gnu)"
127.0.0.1 - - [27/May/2020:04:46:35 +0000] "GET / HTTP/1.1" 200 56 "-" "Wget/1.19.4 (linux-gnu)"
127.0.0.1 - - [27/May/2020:04:46:36 +0000] "GET / HTTP/1.1" 200 56 "-" "Wget/1.19.4 (linux-gnu)"
127.0.0.1 - - [27/May/2020:04:47:04 +0000] "GET / HTTP/1.1" 200 56 "-" "Wget/1.19.4 (linux-gnu)"
172.30.0.1 - - [27/May/2020:04:47:04 +0000] "GET /zentao/message-ajaxGetMessage-1.html HTTP/1.1" 200 - "http://localhost:8085/zentao/my/" "Mozilla/5.0 (Macintosh; Intel Mac OS X 10_14_6) AppleWebKit/537.36 (KHTML, like Gecko) Chrome/83.0.4103.61 Safari/537.36"
127.0.0.1 - - [27/May/2020:04:47:21 +0000] "GET / HTTP/1.1" 200 56 "-" "Wget/1.19.4 (linux-gnu)"
127.0.0.1 - - [27/May/2020:04:47:34 +0000] "GET / HTTP/1.1" 200 56 "-" "Wget/1.19.4 (linux-gnu)"
127.0.0.1 - - [27/May/2020:04:48:04 +0000] "GET / HTTP/1.1" 200 56 "-" "Wget/1.19.4 (linux-gnu)"
127.0.0.1 - - [27/May/2020:04:48:06 +0000] "GET / HTTP/1.1" 200 56 "-" "Wget/1.19.4 (linux-gnu)"
127.0.0.1 - - [27/May/2020:04:48:34 +0000] "GET / HTTP/1.1" 200 56 "-" "Wget/1.19.4 (linux-gnu)"
127.0.0.1 - - [27/May/2020:04:48:51 +0000] "GET / HTTP/1.1" 200 56 "-" "Wget/1.19.4 (linux-gnu)"
127.0.0.1 - - [27/May/2020:04:49:04 +0000] "GET / HTTP/1.1" 200 56 "-" "Wget/1.19.4 (linux-gnu)"
127.0.0.1 - - [27/May/2020:04:49:34 +0000] "GET / HTTP/1.1" 200 56 "-" "Wget/1.19.4 (linux-gnu)"
127.0.0.1 - - [27/May/2020:04:49:36 +0000] "GET / HTTP/1.1" 200 56 "-" "Wget/1.19.4 (linux-gnu)"
127.0.0.1 - - [27/May/2020:04:50:04 +0000] "GET / HTTP/1.1" 200 56 "-" "Wget/1.19.4 (linux-gnu)"
127.0.0.1 - - [27/May/2020:04:50:21 +0000] "GET / HTTP/1.1" 200 56 "-" "Wget/1.19.4 (linux-gnu)"
127.0.0.1 - - [27/May/2020:04:50:34 +0000] "GET / HTTP/1.1" 200 56 "-" "Wget/1.19.4 (linux-gnu)"
127.0.0.1 - - [27/May/2020:04:51:04 +0000] "GET / HTTP/1.1" 200 56 "-" "Wget/1.19.4 (linux-gnu)"
127.0.0.1 - - [27/May/2020:04:51:07 +0000] "GET / HTTP/1.1" 200 56 "-" "Wget/1.19.4 (linux-gnu)"
127.0.0.1 - - [27/May/2020:04:51:34 +0000] "GET / HTTP/1.1" 200 56 "-" "Wget/1.19.4 (linux-gnu)"
127.0.0.1 - - [27/May/2020:04:51:52 +0000] "GET / HTTP/1.1" 200 56 "-" "Wget/1.19.4 (linux-gnu)"
172.30.0.1 - - [27/May/2020:04:52:02 +0000] "GET /zentao/message-ajaxGetMessage-1.html HTTP/1.1" 200 - "http://localhost:8085/zentao/my/" "Mozilla/5.0 (Macintosh; Intel Mac OS X 10_14_6) AppleWebKit/537.36 (KHTML, like Gecko) Chrome/83.0.4103.61 Safari/537.36"
127.0.0.1 - - [27/May/2020:04:52:04 +0000] "GET / HTTP/1.1" 200 56 "-" "Wget/1.19.4 (linux-gnu)"
127.0.0.1 - - [27/May/2020:04:52:34 +0000] "GET / HTTP/1.1" 200 56 "-" "Wget/1.19.4 (linux-gnu)"
127.0.0.1 - - [27/May/2020:04:52:37 +0000] "GET / HTTP/1.1" 200 56 "-" "Wget/1.19.4 (linux-gnu)"
127.0.0.1 - - [27/May/2020:04:53:04 +0000] "GET / HTTP/1.1" 200 56 "-" "Wget/1.19.4 (linux-gnu)"
127.0.0.1 - - [27/May/2020:04:53:22 +0000] "GET / HTTP/1.1" 200 56 "-" "Wget/1.19.4 (linux-gnu)"
127.0.0.1 - - [27/May/2020:04:53:34 +0000] "GET / HTTP/1.1" 200 56 "-" "Wget/1.19.4 (linux-gnu)"
127.0.0.1 - - [27/May/2020:04:54:04 +0000] "GET / HTTP/1.1" 200 56 "-" "Wget/1.19.4 (linux-gnu)"
127.0.0.1 - - [27/May/2020:04:54:07 +0000] "GET / HTTP/1.1" 200 56 "-" "Wget/1.19.4 (linux-gnu)"
127.0.0.1 - - [27/May/2020:04:54:34 +0000] "GET / HTTP/1.1" 200 56 "-" "Wget/1.19.4 (linux-gnu)"
127.0.0.1 - - [27/May/2020:04:54:52 +0000] "GET / HTTP/1.1" 200 56 "-" "Wget/1.19.4 (linux-gnu)"
127.0.0.1 - - [27/May/2020:04:55:04 +0000] "GET / HTTP/1.1" 200 56 "-" "Wget/1.19.4 (linux-gnu)"
127.0.0.1 - - [27/May/2020:04:55:34 +0000] "GET / HTTP/1.1" 200 56 "-" "Wget/1.19.4 (linux-gnu)"
127.0.0.1 - - [27/May/2020:04:55:37 +0000] "GET / HTTP/1.1" 200 56 "-" "Wget/1.19.4 (linux-gnu)"
127.0.0.1 - - [27/May/2020:04:56:04 +0000] "GET / HTTP/1.1" 200 56 "-" "Wget/1.19.4 (linux-gnu)"
127.0.0.1 - - [27/May/2020:04:56:22 +0000] "GET / HTTP/1.1" 200 56 "-" "Wget/1.19.4 (linux-gnu)"
127.0.0.1 - - [27/May/2020:04:56:34 +0000] "GET / HTTP/1.1" 200 56 "-" "Wget/1.19.4 (linux-gnu)"
