172.30.0.1 - - [27/May/2020:04:57:02 +0000] "GET /zentao/message-ajaxGetMessage-1.html HTTP/1.1" 200 - "http://localhost:8085/zentao/my/" "Mozilla/5.0 (Macintosh; Intel Mac OS X 10_14_6) AppleWebKit/537.36 (KHTML, like Gecko) Chrome/83.0.4103.61 Safari/537.36"
127.0.0.1 - - [27/May/2020:04:57:04 +0000] "GET / HTTP/1.1" 200 56 "-" "Wget/1.19.4 (linux-gnu)"
127.0.0.1 - - [27/May/2020:04:57:07 +0000] "GET / HTTP/1.1" 200 56 "-" "Wget/1.19.4 (linux-gnu)"
127.0.0.1 - - [27/May/2020:04:57:34 +0000] "GET / HTTP/1.1" 200 56 "-" "Wget/1.19.4 (linux-gnu)"
127.0.0.1 - - [27/May/2020:04:57:52 +0000] "GET / HTTP/1.1" 200 56 "-" "Wget/1.19.4 (linux-gnu)"
127.0.0.1 - - [27/May/2020:04:58:04 +0000] "GET / HTTP/1.1" 200 56 "-" "Wget/1.19.4 (linux-gnu)"
127.0.0.1 - - [27/May/2020:04:58:34 +0000] "GET / HTTP/1.1" 200 56 "-" "Wget/1.19.4 (linux-gnu)"
127.0.0.1 - - [27/May/2020:04:58:38 +0000] "GET / HTTP/1.1" 200 56 "-" "Wget/1.19.4 (linux-gnu)"
127.0.0.1 - - [27/May/2020:04:59:04 +0000] "GET / HTTP/1.1" 200 56 "-" "Wget/1.19.4 (linux-gnu)"
127.0.0.1 - - [27/May/2020:04:59:23 +0000] "GET / HTTP/1.1" 200 56 "-" "Wget/1.19.4 (linux-gnu)"
127.0.0.1 - - [27/May/2020:04:59:34 +0000] "GET / HTTP/1.1" 200 56 "-" "Wget/1.19.4 (linux-gnu)"
127.0.0.1 - - [27/May/2020:05:00:04 +0000] "GET / HTTP/1.1" 200 56 "-" "Wget/1.19.4 (linux-gnu)"
127.0.0.1 - - [27/May/2020:05:00:08 +0000] "GET / HTTP/1.1" 200 56 "-" "Wget/1.19.4 (linux-gnu)"
127.0.0.1 - - [27/May/2020:05:00:34 +0000] "GET / HTTP/1.1" 200 56 "-" "Wget/1.19.4 (linux-gnu)"
127.0.0.1 - - [27/May/2020:05:00:53 +0000] "GET / HTTP/1.1" 200 56 "-" "Wget/1.19.4 (linux-gnu)"
127.0.0.1 - - [27/May/2020:05:01:04 +0000] "GET / HTTP/1.1" 200 56 "-" "Wget/1.19.4 (linux-gnu)"
127.0.0.1 - - [27/May/2020:05:01:34 +0000] "GET / HTTP/1.1" 200 56 "-" "Wget/1.19.4 (linux-gnu)"
127.0.0.1 - - [27/May/2020:05:01:38 +0000] "GET / HTTP/1.1" 200 56 "-" "Wget/1.19.4 (linux-gnu)"
127.0.0.1 - - [27/May/2020:05:02:04 +0000] "GET / HTTP/1.1" 200 56 "-" "Wget/1.19.4 (linux-gnu)"
172.30.0.1 - - [27/May/2020:05:02:05 +0000] "GET /zentao/message-ajaxGetMessage-1.html HTTP/1.1" 200 - "http://localhost:8085/zentao/my/" "Mozilla/5.0 (Macintosh; Intel Mac OS X 10_14_6) AppleWebKit/537.36 (KHTML, like Gecko) Chrome/83.0.4103.61 Safari/537.36"
127.0.0.1 - - [27/May/2020:05:02:23 +0000] "GET / HTTP/1.1" 200 56 "-" "Wget/1.19.4 (linux-gnu)"
127.0.0.1 - - [27/May/2020:05:02:34 +0000] "GET / HTTP/1.1" 200 56 "-" "Wget/1.19.4 (linux-gnu)"
127.0.0.1 - - [27/May/2020:05:03:04 +0000] "GET / HTTP/1.1" 200 56 "-" "Wget/1.19.4 (linux-gnu)"
127.0.0.1 - - [27/May/2020:05:03:08 +0000] "GET / HTTP/1.1" 200 56 "-" "Wget/1.19.4 (linux-gnu)"
127.0.0.1 - - [27/May/2020:05:03:34 +0000] "GET / HTTP/1.1" 200 56 "-" "Wget/1.19.4 (linux-gnu)"
127.0.0.1 - - [27/May/2020:05:03:53 +0000] "GET / HTTP/1.1" 200 56 "-" "Wget/1.19.4 (linux-gnu)"
127.0.0.1 - - [27/May/2020:05:04:04 +0000] "GET / HTTP/1.1" 200 56 "-" "Wget/1.19.4 (linux-gnu)"
127.0.0.1 - - [27/May/2020:05:04:34 +0000] "GET / HTTP/1.1" 200 56 "-" "Wget/1.19.4 (linux-gnu)"
127.0.0.1 - - [27/May/2020:05:04:38 +0000] "GET / HTTP/1.1" 200 56 "-" "Wget/1.19.4 (linux-gnu)"
127.0.0.1 - - [27/May/2020:05:05:04 +0000] "GET / HTTP/1.1" 200 56 "-" "Wget/1.19.4 (linux-gnu)"
127.0.0.1 - - [27/May/2020:05:05:23 +0000] "GET / HTTP/1.1" 200 56 "-" "Wget/1.19.4 (linux-gnu)"
127.0.0.1 - - [27/May/2020:05:05:34 +0000] "GET / HTTP/1.1" 200 56 "-" "Wget/1.19.4 (linux-gnu)"
127.0.0.1 - - [27/May/2020:05:06:04 +0000] "GET / HTTP/1.1" 200 56 "-" "Wget/1.19.4 (linux-gnu)"
127.0.0.1 - - [27/May/2020:05:06:09 +0000] "GET / HTTP/1.1" 200 56 "-" "Wget/1.19.4 (linux-gnu)"
127.0.0.1 - - [27/May/2020:05:06:34 +0000] "GET / HTTP/1.1" 200 56 "-" "Wget/1.19.4 (linux-gnu)"
127.0.0.1 - - [27/May/2020:05:06:54 +0000] "GET / HTTP/1.1" 200 56 "-" "Wget/1.19.4 (linux-gnu)"
172.30.0.1 - - [27/May/2020:05:07:02 +0000] "GET /zentao/message-ajaxGetMessage-1.html HTTP/1.1" 200 - "http://localhost:8085/zentao/my/" "Mozilla/5.0 (Macintosh; Intel Mac OS X 10_14_6) AppleWebKit/537.36 (KHTML, like Gecko) Chrome/83.0.4103.61 Safari/537.36"
127.0.0.1 - - [27/May/2020:05:07:04 +0000] "GET / HTTP/1.1" 200 56 "-" "Wget/1.19.4 (linux-gnu)"
127.0.0.1 - - [27/May/2020:05:07:34 +0000] "GET / HTTP/1.1" 200 56 "-" "Wget/1.19.4 (linux-gnu)"
127.0.0.1 - - [27/May/2020:05:07:39 +0000] "GET / HTTP/1.1" 200 56 "-" "Wget/1.19.4 (linux-gnu)"
127.0.0.1 - - [27/May/2020:05:08:04 +0000] "GET / HTTP/1.1" 200 56 "-" "Wget/1.19.4 (linux-gnu)"
127.0.0.1 - - [27/May/2020:05:08:24 +0000] "GET / HTTP/1.1" 200 56 "-" "Wget/1.19.4 (linux-gnu)"
127.0.0.1 - - [27/May/2020:05:08:34 +0000] "GET / HTTP/1.1" 200 56 "-" "Wget/1.19.4 (linux-gnu)"
127.0.0.1 - - [27/May/2020:05:09:04 +0000] "GET / HTTP/1.1" 200 56 "-" "Wget/1.19.4 (linux-gnu)"
127.0.0.1 - - [27/May/2020:05:09:09 +0000] "GET / HTTP/1.1" 200 56 "-" "Wget/1.19.4 (linux-gnu)"
127.0.0.1 - - [27/May/2020:05:09:34 +0000] "GET / HTTP/1.1" 200 56 "-" "Wget/1.19.4 (linux-gnu)"
127.0.0.1 - - [27/May/2020:05:09:54 +0000] "GET / HTTP/1.1" 200 56 "-" "Wget/1.19.4 (linux-gnu)"
127.0.0.1 - - [27/May/2020:05:10:04 +0000] "GET / HTTP/1.1" 200 56 "-" "Wget/1.19.4 (linux-gnu)"
127.0.0.1 - - [27/May/2020:05:10:34 +0000] "GET / HTTP/1.1" 200 56 "-" "Wget/1.19.4 (linux-gnu)"
127.0.0.1 - - [27/May/2020:05:10:39 +0000] "GET / HTTP/1.1" 200 56 "-" "Wget/1.19.4 (linux-gnu)"
127.0.0.1 - - [27/May/2020:05:11:04 +0000] "GET / HTTP/1.1" 200 56 "-" "Wget/1.19.4 (linux-gnu)"
127.0.0.1 - - [27/May/2020:05:11:24 +0000] "GET / HTTP/1.1" 200 56 "-" "Wget/1.19.4 (linux-gnu)"
127.0.0.1 - - [27/May/2020:05:11:34 +0000] "GET / HTTP/1.1" 200 56 "-" "Wget/1.19.4 (linux-gnu)"
127.0.0.1 - - [27/May/2020:05:12:04 +0000] "GET / HTTP/1.1" 200 56 "-" "Wget/1.19.4 (linux-gnu)"
172.30.0.1 - - [27/May/2020:05:12:05 +0000] "GET /zentao/message-ajaxGetMessage-1.html HTTP/1.1" 200 - "http://localhost:8085/zentao/my/" "Mozilla/5.0 (Macintosh; Intel Mac OS X 10_14_6) AppleWebKit/537.36 (KHTML, like Gecko) Chrome/83.0.4103.61 Safari/537.36"
127.0.0.1 - - [27/May/2020:05:12:09 +0000] "GET / HTTP/1.1" 200 56 "-" "Wget/1.19.4 (linux-gnu)"
127.0.0.1 - - [27/May/2020:05:12:34 +0000] "GET / HTTP/1.1" 200 56 "-" "Wget/1.19.4 (linux-gnu)"
127.0.0.1 - - [27/May/2020:05:12:54 +0000] "GET / HTTP/1.1" 200 56 "-" "Wget/1.19.4 (linux-gnu)"
127.0.0.1 - - [27/May/2020:05:13:04 +0000] "GET / HTTP/1.1" 200 56 "-" "Wget/1.19.4 (linux-gnu)"
127.0.0.1 - - [27/May/2020:05:13:34 +0000] "GET / HTTP/1.1" 200 56 "-" "Wget/1.19.4 (linux-gnu)"
127.0.0.1 - - [27/May/2020:05:13:39 +0000] "GET / HTTP/1.1" 200 56 "-" "Wget/1.19.4 (linux-gnu)"
127.0.0.1 - - [27/May/2020:05:14:04 +0000] "GET / HTTP/1.1" 200 56 "-" "Wget/1.19.4 (linux-gnu)"
127.0.0.1 - - [27/May/2020:05:14:25 +0000] "GET / HTTP/1.1" 200 56 "-" "Wget/1.19.4 (linux-gnu)"
127.0.0.1 - - [27/May/2020:05:14:34 +0000] "GET / HTTP/1.1" 200 56 "-" "Wget/1.19.4 (linux-gnu)"
127.0.0.1 - - [27/May/2020:05:15:04 +0000] "GET / HTTP/1.1" 200 56 "-" "Wget/1.19.4 (linux-gnu)"
127.0.0.1 - - [27/May/2020:05:15:10 +0000] "GET / HTTP/1.1" 200 56 "-" "Wget/1.19.4 (linux-gnu)"
127.0.0.1 - - [27/May/2020:05:15:34 +0000] "GET / HTTP/1.1" 200 56 "-" "Wget/1.19.4 (linux-gnu)"
127.0.0.1 - - [27/May/2020:05:15:55 +0000] "GET / HTTP/1.1" 200 56 "-" "Wget/1.19.4 (linux-gnu)"
127.0.0.1 - - [27/May/2020:05:16:04 +0000] "GET / HTTP/1.1" 200 56 "-" "Wget/1.19.4 (linux-gnu)"
127.0.0.1 - - [27/May/2020:05:16:34 +0000] "GET / HTTP/1.1" 200 56 "-" "Wget/1.19.4 (linux-gnu)"
127.0.0.1 - - [27/May/2020:05:16:40 +0000] "GET / HTTP/1.1" 200 56 "-" "Wget/1.19.4 (linux-gnu)"
172.30.0.1 - - [27/May/2020:05:17:02 +0000] "GET /zentao/message-ajaxGetMessage-1.html HTTP/1.1" 200 - "http://localhost:8085/zentao/my/" "Mozilla/5.0 (Macintosh; Intel Mac OS X 10_14_6) AppleWebKit/537.36 (KHTML, like Gecko) Chrome/83.0.4103.61 Safari/537.36"
127.0.0.1 - - [27/May/2020:05:17:04 +0000] "GET / HTTP/1.1" 200 56 "-" "Wget/1.19.4 (linux-gnu)"
127.0.0.1 - - [27/May/2020:05:17:25 +0000] "GET / HTTP/1.1" 200 56 "-" "Wget/1.19.4 (linux-gnu)"
127.0.0.1 - - [27/May/2020:05:17:34 +0000] "GET / HTTP/1.1" 200 56 "-" "Wget/1.19.4 (linux-gnu)"
127.0.0.1 - - [27/May/2020:05:18:04 +0000] "GET / HTTP/1.1" 200 56 "-" "Wget/1.19.4 (linux-gnu)"
127.0.0.1 - - [27/May/2020:05:18:10 +0000] "GET / HTTP/1.1" 200 56 "-" "Wget/1.19.4 (linux-gnu)"
127.0.0.1 - - [27/May/2020:05:18:34 +0000] "GET / HTTP/1.1" 200 56 "-" "Wget/1.19.4 (linux-gnu)"
127.0.0.1 - - [27/May/2020:05:18:55 +0000] "GET / HTTP/1.1" 200 56 "-" "Wget/1.19.4 (linux-gnu)"
127.0.0.1 - - [27/May/2020:05:19:04 +0000] "GET / HTTP/1.1" 200 56 "-" "Wget/1.19.4 (linux-gnu)"
127.0.0.1 - - [27/May/2020:05:19:34 +0000] "GET / HTTP/1.1" 200 56 "-" "Wget/1.19.4 (linux-gnu)"
127.0.0.1 - - [27/May/2020:05:19:40 +0000] "GET / HTTP/1.1" 200 56 "-" "Wget/1.19.4 (linux-gnu)"
127.0.0.1 - - [27/May/2020:05:20:04 +0000] "GET / HTTP/1.1" 200 56 "-" "Wget/1.19.4 (linux-gnu)"
127.0.0.1 - - [27/May/2020:05:20:26 +0000] "GET / HTTP/1.1" 200 56 "-" "Wget/1.19.4 (linux-gnu)"
127.0.0.1 - - [27/May/2020:05:20:34 +0000] "GET / HTTP/1.1" 200 56 "-" "Wget/1.19.4 (linux-gnu)"
127.0.0.1 - - [27/May/2020:05:21:04 +0000] "GET / HTTP/1.1" 200 56 "-" "Wget/1.19.4 (linux-gnu)"
127.0.0.1 - - [27/May/2020:05:21:11 +0000] "GET / HTTP/1.1" 200 56 "-" "Wget/1.19.4 (linux-gnu)"
127.0.0.1 - - [27/May/2020:05:21:34 +0000] "GET / HTTP/1.1" 200 56 "-" "Wget/1.19.4 (linux-gnu)"
127.0.0.1 - - [27/May/2020:05:21:56 +0000] "GET / HTTP/1.1" 200 56 "-" "Wget/1.19.4 (linux-gnu)"
172.30.0.1 - - [27/May/2020:05:22:02 +0000] "GET /zentao/message-ajaxGetMessage-1.html HTTP/1.1" 200 - "http://localhost:8085/zentao/my/" "Mozilla/5.0 (Macintosh; Intel Mac OS X 10_14_6) AppleWebKit/537.36 (KHTML, like Gecko) Chrome/83.0.4103.61 Safari/537.36"
127.0.0.1 - - [27/May/2020:05:22:04 +0000] "GET / HTTP/1.1" 200 56 "-" "Wget/1.19.4 (linux-gnu)"
127.0.0.1 - - [27/May/2020:05:22:34 +0000] "GET / HTTP/1.1" 200 56 "-" "Wget/1.19.4 (linux-gnu)"
127.0.0.1 - - [27/May/2020:05:22:41 +0000] "GET / HTTP/1.1" 200 56 "-" "Wget/1.19.4 (linux-gnu)"
127.0.0.1 - - [27/May/2020:05:23:04 +0000] "GET / HTTP/1.1" 200 56 "-" "Wget/1.19.4 (linux-gnu)"
127.0.0.1 - - [27/May/2020:05:23:26 +0000] "GET / HTTP/1.1" 200 56 "-" "Wget/1.19.4 (linux-gnu)"
127.0.0.1 - - [27/May/2020:05:23:34 +0000] "GET / HTTP/1.1" 200 56 "-" "Wget/1.19.4 (linux-gnu)"
127.0.0.1 - - [27/May/2020:05:24:04 +0000] "GET / HTTP/1.1" 200 56 "-" "Wget/1.19.4 (linux-gnu)"
127.0.0.1 - - [27/May/2020:05:24:11 +0000] "GET / HTTP/1.1" 200 56 "-" "Wget/1.19.4 (linux-gnu)"
127.0.0.1 - - [27/May/2020:05:24:34 +0000] "GET / HTTP/1.1" 200 56 "-" "Wget/1.19.4 (linux-gnu)"
172.30.0.1 - - [27/May/2020:05:24:47 +0000] "GET /zentao/my/ HTTP/1.1" 200 14565 "-" "Mozilla/5.0 (Macintosh; Intel Mac OS X 10_14_6) AppleWebKit/537.36 (KHTML, like Gecko) Chrome/83.0.4103.61 Safari/537.36"
127.0.0.1 - - [27/May/2020:05:24:56 +0000] "GET / HTTP/1.1" 200 56 "-" "Wget/1.19.4 (linux-gnu)"
127.0.0.1 - - [27/May/2020:05:25:04 +0000] "GET / HTTP/1.1" 200 56 "-" "Wget/1.19.4 (linux-gnu)"
127.0.0.1 - - [27/May/2020:05:25:34 +0000] "GET / HTTP/1.1" 200 56 "-" "Wget/1.19.4 (linux-gnu)"
127.0.0.1 - - [27/May/2020:05:25:42 +0000] "GET / HTTP/1.1" 200 56 "-" "Wget/1.19.4 (linux-gnu)"
127.0.0.1 - - [27/May/2020:05:26:04 +0000] "GET / HTTP/1.1" 200 56 "-" "Wget/1.19.4 (linux-gnu)"
127.0.0.1 - - [27/May/2020:05:26:27 +0000] "GET / HTTP/1.1" 200 56 "-" "Wget/1.19.4 (linux-gnu)"
127.0.0.1 - - [27/May/2020:05:26:34 +0000] "GET / HTTP/1.1" 200 56 "-" "Wget/1.19.4 (linux-gnu)"
127.0.0.1 - - [27/May/2020:05:27:04 +0000] "GET / HTTP/1.1" 200 56 "-" "Wget/1.19.4 (linux-gnu)"
127.0.0.1 - - [27/May/2020:05:27:12 +0000] "GET / HTTP/1.1" 200 56 "-" "Wget/1.19.4 (linux-gnu)"
127.0.0.1 - - [27/May/2020:05:27:34 +0000] "GET / HTTP/1.1" 200 56 "-" "Wget/1.19.4 (linux-gnu)"
127.0.0.1 - - [27/May/2020:05:27:57 +0000] "GET / HTTP/1.1" 200 56 "-" "Wget/1.19.4 (linux-gnu)"
127.0.0.1 - - [27/May/2020:05:28:04 +0000] "GET / HTTP/1.1" 200 56 "-" "Wget/1.19.4 (linux-gnu)"
127.0.0.1 - - [27/May/2020:05:28:34 +0000] "GET / HTTP/1.1" 200 56 "-" "Wget/1.19.4 (linux-gnu)"
127.0.0.1 - - [27/May/2020:05:28:42 +0000] "GET / HTTP/1.1" 200 56 "-" "Wget/1.19.4 (linux-gnu)"
127.0.0.1 - - [27/May/2020:05:29:04 +0000] "GET / HTTP/1.1" 200 56 "-" "Wget/1.19.4 (linux-gnu)"
172.30.0.1 - - [27/May/2020:05:29:10 +0000] "GET / HTTP/1.1" 304 - "-" "Mozilla/5.0 (Macintosh; Intel Mac OS X 10_14_6) AppleWebKit/537.36 (KHTML, like Gecko) Chrome/83.0.4103.61 Safari/537.36"
172.30.0.1 - - [27/May/2020:05:29:11 +0000] "GET /zentao/ HTTP/1.1" 302 - "http://localhost:8085/" "Mozilla/5.0 (Macintosh; Intel Mac OS X 10_14_6) AppleWebKit/537.36 (KHTML, like Gecko) Chrome/83.0.4103.61 Safari/537.36"
172.30.0.1 - - [27/May/2020:05:29:12 +0000] "GET /zentao/my/ HTTP/1.1" 200 14564 "http://localhost:8085/" "Mozilla/5.0 (Macintosh; Intel Mac OS X 10_14_6) AppleWebKit/537.36 (KHTML, like Gecko) Chrome/83.0.4103.61 Safari/537.36"
172.30.0.1 - - [27/May/2020:05:29:19 +0000] "GET /zentao/user-logout.html HTTP/1.1" 302 - "http://localhost:8085/zentao/my/" "Mozilla/5.0 (Macintosh; Intel Mac OS X 10_14_6) AppleWebKit/537.36 (KHTML, like Gecko) Chrome/83.0.4103.61 Safari/537.36"
172.30.0.1 - - [27/May/2020:05:29:20 +0000] "GET /zentao/user-login.html HTTP/1.1" 200 3468 "http://localhost:8085/zentao/my/" "Mozilla/5.0 (Macintosh; Intel Mac OS X 10_14_6) AppleWebKit/537.36 (KHTML, like Gecko) Chrome/83.0.4103.61 Safari/537.36"
127.0.0.1 - - [27/May/2020:05:29:27 +0000] "GET / HTTP/1.1" 200 56 "-" "Wget/1.19.4 (linux-gnu)"
172.30.0.1 - - [27/May/2020:05:29:20 +0000] "GET /zentao/misc-checkUpdate-.html HTTP/1.1" 200 262 "http://localhost:8085/zentao/user-login.html" "Mozilla/5.0 (Macintosh; Intel Mac OS X 10_14_6) AppleWebKit/537.36 (KHTML, like Gecko) Chrome/83.0.4103.61 Safari/537.36"
127.0.0.1 - - [27/May/2020:05:29:34 +0000] "GET / HTTP/1.1" 200 56 "-" "Wget/1.19.4 (linux-gnu)"
127.0.0.1 - - [27/May/2020:05:30:04 +0000] "GET / HTTP/1.1" 200 56 "-" "Wget/1.19.4 (linux-gnu)"
127.0.0.1 - - [27/May/2020:05:30:12 +0000] "GET / HTTP/1.1" 200 56 "-" "Wget/1.19.4 (linux-gnu)"
127.0.0.1 - - [27/May/2020:05:30:34 +0000] "GET / HTTP/1.1" 200 56 "-" "Wget/1.19.4 (linux-gnu)"
127.0.0.1 - - [27/May/2020:05:30:58 +0000] "GET / HTTP/1.1" 200 56 "-" "Wget/1.19.4 (linux-gnu)"
127.0.0.1 - - [27/May/2020:05:31:04 +0000] "GET / HTTP/1.1" 200 56 "-" "Wget/1.19.4 (linux-gnu)"
127.0.0.1 - - [27/May/2020:05:31:34 +0000] "GET / HTTP/1.1" 200 56 "-" "Wget/1.19.4 (linux-gnu)"
127.0.0.1 - - [27/May/2020:05:31:43 +0000] "GET / HTTP/1.1" 200 56 "-" "Wget/1.19.4 (linux-gnu)"
127.0.0.1 - - [27/May/2020:05:32:04 +0000] "GET / HTTP/1.1" 200 56 "-" "Wget/1.19.4 (linux-gnu)"
127.0.0.1 - - [27/May/2020:05:32:28 +0000] "GET / HTTP/1.1" 200 56 "-" "Wget/1.19.4 (linux-gnu)"
127.0.0.1 - - [27/May/2020:05:32:34 +0000] "GET / HTTP/1.1" 200 56 "-" "Wget/1.19.4 (linux-gnu)"
127.0.0.1 - - [27/May/2020:05:33:04 +0000] "GET / HTTP/1.1" 200 56 "-" "Wget/1.19.4 (linux-gnu)"
127.0.0.1 - - [27/May/2020:05:33:13 +0000] "GET / HTTP/1.1" 200 56 "-" "Wget/1.19.4 (linux-gnu)"
127.0.0.1 - - [27/May/2020:05:33:34 +0000] "GET / HTTP/1.1" 200 56 "-" "Wget/1.19.4 (linux-gnu)"
127.0.0.1 - - [27/May/2020:05:33:58 +0000] "GET / HTTP/1.1" 200 56 "-" "Wget/1.19.4 (linux-gnu)"
127.0.0.1 - - [27/May/2020:05:34:04 +0000] "GET / HTTP/1.1" 200 56 "-" "Wget/1.19.4 (linux-gnu)"
127.0.0.1 - - [27/May/2020:05:34:34 +0000] "GET / HTTP/1.1" 200 56 "-" "Wget/1.19.4 (linux-gnu)"
127.0.0.1 - - [27/May/2020:05:34:43 +0000] "GET / HTTP/1.1" 200 56 "-" "Wget/1.19.4 (linux-gnu)"
127.0.0.1 - - [27/May/2020:05:35:04 +0000] "GET / HTTP/1.1" 200 56 "-" "Wget/1.19.4 (linux-gnu)"
127.0.0.1 - - [27/May/2020:05:35:28 +0000] "GET / HTTP/1.1" 200 56 "-" "Wget/1.19.4 (linux-gnu)"
127.0.0.1 - - [27/May/2020:05:35:34 +0000] "GET / HTTP/1.1" 200 56 "-" "Wget/1.19.4 (linux-gnu)"
127.0.0.1 - - [27/May/2020:05:36:03 +0000] "GET / HTTP/1.1" 200 56 "-" "Wget/1.19.4 (linux-gnu)"
127.0.0.1 - - [27/May/2020:05:36:13 +0000] "GET / HTTP/1.1" 200 56 "-" "Wget/1.19.4 (linux-gnu)"
127.0.0.1 - - [27/May/2020:05:36:33 +0000] "GET / HTTP/1.1" 200 56 "-" "Wget/1.19.4 (linux-gnu)"
127.0.0.1 - - [27/May/2020:05:36:58 +0000] "GET / HTTP/1.1" 200 56 "-" "Wget/1.19.4 (linux-gnu)"
127.0.0.1 - - [27/May/2020:05:37:03 +0000] "GET / HTTP/1.1" 200 56 "-" "Wget/1.19.4 (linux-gnu)"
127.0.0.1 - - [27/May/2020:05:37:33 +0000] "GET / HTTP/1.1" 200 56 "-" "Wget/1.19.4 (linux-gnu)"
127.0.0.1 - - [27/May/2020:05:37:43 +0000] "GET / HTTP/1.1" 200 56 "-" "Wget/1.19.4 (linux-gnu)"
127.0.0.1 - - [27/May/2020:05:38:03 +0000] "GET / HTTP/1.1" 200 56 "-" "Wget/1.19.4 (linux-gnu)"
127.0.0.1 - - [27/May/2020:05:39:02 +0000] "GET / HTTP/1.1" 200 56 "-" "Wget/1.19.4 (linux-gnu)"
172.30.0.1 - - [27/May/2020:05:39:19 +0000] "GET /zentao/ HTTP/1.1" 200 369 "http://localhost:8085/" "Mozilla/5.0 (Macintosh; Intel Mac OS X 10_14_6) AppleWebKit/537.36 (KHTML, like Gecko) Chrome/83.0.4103.61 Safari/537.36"
127.0.0.1 - - [27/May/2020:05:39:47 +0000] "GET / HTTP/1.1" 200 56 "-" "Wget/1.19.4 (linux-gnu)"
172.30.0.1 - - [27/May/2020:05:40:09 +0000] "GET /zentao/ HTTP/1.1" 200 140 "-" "Mozilla/5.0 (Macintosh; Intel Mac OS X 10_14_6) AppleWebKit/537.36 (KHTML, like Gecko) Chrome/83.0.4103.61 Safari/537.36"
172.30.0.1 - - [27/May/2020:05:40:10 +0000] "GET /zentao/user-login-L3plbnRhby8=.html HTTP/1.1" 200 3480 "http://localhost:8085/zentao/" "Mozilla/5.0 (Macintosh; Intel Mac OS X 10_14_6) AppleWebKit/537.36 (KHTML, like Gecko) Chrome/83.0.4103.61 Safari/537.36"
172.30.0.1 - - [27/May/2020:05:40:12 +0000] "GET /zentao/cron-ajaxExec-0.html HTTP/1.1" 200 167 "http://localhost:8085/zentao/user-login-L3plbnRhby8=.html" "Mozilla/5.0 (Macintosh; Intel Mac OS X 10_14_6) AppleWebKit/537.36 (KHTML, like Gecko) Chrome/83.0.4103.61 Safari/537.36"
172.30.0.1 - - [27/May/2020:05:40:11 +0000] "GET /zentao/misc-checkUpdate-.html HTTP/1.1" 200 262 "http://localhost:8085/zentao/user-login-L3plbnRhby8=.html" "Mozilla/5.0 (Macintosh; Intel Mac OS X 10_14_6) AppleWebKit/537.36 (KHTML, like Gecko) Chrome/83.0.4103.61 Safari/537.36"
127.0.0.1 - - [27/May/2020:05:40:32 +0000] "GET / HTTP/1.1" 200 56 "-" "Wget/1.19.4 (linux-gnu)"
127.0.0.1 - - [27/May/2020:05:41:06 +0000] "GET / HTTP/1.1" 200 56 "-" "Wget/1.19.4 (linux-gnu)"
127.0.0.1 - - [27/May/2020:05:41:17 +0000] "GET / HTTP/1.1" 200 56 "-" "Wget/1.19.4 (linux-gnu)"
127.0.0.1 - - [27/May/2020:05:41:36 +0000] "GET / HTTP/1.1" 200 56 "-" "Wget/1.19.4 (linux-gnu)"
127.0.0.1 - - [27/May/2020:05:42:02 +0000] "GET / HTTP/1.1" 200 56 "-" "Wget/1.19.4 (linux-gnu)"
127.0.0.1 - - [27/May/2020:05:42:06 +0000] "GET / HTTP/1.1" 200 56 "-" "Wget/1.19.4 (linux-gnu)"
127.0.0.1 - - [27/May/2020:05:42:36 +0000] "GET / HTTP/1.1" 200 56 "-" "Wget/1.19.4 (linux-gnu)"
127.0.0.1 - - [27/May/2020:05:42:47 +0000] "GET / HTTP/1.1" 200 56 "-" "Wget/1.19.4 (linux-gnu)"
127.0.0.1 - - [27/May/2020:05:43:06 +0000] "GET / HTTP/1.1" 200 56 "-" "Wget/1.19.4 (linux-gnu)"
127.0.0.1 - - [27/May/2020:05:43:32 +0000] "GET / HTTP/1.1" 200 56 "-" "Wget/1.19.4 (linux-gnu)"
127.0.0.1 - - [27/May/2020:05:43:36 +0000] "GET / HTTP/1.1" 200 56 "-" "Wget/1.19.4 (linux-gnu)"
127.0.0.1 - - [27/May/2020:05:44:06 +0000] "GET / HTTP/1.1" 200 56 "-" "Wget/1.19.4 (linux-gnu)"
127.0.0.1 - - [27/May/2020:05:44:17 +0000] "GET / HTTP/1.1" 200 56 "-" "Wget/1.19.4 (linux-gnu)"
127.0.0.1 - - [27/May/2020:05:44:36 +0000] "GET / HTTP/1.1" 200 56 "-" "Wget/1.19.4 (linux-gnu)"
127.0.0.1 - - [27/May/2020:05:45:03 +0000] "GET / HTTP/1.1" 200 56 "-" "Wget/1.19.4 (linux-gnu)"
127.0.0.1 - - [27/May/2020:05:45:06 +0000] "GET / HTTP/1.1" 200 56 "-" "Wget/1.19.4 (linux-gnu)"
127.0.0.1 - - [27/May/2020:05:45:36 +0000] "GET / HTTP/1.1" 200 56 "-" "Wget/1.19.4 (linux-gnu)"
127.0.0.1 - - [27/May/2020:05:45:48 +0000] "GET / HTTP/1.1" 200 56 "-" "Wget/1.19.4 (linux-gnu)"
127.0.0.1 - - [27/May/2020:05:46:06 +0000] "GET / HTTP/1.1" 200 56 "-" "Wget/1.19.4 (linux-gnu)"
127.0.0.1 - - [27/May/2020:05:46:33 +0000] "GET / HTTP/1.1" 200 56 "-" "Wget/1.19.4 (linux-gnu)"
127.0.0.1 - - [27/May/2020:05:46:36 +0000] "GET / HTTP/1.1" 200 56 "-" "Wget/1.19.4 (linux-gnu)"
127.0.0.1 - - [27/May/2020:05:47:06 +0000] "GET / HTTP/1.1" 200 56 "-" "Wget/1.19.4 (linux-gnu)"
172.30.0.1 - - [27/May/2020:05:47:16 +0000] "GET /zentao/user-login-L3plbnRhby8=.html HTTP/1.1" 200 297 "-" "Mozilla/5.0 (Macintosh; Intel Mac OS X 10_14_6) AppleWebKit/537.36 (KHTML, like Gecko) Chrome/83.0.4103.61 Safari/537.36"
127.0.0.1 - - [27/May/2020:05:47:18 +0000] "GET / HTTP/1.1" 200 56 "-" "Wget/1.19.4 (linux-gnu)"
127.0.0.1 - - [27/May/2020:05:47:36 +0000] "GET / HTTP/1.1" 200 56 "-" "Wget/1.19.4 (linux-gnu)"
172.30.0.1 - - [27/May/2020:05:47:52 +0000] "GET /zentao/user-login-L3plbnRhby8=.html HTTP/1.1" 200 3481 "-" "Mozilla/5.0 (Macintosh; Intel Mac OS X 10_14_6) AppleWebKit/537.36 (KHTML, like Gecko) Chrome/83.0.4103.61 Safari/537.36"
172.30.0.1 - - [27/May/2020:05:47:53 +0000] "GET /zentao/cron-ajaxExec-0.html HTTP/1.1" 200 167 "http://localhost:8085/zentao/user-login-L3plbnRhby8=.html" "Mozilla/5.0 (Macintosh; Intel Mac OS X 10_14_6) AppleWebKit/537.36 (KHTML, like Gecko) Chrome/83.0.4103.61 Safari/537.36"
172.30.0.1 - - [27/May/2020:05:47:53 +0000] "GET /zentao/misc-checkUpdate-.html HTTP/1.1" 200 262 "http://localhost:8085/zentao/user-login-L3plbnRhby8=.html" "Mozilla/5.0 (Macintosh; Intel Mac OS X 10_14_6) AppleWebKit/537.36 (KHTML, like Gecko) Chrome/83.0.4103.61 Safari/537.36"
127.0.0.1 - - [27/May/2020:05:48:03 +0000] "GET / HTTP/1.1" 200 56 "-" "Wget/1.19.4 (linux-gnu)"
127.0.0.1 - - [27/May/2020:05:48:06 +0000] "GET / HTTP/1.1" 200 56 "-" "Wget/1.19.4 (linux-gnu)"
127.0.0.1 - - [27/May/2020:05:48:36 +0000] "GET / HTTP/1.1" 200 56 "-" "Wget/1.19.4 (linux-gnu)"
127.0.0.1 - - [27/May/2020:05:48:49 +0000] "GET / HTTP/1.1" 200 56 "-" "Wget/1.19.4 (linux-gnu)"
127.0.0.1 - - [27/May/2020:05:49:05 +0000] "GET / HTTP/1.1" 200 56 "-" "Wget/1.19.4 (linux-gnu)"
172.30.0.1 - - [27/May/2020:05:49:20 +0000] "POST /zentao/user-login.html HTTP/1.1" 200 42 "http://localhost:8085/zentao/user-login-L3plbnRhby8=.html" "Mozilla/5.0 (Macintosh; Intel Mac OS X 10_14_6) AppleWebKit/537.36 (KHTML, like Gecko) Chrome/83.0.4103.61 Safari/537.36"
172.30.0.1 - - [27/May/2020:05:49:21 +0000] "GET /zentao/ HTTP/1.1" 302 - "http://localhost:8085/zentao/user-login-L3plbnRhby8=.html" "Mozilla/5.0 (Macintosh; Intel Mac OS X 10_14_6) AppleWebKit/537.36 (KHTML, like Gecko) Chrome/83.0.4103.61 Safari/537.36"
172.30.0.1 - - [27/May/2020:05:49:21 +0000] "GET /zentao/my/ HTTP/1.1" 200 14586 "http://localhost:8085/zentao/user-login-L3plbnRhby8=.html" "Mozilla/5.0 (Macintosh; Intel Mac OS X 10_14_6) AppleWebKit/537.36 (KHTML, like Gecko) Chrome/83.0.4103.61 Safari/537.36"
127.0.0.1 - - [27/May/2020:05:49:34 +0000] "GET / HTTP/1.1" 200 56 "-" "Wget/1.19.4 (linux-gnu)"
127.0.0.1 - - [27/May/2020:05:49:35 +0000] "GET / HTTP/1.1" 200 56 "-" "Wget/1.19.4 (linux-gnu)"
172.30.0.1 - - [27/May/2020:05:49:36 +0000] "GET /zentao/index.html HTTP/1.1" 302 - "http://localhost:8085/zentao/my/" "Mozilla/5.0 (Macintosh; Intel Mac OS X 10_14_6) AppleWebKit/537.36 (KHTML, like Gecko) Chrome/83.0.4103.61 Safari/537.36"
172.30.0.1 - - [27/May/2020:05:49:37 +0000] "GET /zentao/my/ HTTP/1.1" 200 14579 "http://localhost:8085/zentao/my/" "Mozilla/5.0 (Macintosh; Intel Mac OS X 10_14_6) AppleWebKit/537.36 (KHTML, like Gecko) Chrome/83.0.4103.61 Safari/537.36"
172.30.0.1 - - [27/May/2020:05:49:45 +0000] "GET /zentao/admin/ HTTP/1.1" 200 5213 "http://localhost:8085/zentao/my/" "Mozilla/5.0 (Macintosh; Intel Mac OS X 10_14_6) AppleWebKit/537.36 (KHTML, like Gecko) Chrome/83.0.4103.61 Safari/537.36"
127.0.0.1 - - [27/May/2020:05:50:05 +0000] "GET / HTTP/1.1" 200 56 "-" "Wget/1.19.4 (linux-gnu)"
127.0.0.1 - - [27/May/2020:05:50:19 +0000] "GET / HTTP/1.1" 200 56 "-" "Wget/1.19.4 (linux-gnu)"
127.0.0.1 - - [27/May/2020:05:50:35 +0000] "GET / HTTP/1.1" 200 56 "-" "Wget/1.19.4 (linux-gnu)"
127.0.0.1 - - [27/May/2020:05:51:04 +0000] "GET / HTTP/1.1" 200 56 "-" "Wget/1.19.4 (linux-gnu)"
127.0.0.1 - - [27/May/2020:05:51:05 +0000] "GET / HTTP/1.1" 200 56 "-" "Wget/1.19.4 (linux-gnu)"
172.30.0.1 - - [27/May/2020:05:51:09 +0000] "GET /zentao/admin/ HTTP/1.1" 200 5213 "http://localhost:8085/zentao/admin/" "Mozilla/5.0 (Macintosh; Intel Mac OS X 10_14_6) AppleWebKit/537.36 (KHTML, like Gecko) Chrome/83.0.4103.61 Safari/537.36"
172.30.0.1 - - [27/May/2020:05:51:12 +0000] "GET /zentao/backup/ HTTP/1.1" 200 4763 "http://localhost:8085/zentao/admin/" "Mozilla/5.0 (Macintosh; Intel Mac OS X 10_14_6) AppleWebKit/537.36 (KHTML, like Gecko) Chrome/83.0.4103.61 Safari/537.36"
172.30.0.1 - - [27/May/2020:05:51:18 +0000] "GET /zentao/admin-safe.html HTTP/1.1" 200 4805 "http://localhost:8085/zentao/backup/" "Mozilla/5.0 (Macintosh; Intel Mac OS X 10_14_6) AppleWebKit/537.36 (KHTML, like Gecko) Chrome/83.0.4103.61 Safari/537.36"
172.30.0.1 - - [27/May/2020:05:51:20 +0000] "GET /zentao/cron/ HTTP/1.1" 200 5213 "http://localhost:8085/zentao/admin-safe.html" "Mozilla/5.0 (Macintosh; Intel Mac OS X 10_14_6) AppleWebKit/537.36 (KHTML, like Gecko) Chrome/83.0.4103.61 Safari/537.36"
172.30.0.1 - - [27/May/2020:05:51:25 +0000] "GET /zentao/admin-safe.html HTTP/1.1" 200 4805 "http://localhost:8085/zentao/cron/" "Mozilla/5.0 (Macintosh; Intel Mac OS X 10_14_6) AppleWebKit/537.36 (KHTML, like Gecko) Chrome/83.0.4103.61 Safari/537.36"
127.0.0.1 - - [27/May/2020:05:51:35 +0000] "GET / HTTP/1.1" 200 56 "-" "Wget/1.19.4 (linux-gnu)"
172.30.0.1 - - [27/May/2020:05:51:36 +0000] "GET /zentao/dev-translate.html HTTP/1.1" 200 4033 "http://localhost:8085/zentao/admin-safe.html" "Mozilla/5.0 (Macintosh; Intel Mac OS X 10_14_6) AppleWebKit/537.36 (KHTML, like Gecko) Chrome/83.0.4103.61 Safari/537.36"
172.30.0.1 - - [27/May/2020:05:51:39 +0000] "GET /zentao/dev-api.html HTTP/1.1" 200 4915 "http://localhost:8085/zentao/dev-translate.html" "Mozilla/5.0 (Macintosh; Intel Mac OS X 10_14_6) AppleWebKit/537.36 (KHTML, like Gecko) Chrome/83.0.4103.61 Safari/537.36"
172.30.0.1 - - [27/May/2020:05:51:42 +0000] "GET /zentao/dev-db.html HTTP/1.1" 200 5076 "http://localhost:8085/zentao/dev-api.html" "Mozilla/5.0 (Macintosh; Intel Mac OS X 10_14_6) AppleWebKit/537.36 (KHTML, like Gecko) Chrome/83.0.4103.61 Safari/537.36"
127.0.0.1 - - [27/May/2020:05:51:49 +0000] "GET / HTTP/1.1" 200 56 "-" "Wget/1.19.4 (linux-gnu)"
172.30.0.1 - - [27/May/2020:05:51:53 +0000] "GET /zentao/custom-set.html HTTP/1.1" 200 5189 "http://localhost:8085/zentao/dev-db.html" "Mozilla/5.0 (Macintosh; Intel Mac OS X 10_14_6) AppleWebKit/537.36 (KHTML, like Gecko) Chrome/83.0.4103.61 Safari/537.36"
172.30.0.1 - - [27/May/2020:05:51:56 +0000] "GET /zentao/extension-browse.html HTTP/1.1" 200 4214 "http://localhost:8085/zentao/custom-set.html" "Mozilla/5.0 (Macintosh; Intel Mac OS X 10_14_6) AppleWebKit/537.36 (KHTML, like Gecko) Chrome/83.0.4103.61 Safari/537.36"
172.30.0.1 - - [27/May/2020:05:51:59 +0000] "GET /zentao/dev-api.html HTTP/1.1" 200 4915 "http://localhost:8085/zentao/extension-browse.html" "Mozilla/5.0 (Macintosh; Intel Mac OS X 10_14_6) AppleWebKit/537.36 (KHTML, like Gecko) Chrome/83.0.4103.61 Safari/537.36"
172.30.0.1 - - [27/May/2020:05:52:01 +0000] "GET /zentao/dev-translate.html HTTP/1.1" 200 4033 "http://localhost:8085/zentao/dev-api.html" "Mozilla/5.0 (Macintosh; Intel Mac OS X 10_14_6) AppleWebKit/537.36 (KHTML, like Gecko) Chrome/83.0.4103.61 Safari/537.36"
172.30.0.1 - - [27/May/2020:05:52:03 +0000] "GET /zentao/backup/ HTTP/1.1" 200 4763 "http://localhost:8085/zentao/dev-translate.html" "Mozilla/5.0 (Macintosh; Intel Mac OS X 10_14_6) AppleWebKit/537.36 (KHTML, like Gecko) Chrome/83.0.4103.61 Safari/537.36"
127.0.0.1 - - [27/May/2020:05:52:05 +0000] "GET / HTTP/1.1" 200 56 "-" "Wget/1.19.4 (linux-gnu)"
172.30.0.1 - - [27/May/2020:05:52:06 +0000] "GET /zentao/backup-setting.html HTTP/1.1" 200 1367 "http://localhost:8085/zentao/backup/" "Mozilla/5.0 (Macintosh; Intel Mac OS X 10_14_6) AppleWebKit/537.36 (KHTML, like Gecko) Chrome/83.0.4103.61 Safari/537.36"
172.30.0.1 - - [27/May/2020:05:52:31 +0000] "GET /zentao/backup-ajaxGetProgress.html HTTP/1.1" 200 39 "http://localhost:8085/zentao/backup/" "Mozilla/5.0 (Macintosh; Intel Mac OS X 10_14_6) AppleWebKit/537.36 (KHTML, like Gecko) Chrome/83.0.4103.61 Safari/537.36"
172.30.0.1 - - [27/May/2020:05:52:32 +0000] "GET /zentao/backup-ajaxGetProgress.html HTTP/1.1" 200 39 "http://localhost:8085/zentao/backup/" "Mozilla/5.0 (Macintosh; Intel Mac OS X 10_14_6) AppleWebKit/537.36 (KHTML, like Gecko) Chrome/83.0.4103.61 Safari/537.36"
172.30.0.1 - - [27/May/2020:05:52:33 +0000] "GET /zentao/backup-ajaxGetProgress.html HTTP/1.1" 200 80 "http://localhost:8085/zentao/backup/" "Mozilla/5.0 (Macintosh; Intel Mac OS X 10_14_6) AppleWebKit/537.36 (KHTML, like Gecko) Chrome/83.0.4103.61 Safari/537.36"
127.0.0.1 - - [27/May/2020:05:52:34 +0000] "GET / HTTP/1.1" 200 56 "-" "Wget/1.19.4 (linux-gnu)"
172.30.0.1 - - [27/May/2020:05:52:34 +0000] "GET /zentao/backup-ajaxGetProgress.html HTTP/1.1" 200 80 "http://localhost:8085/zentao/backup/" "Mozilla/5.0 (Macintosh; Intel Mac OS X 10_14_6) AppleWebKit/537.36 (KHTML, like Gecko) Chrome/83.0.4103.61 Safari/537.36"
127.0.0.1 - - [27/May/2020:05:52:35 +0000] "GET / HTTP/1.1" 200 56 "-" "Wget/1.19.4 (linux-gnu)"
172.30.0.1 - - [27/May/2020:05:52:35 +0000] "GET /zentao/backup-ajaxGetProgress.html HTTP/1.1" 200 80 "http://localhost:8085/zentao/backup/" "Mozilla/5.0 (Macintosh; Intel Mac OS X 10_14_6) AppleWebKit/537.36 (KHTML, like Gecko) Chrome/83.0.4103.61 Safari/537.36"
172.30.0.1 - - [27/May/2020:05:52:36 +0000] "GET /zentao/backup-ajaxGetProgress.html HTTP/1.1" 200 80 "http://localhost:8085/zentao/backup/" "Mozilla/5.0 (Macintosh; Intel Mac OS X 10_14_6) AppleWebKit/537.36 (KHTML, like Gecko) Chrome/83.0.4103.61 Safari/537.36"
172.30.0.1 - - [27/May/2020:05:52:37 +0000] "GET /zentao/backup-ajaxGetProgress.html HTTP/1.1" 200 80 "http://localhost:8085/zentao/backup/" "Mozilla/5.0 (Macintosh; Intel Mac OS X 10_14_6) AppleWebKit/537.36 (KHTML, like Gecko) Chrome/83.0.4103.61 Safari/537.36"
172.30.0.1 - - [27/May/2020:05:52:38 +0000] "GET /zentao/backup-ajaxGetProgress.html HTTP/1.1" 200 80 "http://localhost:8085/zentao/backup/" "Mozilla/5.0 (Macintosh; Intel Mac OS X 10_14_6) AppleWebKit/537.36 (KHTML, like Gecko) Chrome/83.0.4103.61 Safari/537.36"
172.30.0.1 - - [27/May/2020:05:52:39 +0000] "GET /zentao/backup-ajaxGetProgress.html HTTP/1.1" 200 80 "http://localhost:8085/zentao/backup/" "Mozilla/5.0 (Macintosh; Intel Mac OS X 10_14_6) AppleWebKit/537.36 (KHTML, like Gecko) Chrome/83.0.4103.61 Safari/537.36"
172.30.0.1 - - [27/May/2020:05:52:40 +0000] "GET /zentao/backup-ajaxGetProgress.html HTTP/1.1" 200 80 "http://localhost:8085/zentao/backup/" "Mozilla/5.0 (Macintosh; Intel Mac OS X 10_14_6) AppleWebKit/537.36 (KHTML, like Gecko) Chrome/83.0.4103.61 Safari/537.36"
172.30.0.1 - - [27/May/2020:05:52:41 +0000] "GET /zentao/backup-ajaxGetProgress.html HTTP/1.1" 200 80 "http://localhost:8085/zentao/backup/" "Mozilla/5.0 (Macintosh; Intel Mac OS X 10_14_6) AppleWebKit/537.36 (KHTML, like Gecko) Chrome/83.0.4103.61 Safari/537.36"
172.30.0.1 - - [27/May/2020:05:52:43 +0000] "GET /zentao/backup-ajaxGetProgress.html HTTP/1.1" 200 80 "http://localhost:8085/zentao/backup/" "Mozilla/5.0 (Macintosh; Intel Mac OS X 10_14_6) AppleWebKit/537.36 (KHTML, like Gecko) Chrome/83.0.4103.61 Safari/537.36"
172.30.0.1 - - [27/May/2020:05:52:44 +0000] "GET /zentao/backup-ajaxGetProgress.html HTTP/1.1" 200 80 "http://localhost:8085/zentao/backup/" "Mozilla/5.0 (Macintosh; Intel Mac OS X 10_14_6) AppleWebKit/537.36 (KHTML, like Gecko) Chrome/83.0.4103.61 Safari/537.36"
172.30.0.1 - - [27/May/2020:05:52:45 +0000] "GET /zentao/backup-ajaxGetProgress.html HTTP/1.1" 200 80 "http://localhost:8085/zentao/backup/" "Mozilla/5.0 (Macintosh; Intel Mac OS X 10_14_6) AppleWebKit/537.36 (KHTML, like Gecko) Chrome/83.0.4103.61 Safari/537.36"
172.30.0.1 - - [27/May/2020:05:52:46 +0000] "GET /zentao/backup-ajaxGetProgress.html HTTP/1.1" 200 80 "http://localhost:8085/zentao/backup/" "Mozilla/5.0 (Macintosh; Intel Mac OS X 10_14_6) AppleWebKit/537.36 (KHTML, like Gecko) Chrome/83.0.4103.61 Safari/537.36"
172.30.0.1 - - [27/May/2020:05:52:47 +0000] "GET /zentao/backup-ajaxGetProgress.html HTTP/1.1" 200 80 "http://localhost:8085/zentao/backup/" "Mozilla/5.0 (Macintosh; Intel Mac OS X 10_14_6) AppleWebKit/537.36 (KHTML, like Gecko) Chrome/83.0.4103.61 Safari/537.36"
172.30.0.1 - - [27/May/2020:05:52:48 +0000] "GET /zentao/backup-ajaxGetProgress.html HTTP/1.1" 200 80 "http://localhost:8085/zentao/backup/" "Mozilla/5.0 (Macintosh; Intel Mac OS X 10_14_6) AppleWebKit/537.36 (KHTML, like Gecko) Chrome/83.0.4103.61 Safari/537.36"
172.30.0.1 - - [27/May/2020:05:52:49 +0000] "GET /zentao/backup-ajaxGetProgress.html HTTP/1.1" 200 80 "http://localhost:8085/zentao/backup/" "Mozilla/5.0 (Macintosh; Intel Mac OS X 10_14_6) AppleWebKit/537.36 (KHTML, like Gecko) Chrome/83.0.4103.61 Safari/537.36"
172.30.0.1 - - [27/May/2020:05:52:50 +0000] "GET /zentao/backup-ajaxGetProgress.html HTTP/1.1" 200 80 "http://localhost:8085/zentao/backup/" "Mozilla/5.0 (Macintosh; Intel Mac OS X 10_14_6) AppleWebKit/537.36 (KHTML, like Gecko) Chrome/83.0.4103.61 Safari/537.36"
172.30.0.1 - - [27/May/2020:05:52:51 +0000] "GET /zentao/backup-ajaxGetProgress.html HTTP/1.1" 200 80 "http://localhost:8085/zentao/backup/" "Mozilla/5.0 (Macintosh; Intel Mac OS X 10_14_6) AppleWebKit/537.36 (KHTML, like Gecko) Chrome/83.0.4103.61 Safari/537.36"
172.30.0.1 - - [27/May/2020:05:52:52 +0000] "GET /zentao/backup-ajaxGetProgress.html HTTP/1.1" 200 80 "http://localhost:8085/zentao/backup/" "Mozilla/5.0 (Macintosh; Intel Mac OS X 10_14_6) AppleWebKit/537.36 (KHTML, like Gecko) Chrome/83.0.4103.61 Safari/537.36"
172.30.0.1 - - [27/May/2020:05:52:53 +0000] "GET /zentao/backup-ajaxGetProgress.html HTTP/1.1" 200 80 "http://localhost:8085/zentao/backup/" "Mozilla/5.0 (Macintosh; Intel Mac OS X 10_14_6) AppleWebKit/537.36 (KHTML, like Gecko) Chrome/83.0.4103.61 Safari/537.36"
172.30.0.1 - - [27/May/2020:05:52:54 +0000] "GET /zentao/backup-ajaxGetProgress.html HTTP/1.1" 200 80 "http://localhost:8085/zentao/backup/" "Mozilla/5.0 (Macintosh; Intel Mac OS X 10_14_6) AppleWebKit/537.36 (KHTML, like Gecko) Chrome/83.0.4103.61 Safari/537.36"
172.30.0.1 - - [27/May/2020:05:52:55 +0000] "GET /zentao/backup-ajaxGetProgress.html HTTP/1.1" 200 80 "http://localhost:8085/zentao/backup/" "Mozilla/5.0 (Macintosh; Intel Mac OS X 10_14_6) AppleWebKit/537.36 (KHTML, like Gecko) Chrome/83.0.4103.61 Safari/537.36"
172.30.0.1 - - [27/May/2020:05:52:56 +0000] "GET /zentao/backup-ajaxGetProgress.html HTTP/1.1" 200 80 "http://localhost:8085/zentao/backup/" "Mozilla/5.0 (Macintosh; Intel Mac OS X 10_14_6) AppleWebKit/537.36 (KHTML, like Gecko) Chrome/83.0.4103.61 Safari/537.36"
172.30.0.1 - - [27/May/2020:05:52:57 +0000] "GET /zentao/backup-ajaxGetProgress.html HTTP/1.1" 200 80 "http://localhost:8085/zentao/backup/" "Mozilla/5.0 (Macintosh; Intel Mac OS X 10_14_6) AppleWebKit/537.36 (KHTML, like Gecko) Chrome/83.0.4103.61 Safari/537.36"
172.30.0.1 - - [27/May/2020:05:53:03 +0000] "GET /zentao/backup-ajaxGetProgress.html HTTP/1.1" 200 80 "http://localhost:8085/zentao/backup/" "Mozilla/5.0 (Macintosh; Intel Mac OS X 10_14_6) AppleWebKit/537.36 (KHTML, like Gecko) Chrome/83.0.4103.61 Safari/537.36"
172.30.0.1 - - [27/May/2020:05:53:04 +0000] "GET /zentao/backup-ajaxGetProgress.html HTTP/1.1" 200 80 "http://localhost:8085/zentao/backup/" "Mozilla/5.0 (Macintosh; Intel Mac OS X 10_14_6) AppleWebKit/537.36 (KHTML, like Gecko) Chrome/83.0.4103.61 Safari/537.36"
127.0.0.1 - - [27/May/2020:05:53:05 +0000] "GET / HTTP/1.1" 200 56 "-" "Wget/1.19.4 (linux-gnu)"
172.30.0.1 - - [27/May/2020:05:53:05 +0000] "GET /zentao/backup-ajaxGetProgress.html HTTP/1.1" 200 80 "http://localhost:8085/zentao/backup/" "Mozilla/5.0 (Macintosh; Intel Mac OS X 10_14_6) AppleWebKit/537.36 (KHTML, like Gecko) Chrome/83.0.4103.61 Safari/537.36"
172.30.0.1 - - [27/May/2020:05:53:05 +0000] "GET /zentao/backup-ajaxGetProgress.html HTTP/1.1" 200 80 "http://localhost:8085/zentao/backup/" "Mozilla/5.0 (Macintosh; Intel Mac OS X 10_14_6) AppleWebKit/537.36 (KHTML, like Gecko) Chrome/83.0.4103.61 Safari/537.36"
172.30.0.1 - - [27/May/2020:05:53:06 +0000] "GET /zentao/backup-ajaxGetProgress.html HTTP/1.1" 200 80 "http://localhost:8085/zentao/backup/" "Mozilla/5.0 (Macintosh; Intel Mac OS X 10_14_6) AppleWebKit/537.36 (KHTML, like Gecko) Chrome/83.0.4103.61 Safari/537.36"
172.30.0.1 - - [27/May/2020:05:53:06 +0000] "GET /zentao/backup-ajaxGetProgress.html HTTP/1.1" 200 80 "http://localhost:8085/zentao/backup/" "Mozilla/5.0 (Macintosh; Intel Mac OS X 10_14_6) AppleWebKit/537.36 (KHTML, like Gecko) Chrome/83.0.4103.61 Safari/537.36"
172.30.0.1 - - [27/May/2020:05:53:07 +0000] "GET /zentao/backup-ajaxGetProgress.html HTTP/1.1" 200 80 "http://localhost:8085/zentao/backup/" "Mozilla/5.0 (Macintosh; Intel Mac OS X 10_14_6) AppleWebKit/537.36 (KHTML, like Gecko) Chrome/83.0.4103.61 Safari/537.36"
172.30.0.1 - - [27/May/2020:05:53:07 +0000] "GET /zentao/backup-ajaxGetProgress.html HTTP/1.1" 200 80 "http://localhost:8085/zentao/backup/" "Mozilla/5.0 (Macintosh; Intel Mac OS X 10_14_6) AppleWebKit/537.36 (KHTML, like Gecko) Chrome/83.0.4103.61 Safari/537.36"
172.30.0.1 - - [27/May/2020:05:53:08 +0000] "GET /zentao/backup-ajaxGetProgress.html HTTP/1.1" 200 80 "http://localhost:8085/zentao/backup/" "Mozilla/5.0 (Macintosh; Intel Mac OS X 10_14_6) AppleWebKit/537.36 (KHTML, like Gecko) Chrome/83.0.4103.61 Safari/537.36"
172.30.0.1 - - [27/May/2020:05:53:09 +0000] "GET /zentao/backup-ajaxGetProgress.html HTTP/1.1" 200 80 "http://localhost:8085/zentao/backup/" "Mozilla/5.0 (Macintosh; Intel Mac OS X 10_14_6) AppleWebKit/537.36 (KHTML, like Gecko) Chrome/83.0.4103.61 Safari/537.36"
172.30.0.1 - - [27/May/2020:05:53:11 +0000] "GET /zentao/backup-ajaxGetProgress.html HTTP/1.1" 200 80 "http://localhost:8085/zentao/backup/" "Mozilla/5.0 (Macintosh; Intel Mac OS X 10_14_6) AppleWebKit/537.36 (KHTML, like Gecko) Chrome/83.0.4103.61 Safari/537.36"
172.30.0.1 - - [27/May/2020:05:53:12 +0000] "GET /zentao/backup-ajaxGetProgress.html HTTP/1.1" 200 80 "http://localhost:8085/zentao/backup/" "Mozilla/5.0 (Macintosh; Intel Mac OS X 10_14_6) AppleWebKit/537.36 (KHTML, like Gecko) Chrome/83.0.4103.61 Safari/537.36"
172.30.0.1 - - [27/May/2020:05:53:13 +0000] "GET /zentao/backup-ajaxGetProgress.html HTTP/1.1" 200 80 "http://localhost:8085/zentao/backup/" "Mozilla/5.0 (Macintosh; Intel Mac OS X 10_14_6) AppleWebKit/537.36 (KHTML, like Gecko) Chrome/83.0.4103.61 Safari/537.36"
172.30.0.1 - - [27/May/2020:05:53:14 +0000] "GET /zentao/backup-ajaxGetProgress.html HTTP/1.1" 200 80 "http://localhost:8085/zentao/backup/" "Mozilla/5.0 (Macintosh; Intel Mac OS X 10_14_6) AppleWebKit/537.36 (KHTML, like Gecko) Chrome/83.0.4103.61 Safari/537.36"
172.30.0.1 - - [27/May/2020:05:53:15 +0000] "GET /zentao/backup-ajaxGetProgress.html HTTP/1.1" 200 80 "http://localhost:8085/zentao/backup/" "Mozilla/5.0 (Macintosh; Intel Mac OS X 10_14_6) AppleWebKit/537.36 (KHTML, like Gecko) Chrome/83.0.4103.61 Safari/537.36"
172.30.0.1 - - [27/May/2020:05:53:16 +0000] "GET /zentao/backup-ajaxGetProgress.html HTTP/1.1" 200 80 "http://localhost:8085/zentao/backup/" "Mozilla/5.0 (Macintosh; Intel Mac OS X 10_14_6) AppleWebKit/537.36 (KHTML, like Gecko) Chrome/83.0.4103.61 Safari/537.36"
172.30.0.1 - - [27/May/2020:05:53:17 +0000] "GET /zentao/backup-ajaxGetProgress.html HTTP/1.1" 200 80 "http://localhost:8085/zentao/backup/" "Mozilla/5.0 (Macintosh; Intel Mac OS X 10_14_6) AppleWebKit/537.36 (KHTML, like Gecko) Chrome/83.0.4103.61 Safari/537.36"
172.30.0.1 - - [27/May/2020:05:53:18 +0000] "GET /zentao/backup-ajaxGetProgress.html HTTP/1.1" 200 80 "http://localhost:8085/zentao/backup/" "Mozilla/5.0 (Macintosh; Intel Mac OS X 10_14_6) AppleWebKit/537.36 (KHTML, like Gecko) Chrome/83.0.4103.61 Safari/537.36"
172.30.0.1 - - [27/May/2020:05:53:19 +0000] "GET /zentao/backup-ajaxGetProgress.html HTTP/1.1" 200 80 "http://localhost:8085/zentao/backup/" "Mozilla/5.0 (Macintosh; Intel Mac OS X 10_14_6) AppleWebKit/537.36 (KHTML, like Gecko) Chrome/83.0.4103.61 Safari/537.36"
127.0.0.1 - - [27/May/2020:05:53:20 +0000] "GET / HTTP/1.1" 200 56 "-" "Wget/1.19.4 (linux-gnu)"
172.30.0.1 - - [27/May/2020:05:53:20 +0000] "GET /zentao/backup-ajaxGetProgress.html HTTP/1.1" 200 80 "http://localhost:8085/zentao/backup/" "Mozilla/5.0 (Macintosh; Intel Mac OS X 10_14_6) AppleWebKit/537.36 (KHTML, like Gecko) Chrome/83.0.4103.61 Safari/537.36"
172.30.0.1 - - [27/May/2020:05:53:21 +0000] "GET /zentao/backup-ajaxGetProgress.html HTTP/1.1" 200 80 "http://localhost:8085/zentao/backup/" "Mozilla/5.0 (Macintosh; Intel Mac OS X 10_14_6) AppleWebKit/537.36 (KHTML, like Gecko) Chrome/83.0.4103.61 Safari/537.36"
172.30.0.1 - - [27/May/2020:05:53:21 +0000] "GET /zentao/backup-ajaxGetProgress.html HTTP/1.1" 200 80 "http://localhost:8085/zentao/backup/" "Mozilla/5.0 (Macintosh; Intel Mac OS X 10_14_6) AppleWebKit/537.36 (KHTML, like Gecko) Chrome/83.0.4103.61 Safari/537.36"
172.30.0.1 - - [27/May/2020:05:53:22 +0000] "GET /zentao/backup-ajaxGetProgress.html HTTP/1.1" 200 80 "http://localhost:8085/zentao/backup/" "Mozilla/5.0 (Macintosh; Intel Mac OS X 10_14_6) AppleWebKit/537.36 (KHTML, like Gecko) Chrome/83.0.4103.61 Safari/537.36"
172.30.0.1 - - [27/May/2020:05:53:23 +0000] "GET /zentao/backup-ajaxGetProgress.html HTTP/1.1" 200 80 "http://localhost:8085/zentao/backup/" "Mozilla/5.0 (Macintosh; Intel Mac OS X 10_14_6) AppleWebKit/537.36 (KHTML, like Gecko) Chrome/83.0.4103.61 Safari/537.36"
172.30.0.1 - - [27/May/2020:05:53:25 +0000] "GET /zentao/backup-ajaxGetProgress.html HTTP/1.1" 200 80 "http://localhost:8085/zentao/backup/" "Mozilla/5.0 (Macintosh; Intel Mac OS X 10_14_6) AppleWebKit/537.36 (KHTML, like Gecko) Chrome/83.0.4103.61 Safari/537.36"
172.30.0.1 - - [27/May/2020:05:53:26 +0000] "GET /zentao/backup-ajaxGetProgress.html HTTP/1.1" 200 80 "http://localhost:8085/zentao/backup/" "Mozilla/5.0 (Macintosh; Intel Mac OS X 10_14_6) AppleWebKit/537.36 (KHTML, like Gecko) Chrome/83.0.4103.61 Safari/537.36"
172.30.0.1 - - [27/May/2020:05:53:27 +0000] "GET /zentao/backup-ajaxGetProgress.html HTTP/1.1" 200 80 "http://localhost:8085/zentao/backup/" "Mozilla/5.0 (Macintosh; Intel Mac OS X 10_14_6) AppleWebKit/537.36 (KHTML, like Gecko) Chrome/83.0.4103.61 Safari/537.36"
172.30.0.1 - - [27/May/2020:05:53:28 +0000] "GET /zentao/backup-ajaxGetProgress.html HTTP/1.1" 200 80 "http://localhost:8085/zentao/backup/" "Mozilla/5.0 (Macintosh; Intel Mac OS X 10_14_6) AppleWebKit/537.36 (KHTML, like Gecko) Chrome/83.0.4103.61 Safari/537.36"
172.30.0.1 - - [27/May/2020:05:53:29 +0000] "GET /zentao/backup-ajaxGetProgress.html HTTP/1.1" 200 80 "http://localhost:8085/zentao/backup/" "Mozilla/5.0 (Macintosh; Intel Mac OS X 10_14_6) AppleWebKit/537.36 (KHTML, like Gecko) Chrome/83.0.4103.61 Safari/537.36"
172.30.0.1 - - [27/May/2020:05:53:30 +0000] "GET /zentao/backup-ajaxGetProgress.html HTTP/1.1" 200 80 "http://localhost:8085/zentao/backup/" "Mozilla/5.0 (Macintosh; Intel Mac OS X 10_14_6) AppleWebKit/537.36 (KHTML, like Gecko) Chrome/83.0.4103.61 Safari/537.36"
172.30.0.1 - - [27/May/2020:05:53:31 +0000] "GET /zentao/backup-ajaxGetProgress.html HTTP/1.1" 200 80 "http://localhost:8085/zentao/backup/" "Mozilla/5.0 (Macintosh; Intel Mac OS X 10_14_6) AppleWebKit/537.36 (KHTML, like Gecko) Chrome/83.0.4103.61 Safari/537.36"
172.30.0.1 - - [27/May/2020:05:53:32 +0000] "GET /zentao/backup-ajaxGetProgress.html HTTP/1.1" 200 80 "http://localhost:8085/zentao/backup/" "Mozilla/5.0 (Macintosh; Intel Mac OS X 10_14_6) AppleWebKit/537.36 (KHTML, like Gecko) Chrome/83.0.4103.61 Safari/537.36"
172.30.0.1 - - [27/May/2020:05:53:33 +0000] "GET /zentao/backup-ajaxGetProgress.html HTTP/1.1" 200 80 "http://localhost:8085/zentao/backup/" "Mozilla/5.0 (Macintosh; Intel Mac OS X 10_14_6) AppleWebKit/537.36 (KHTML, like Gecko) Chrome/83.0.4103.61 Safari/537.36"
172.30.0.1 - - [27/May/2020:05:53:34 +0000] "GET /zentao/backup-ajaxGetProgress.html HTTP/1.1" 200 80 "http://localhost:8085/zentao/backup/" "Mozilla/5.0 (Macintosh; Intel Mac OS X 10_14_6) AppleWebKit/537.36 (KHTML, like Gecko) Chrome/83.0.4103.61 Safari/537.36"
127.0.0.1 - - [27/May/2020:05:53:35 +0000] "GET / HTTP/1.1" 200 56 "-" "Wget/1.19.4 (linux-gnu)"
172.30.0.1 - - [27/May/2020:05:53:35 +0000] "GET /zentao/backup-ajaxGetProgress.html HTTP/1.1" 200 80 "http://localhost:8085/zentao/backup/" "Mozilla/5.0 (Macintosh; Intel Mac OS X 10_14_6) AppleWebKit/537.36 (KHTML, like Gecko) Chrome/83.0.4103.61 Safari/537.36"
172.30.0.1 - - [27/May/2020:05:53:36 +0000] "GET /zentao/backup-ajaxGetProgress.html HTTP/1.1" 200 80 "http://localhost:8085/zentao/backup/" "Mozilla/5.0 (Macintosh; Intel Mac OS X 10_14_6) AppleWebKit/537.36 (KHTML, like Gecko) Chrome/83.0.4103.61 Safari/537.36"
172.30.0.1 - - [27/May/2020:05:53:38 +0000] "GET /zentao/backup-ajaxGetProgress.html HTTP/1.1" 200 80 "http://localhost:8085/zentao/backup/" "Mozilla/5.0 (Macintosh; Intel Mac OS X 10_14_6) AppleWebKit/537.36 (KHTML, like Gecko) Chrome/83.0.4103.61 Safari/537.36"
172.30.0.1 - - [27/May/2020:05:53:41 +0000] "GET /zentao/backup-ajaxGetProgress.html HTTP/1.1" 200 80 "http://localhost:8085/zentao/backup/" "Mozilla/5.0 (Macintosh; Intel Mac OS X 10_14_6) AppleWebKit/537.36 (KHTML, like Gecko) Chrome/83.0.4103.61 Safari/537.36"
172.30.0.1 - - [27/May/2020:05:53:43 +0000] "GET /zentao/backup-ajaxGetProgress.html HTTP/1.1" 200 80 "http://localhost:8085/zentao/backup/" "Mozilla/5.0 (Macintosh; Intel Mac OS X 10_14_6) AppleWebKit/537.36 (KHTML, like Gecko) Chrome/83.0.4103.61 Safari/537.36"
172.30.0.1 - - [27/May/2020:05:53:44 +0000] "GET /zentao/backup-ajaxGetProgress.html HTTP/1.1" 200 80 "http://localhost:8085/zentao/backup/" "Mozilla/5.0 (Macintosh; Intel Mac OS X 10_14_6) AppleWebKit/537.36 (KHTML, like Gecko) Chrome/83.0.4103.61 Safari/537.36"
172.30.0.1 - - [27/May/2020:05:53:45 +0000] "GET /zentao/backup-ajaxGetProgress.html HTTP/1.1" 200 80 "http://localhost:8085/zentao/backup/" "Mozilla/5.0 (Macintosh; Intel Mac OS X 10_14_6) AppleWebKit/537.36 (KHTML, like Gecko) Chrome/83.0.4103.61 Safari/537.36"
172.30.0.1 - - [27/May/2020:05:53:46 +0000] "GET /zentao/backup-ajaxGetProgress.html HTTP/1.1" 200 80 "http://localhost:8085/zentao/backup/" "Mozilla/5.0 (Macintosh; Intel Mac OS X 10_14_6) AppleWebKit/537.36 (KHTML, like Gecko) Chrome/83.0.4103.61 Safari/537.36"
172.30.0.1 - - [27/May/2020:05:53:47 +0000] "GET /zentao/backup-ajaxGetProgress.html HTTP/1.1" 200 80 "http://localhost:8085/zentao/backup/" "Mozilla/5.0 (Macintosh; Intel Mac OS X 10_14_6) AppleWebKit/537.36 (KHTML, like Gecko) Chrome/83.0.4103.61 Safari/537.36"
172.30.0.1 - - [27/May/2020:05:53:48 +0000] "GET /zentao/backup-ajaxGetProgress.html HTTP/1.1" 200 80 "http://localhost:8085/zentao/backup/" "Mozilla/5.0 (Macintosh; Intel Mac OS X 10_14_6) AppleWebKit/537.36 (KHTML, like Gecko) Chrome/83.0.4103.61 Safari/537.36"
172.30.0.1 - - [27/May/2020:05:53:48 +0000] "GET /zentao/backup-ajaxGetProgress.html HTTP/1.1" 200 80 "http://localhost:8085/zentao/backup/" "Mozilla/5.0 (Macintosh; Intel Mac OS X 10_14_6) AppleWebKit/537.36 (KHTML, like Gecko) Chrome/83.0.4103.61 Safari/537.36"
172.30.0.1 - - [27/May/2020:05:53:49 +0000] "GET /zentao/backup-ajaxGetProgress.html HTTP/1.1" 200 80 "http://localhost:8085/zentao/backup/" "Mozilla/5.0 (Macintosh; Intel Mac OS X 10_14_6) AppleWebKit/537.36 (KHTML, like Gecko) Chrome/83.0.4103.61 Safari/537.36"
172.30.0.1 - - [27/May/2020:05:53:49 +0000] "GET /zentao/backup-ajaxGetProgress.html HTTP/1.1" 200 80 "http://localhost:8085/zentao/backup/" "Mozilla/5.0 (Macintosh; Intel Mac OS X 10_14_6) AppleWebKit/537.36 (KHTML, like Gecko) Chrome/83.0.4103.61 Safari/537.36"
172.30.0.1 - - [27/May/2020:05:53:50 +0000] "GET /zentao/backup-ajaxGetProgress.html HTTP/1.1" 200 80 "http://localhost:8085/zentao/backup/" "Mozilla/5.0 (Macintosh; Intel Mac OS X 10_14_6) AppleWebKit/537.36 (KHTML, like Gecko) Chrome/83.0.4103.61 Safari/537.36"
172.30.0.1 - - [27/May/2020:05:53:51 +0000] "GET /zentao/backup-ajaxGetProgress.html HTTP/1.1" 200 80 "http://localhost:8085/zentao/backup/" "Mozilla/5.0 (Macintosh; Intel Mac OS X 10_14_6) AppleWebKit/537.36 (KHTML, like Gecko) Chrome/83.0.4103.61 Safari/537.36"
172.30.0.1 - - [27/May/2020:05:53:51 +0000] "GET /zentao/backup-ajaxGetProgress.html HTTP/1.1" 200 80 "http://localhost:8085/zentao/backup/" "Mozilla/5.0 (Macintosh; Intel Mac OS X 10_14_6) AppleWebKit/537.36 (KHTML, like Gecko) Chrome/83.0.4103.61 Safari/537.36"
172.30.0.1 - - [27/May/2020:05:53:52 +0000] "GET /zentao/backup-ajaxGetProgress.html HTTP/1.1" 200 80 "http://localhost:8085/zentao/backup/" "Mozilla/5.0 (Macintosh; Intel Mac OS X 10_14_6) AppleWebKit/537.36 (KHTML, like Gecko) Chrome/83.0.4103.61 Safari/537.36"
172.30.0.1 - - [27/May/2020:05:53:53 +0000] "GET /zentao/backup-ajaxGetProgress.html HTTP/1.1" 200 80 "http://localhost:8085/zentao/backup/" "Mozilla/5.0 (Macintosh; Intel Mac OS X 10_14_6) AppleWebKit/537.36 (KHTML, like Gecko) Chrome/83.0.4103.61 Safari/537.36"
172.30.0.1 - - [27/May/2020:05:53:54 +0000] "GET /zentao/backup-ajaxGetProgress.html HTTP/1.1" 200 80 "http://localhost:8085/zentao/backup/" "Mozilla/5.0 (Macintosh; Intel Mac OS X 10_14_6) AppleWebKit/537.36 (KHTML, like Gecko) Chrome/83.0.4103.61 Safari/537.36"
172.30.0.1 - - [27/May/2020:05:53:55 +0000] "GET /zentao/backup-ajaxGetProgress.html HTTP/1.1" 200 80 "http://localhost:8085/zentao/backup/" "Mozilla/5.0 (Macintosh; Intel Mac OS X 10_14_6) AppleWebKit/537.36 (KHTML, like Gecko) Chrome/83.0.4103.61 Safari/537.36"
172.30.0.1 - - [27/May/2020:05:53:57 +0000] "GET /zentao/backup-ajaxGetProgress.html HTTP/1.1" 200 80 "http://localhost:8085/zentao/backup/" "Mozilla/5.0 (Macintosh; Intel Mac OS X 10_14_6) AppleWebKit/537.36 (KHTML, like Gecko) Chrome/83.0.4103.61 Safari/537.36"
