127.0.0.1 - - [28/May/2020:02:57:27 +0000] "GET / HTTP/1.1" 200 56 "-" "Wget/1.19.4 (linux-gnu)"
127.0.0.1 - - [28/May/2020:02:57:53 +0000] "GET / HTTP/1.1" 200 56 "-" "Wget/1.19.4 (linux-gnu)"
127.0.0.1 - - [28/May/2020:02:57:57 +0000] "GET / HTTP/1.1" 200 56 "-" "Wget/1.19.4 (linux-gnu)"
127.0.0.1 - - [28/May/2020:02:58:27 +0000] "GET / HTTP/1.1" 200 56 "-" "Wget/1.19.4 (linux-gnu)"
127.0.0.1 - - [28/May/2020:02:58:38 +0000] "GET / HTTP/1.1" 200 56 "-" "Wget/1.19.4 (linux-gnu)"
127.0.0.1 - - [28/May/2020:02:58:57 +0000] "GET / HTTP/1.1" 200 56 "-" "Wget/1.19.4 (linux-gnu)"
127.0.0.1 - - [28/May/2020:02:59:23 +0000] "GET / HTTP/1.1" 200 56 "-" "Wget/1.19.4 (linux-gnu)"
127.0.0.1 - - [28/May/2020:02:59:27 +0000] "GET / HTTP/1.1" 200 56 "-" "Wget/1.19.4 (linux-gnu)"
127.0.0.1 - - [28/May/2020:02:59:57 +0000] "GET / HTTP/1.1" 200 56 "-" "Wget/1.19.4 (linux-gnu)"
127.0.0.1 - - [28/May/2020:03:00:09 +0000] "GET / HTTP/1.1" 200 56 "-" "Wget/1.19.4 (linux-gnu)"
127.0.0.1 - - [28/May/2020:03:00:27 +0000] "GET / HTTP/1.1" 200 56 "-" "Wget/1.19.4 (linux-gnu)"
127.0.0.1 - - [28/May/2020:03:00:54 +0000] "GET / HTTP/1.1" 200 56 "-" "Wget/1.19.4 (linux-gnu)"
127.0.0.1 - - [28/May/2020:03:00:57 +0000] "GET / HTTP/1.1" 200 56 "-" "Wget/1.19.4 (linux-gnu)"
172.30.0.1 - mark [28/May/2020:03:01:04 +0000] "GET /zentao/message-ajaxGetMessage-1.html HTTP/1.1" 200 - "http://localhost:8085/zentao/my/" "Mozilla/5.0 (Macintosh; Intel Mac OS X 10_14_6) AppleWebKit/537.36 (KHTML, like Gecko) Chrome/83.0.4103.61 Safari/537.36"
127.0.0.1 - - [28/May/2020:03:01:27 +0000] "GET / HTTP/1.1" 200 56 "-" "Wget/1.19.4 (linux-gnu)"
127.0.0.1 - - [28/May/2020:03:01:39 +0000] "GET / HTTP/1.1" 200 56 "-" "Wget/1.19.4 (linux-gnu)"
127.0.0.1 - - [28/May/2020:03:01:57 +0000] "GET / HTTP/1.1" 200 56 "-" "Wget/1.19.4 (linux-gnu)"
127.0.0.1 - - [28/May/2020:03:02:24 +0000] "GET / HTTP/1.1" 200 56 "-" "Wget/1.19.4 (linux-gnu)"
127.0.0.1 - - [28/May/2020:03:02:27 +0000] "GET / HTTP/1.1" 200 56 "-" "Wget/1.19.4 (linux-gnu)"
127.0.0.1 - - [28/May/2020:03:02:57 +0000] "GET / HTTP/1.1" 200 56 "-" "Wget/1.19.4 (linux-gnu)"
127.0.0.1 - - [28/May/2020:03:03:09 +0000] "GET / HTTP/1.1" 200 56 "-" "Wget/1.19.4 (linux-gnu)"
127.0.0.1 - - [28/May/2020:03:03:27 +0000] "GET / HTTP/1.1" 200 56 "-" "Wget/1.19.4 (linux-gnu)"
127.0.0.1 - - [28/May/2020:03:03:54 +0000] "GET / HTTP/1.1" 200 56 "-" "Wget/1.19.4 (linux-gnu)"
127.0.0.1 - - [28/May/2020:03:03:57 +0000] "GET / HTTP/1.1" 200 56 "-" "Wget/1.19.4 (linux-gnu)"
127.0.0.1 - - [28/May/2020:03:04:27 +0000] "GET / HTTP/1.1" 200 56 "-" "Wget/1.19.4 (linux-gnu)"
127.0.0.1 - - [28/May/2020:03:04:39 +0000] "GET / HTTP/1.1" 200 56 "-" "Wget/1.19.4 (linux-gnu)"
127.0.0.1 - - [28/May/2020:03:04:57 +0000] "GET / HTTP/1.1" 200 56 "-" "Wget/1.19.4 (linux-gnu)"
127.0.0.1 - - [28/May/2020:03:05:24 +0000] "GET / HTTP/1.1" 200 56 "-" "Wget/1.19.4 (linux-gnu)"
127.0.0.1 - - [28/May/2020:03:05:27 +0000] "GET / HTTP/1.1" 200 56 "-" "Wget/1.19.4 (linux-gnu)"
127.0.0.1 - - [28/May/2020:03:05:57 +0000] "GET / HTTP/1.1" 200 56 "-" "Wget/1.19.4 (linux-gnu)"
172.30.0.1 - mark [28/May/2020:03:06:04 +0000] "GET /zentao/message-ajaxGetMessage-1.html HTTP/1.1" 200 - "http://localhost:8085/zentao/my/" "Mozilla/5.0 (Macintosh; Intel Mac OS X 10_14_6) AppleWebKit/537.36 (KHTML, like Gecko) Chrome/83.0.4103.61 Safari/537.36"
127.0.0.1 - - [28/May/2020:03:06:09 +0000] "GET / HTTP/1.1" 200 56 "-" "Wget/1.19.4 (linux-gnu)"
127.0.0.1 - - [28/May/2020:03:06:27 +0000] "GET / HTTP/1.1" 200 56 "-" "Wget/1.19.4 (linux-gnu)"
127.0.0.1 - - [28/May/2020:03:06:54 +0000] "GET / HTTP/1.1" 200 56 "-" "Wget/1.19.4 (linux-gnu)"
127.0.0.1 - - [28/May/2020:03:06:57 +0000] "GET / HTTP/1.1" 200 56 "-" "Wget/1.19.4 (linux-gnu)"
127.0.0.1 - - [28/May/2020:03:07:27 +0000] "GET / HTTP/1.1" 200 56 "-" "Wget/1.19.4 (linux-gnu)"
127.0.0.1 - - [28/May/2020:03:07:40 +0000] "GET / HTTP/1.1" 200 56 "-" "Wget/1.19.4 (linux-gnu)"
127.0.0.1 - - [28/May/2020:03:07:57 +0000] "GET / HTTP/1.1" 200 56 "-" "Wget/1.19.4 (linux-gnu)"
127.0.0.1 - - [28/May/2020:03:08:25 +0000] "GET / HTTP/1.1" 200 56 "-" "Wget/1.19.4 (linux-gnu)"
127.0.0.1 - - [28/May/2020:03:08:27 +0000] "GET / HTTP/1.1" 200 56 "-" "Wget/1.19.4 (linux-gnu)"
127.0.0.1 - - [28/May/2020:03:08:57 +0000] "GET / HTTP/1.1" 200 56 "-" "Wget/1.19.4 (linux-gnu)"
127.0.0.1 - - [28/May/2020:03:09:10 +0000] "GET / HTTP/1.1" 200 56 "-" "Wget/1.19.4 (linux-gnu)"
127.0.0.1 - - [28/May/2020:03:09:27 +0000] "GET / HTTP/1.1" 200 56 "-" "Wget/1.19.4 (linux-gnu)"
127.0.0.1 - - [28/May/2020:03:09:55 +0000] "GET / HTTP/1.1" 200 56 "-" "Wget/1.19.4 (linux-gnu)"
127.0.0.1 - - [28/May/2020:03:09:57 +0000] "GET / HTTP/1.1" 200 56 "-" "Wget/1.19.4 (linux-gnu)"
127.0.0.1 - - [28/May/2020:03:10:27 +0000] "GET / HTTP/1.1" 200 56 "-" "Wget/1.19.4 (linux-gnu)"
127.0.0.1 - - [28/May/2020:03:10:40 +0000] "GET / HTTP/1.1" 200 56 "-" "Wget/1.19.4 (linux-gnu)"
127.0.0.1 - - [28/May/2020:03:10:57 +0000] "GET / HTTP/1.1" 200 56 "-" "Wget/1.19.4 (linux-gnu)"
172.30.0.1 - mark [28/May/2020:03:11:04 +0000] "GET /zentao/message-ajaxGetMessage-1.html HTTP/1.1" 200 - "http://localhost:8085/zentao/my/" "Mozilla/5.0 (Macintosh; Intel Mac OS X 10_14_6) AppleWebKit/537.36 (KHTML, like Gecko) Chrome/83.0.4103.61 Safari/537.36"
127.0.0.1 - - [28/May/2020:03:11:25 +0000] "GET / HTTP/1.1" 200 56 "-" "Wget/1.19.4 (linux-gnu)"
127.0.0.1 - - [28/May/2020:03:11:27 +0000] "GET / HTTP/1.1" 200 56 "-" "Wget/1.19.4 (linux-gnu)"
127.0.0.1 - - [28/May/2020:03:11:57 +0000] "GET / HTTP/1.1" 200 56 "-" "Wget/1.19.4 (linux-gnu)"
127.0.0.1 - - [28/May/2020:03:12:10 +0000] "GET / HTTP/1.1" 200 56 "-" "Wget/1.19.4 (linux-gnu)"
127.0.0.1 - - [28/May/2020:03:12:27 +0000] "GET / HTTP/1.1" 200 56 "-" "Wget/1.19.4 (linux-gnu)"
127.0.0.1 - - [28/May/2020:03:12:55 +0000] "GET / HTTP/1.1" 200 56 "-" "Wget/1.19.4 (linux-gnu)"
127.0.0.1 - - [28/May/2020:03:12:57 +0000] "GET / HTTP/1.1" 200 56 "-" "Wget/1.19.4 (linux-gnu)"
127.0.0.1 - - [28/May/2020:03:13:27 +0000] "GET / HTTP/1.1" 200 56 "-" "Wget/1.19.4 (linux-gnu)"
127.0.0.1 - - [28/May/2020:03:13:40 +0000] "GET / HTTP/1.1" 200 56 "-" "Wget/1.19.4 (linux-gnu)"
127.0.0.1 - - [28/May/2020:03:13:57 +0000] "GET / HTTP/1.1" 200 56 "-" "Wget/1.19.4 (linux-gnu)"
127.0.0.1 - - [28/May/2020:03:14:26 +0000] "GET / HTTP/1.1" 200 56 "-" "Wget/1.19.4 (linux-gnu)"
127.0.0.1 - - [28/May/2020:03:14:27 +0000] "GET / HTTP/1.1" 200 56 "-" "Wget/1.19.4 (linux-gnu)"
127.0.0.1 - - [28/May/2020:03:14:57 +0000] "GET / HTTP/1.1" 200 56 "-" "Wget/1.19.4 (linux-gnu)"
127.0.0.1 - - [28/May/2020:03:15:11 +0000] "GET / HTTP/1.1" 200 56 "-" "Wget/1.19.4 (linux-gnu)"
127.0.0.1 - - [28/May/2020:03:15:27 +0000] "GET / HTTP/1.1" 200 56 "-" "Wget/1.19.4 (linux-gnu)"
127.0.0.1 - - [28/May/2020:03:15:56 +0000] "GET / HTTP/1.1" 200 56 "-" "Wget/1.19.4 (linux-gnu)"
127.0.0.1 - - [28/May/2020:03:15:57 +0000] "GET / HTTP/1.1" 200 56 "-" "Wget/1.19.4 (linux-gnu)"
127.0.0.1 - - [28/May/2020:03:16:27 +0000] "GET / HTTP/1.1" 200 56 "-" "Wget/1.19.4 (linux-gnu)"
127.0.0.1 - - [28/May/2020:03:16:41 +0000] "GET / HTTP/1.1" 200 56 "-" "Wget/1.19.4 (linux-gnu)"
127.0.0.1 - - [28/May/2020:03:16:57 +0000] "GET / HTTP/1.1" 200 56 "-" "Wget/1.19.4 (linux-gnu)"
127.0.0.1 - - [28/May/2020:03:17:26 +0000] "GET / HTTP/1.1" 200 56 "-" "Wget/1.19.4 (linux-gnu)"
127.0.0.1 - - [28/May/2020:03:17:27 +0000] "GET / HTTP/1.1" 200 56 "-" "Wget/1.19.4 (linux-gnu)"
127.0.0.1 - - [28/May/2020:03:17:57 +0000] "GET / HTTP/1.1" 200 56 "-" "Wget/1.19.4 (linux-gnu)"
127.0.0.1 - - [28/May/2020:03:18:11 +0000] "GET / HTTP/1.1" 200 56 "-" "Wget/1.19.4 (linux-gnu)"
127.0.0.1 - - [28/May/2020:03:18:27 +0000] "GET / HTTP/1.1" 200 56 "-" "Wget/1.19.4 (linux-gnu)"
127.0.0.1 - - [28/May/2020:03:18:56 +0000] "GET / HTTP/1.1" 200 56 "-" "Wget/1.19.4 (linux-gnu)"
127.0.0.1 - - [28/May/2020:03:18:57 +0000] "GET / HTTP/1.1" 200 56 "-" "Wget/1.19.4 (linux-gnu)"
127.0.0.1 - - [28/May/2020:03:19:27 +0000] "GET / HTTP/1.1" 200 56 "-" "Wget/1.19.4 (linux-gnu)"
127.0.0.1 - - [28/May/2020:03:19:42 +0000] "GET / HTTP/1.1" 200 56 "-" "Wget/1.19.4 (linux-gnu)"
127.0.0.1 - - [28/May/2020:03:19:57 +0000] "GET / HTTP/1.1" 200 56 "-" "Wget/1.19.4 (linux-gnu)"
127.0.0.1 - - [28/May/2020:03:20:27 +0000] "GET / HTTP/1.1" 200 56 "-" "Wget/1.19.4 (linux-gnu)"
127.0.0.1 - - [28/May/2020:03:20:27 +0000] "GET / HTTP/1.1" 200 56 "-" "Wget/1.19.4 (linux-gnu)"
127.0.0.1 - - [28/May/2020:03:20:57 +0000] "GET / HTTP/1.1" 200 56 "-" "Wget/1.19.4 (linux-gnu)"
127.0.0.1 - - [28/May/2020:03:21:12 +0000] "GET / HTTP/1.1" 200 56 "-" "Wget/1.19.4 (linux-gnu)"
127.0.0.1 - - [28/May/2020:03:21:27 +0000] "GET / HTTP/1.1" 200 56 "-" "Wget/1.19.4 (linux-gnu)"
127.0.0.1 - - [28/May/2020:03:21:57 +0000] "GET / HTTP/1.1" 200 56 "-" "Wget/1.19.4 (linux-gnu)"
127.0.0.1 - - [28/May/2020:03:21:57 +0000] "GET / HTTP/1.1" 200 56 "-" "Wget/1.19.4 (linux-gnu)"
127.0.0.1 - - [28/May/2020:03:22:27 +0000] "GET / HTTP/1.1" 200 56 "-" "Wget/1.19.4 (linux-gnu)"
127.0.0.1 - - [28/May/2020:03:22:42 +0000] "GET / HTTP/1.1" 200 56 "-" "Wget/1.19.4 (linux-gnu)"
127.0.0.1 - - [28/May/2020:03:22:57 +0000] "GET / HTTP/1.1" 200 56 "-" "Wget/1.19.4 (linux-gnu)"
127.0.0.1 - - [28/May/2020:03:23:27 +0000] "GET / HTTP/1.1" 200 56 "-" "Wget/1.19.4 (linux-gnu)"
127.0.0.1 - - [28/May/2020:03:23:27 +0000] "GET / HTTP/1.1" 200 56 "-" "Wget/1.19.4 (linux-gnu)"
127.0.0.1 - - [28/May/2020:03:23:57 +0000] "GET / HTTP/1.1" 200 56 "-" "Wget/1.19.4 (linux-gnu)"
127.0.0.1 - - [28/May/2020:03:24:12 +0000] "GET / HTTP/1.1" 200 56 "-" "Wget/1.19.4 (linux-gnu)"
127.0.0.1 - - [28/May/2020:03:24:27 +0000] "GET / HTTP/1.1" 200 56 "-" "Wget/1.19.4 (linux-gnu)"
127.0.0.1 - - [28/May/2020:03:24:57 +0000] "GET / HTTP/1.1" 200 56 "-" "Wget/1.19.4 (linux-gnu)"
127.0.0.1 - - [28/May/2020:03:24:58 +0000] "GET / HTTP/1.1" 200 56 "-" "Wget/1.19.4 (linux-gnu)"
127.0.0.1 - - [28/May/2020:03:25:27 +0000] "GET / HTTP/1.1" 200 56 "-" "Wget/1.19.4 (linux-gnu)"
127.0.0.1 - - [28/May/2020:03:25:43 +0000] "GET / HTTP/1.1" 200 56 "-" "Wget/1.19.4 (linux-gnu)"
127.0.0.1 - - [28/May/2020:03:25:57 +0000] "GET / HTTP/1.1" 200 56 "-" "Wget/1.19.4 (linux-gnu)"
127.0.0.1 - - [28/May/2020:03:26:27 +0000] "GET / HTTP/1.1" 200 56 "-" "Wget/1.19.4 (linux-gnu)"
127.0.0.1 - - [28/May/2020:03:26:28 +0000] "GET / HTTP/1.1" 200 56 "-" "Wget/1.19.4 (linux-gnu)"
127.0.0.1 - - [28/May/2020:03:26:57 +0000] "GET / HTTP/1.1" 200 56 "-" "Wget/1.19.4 (linux-gnu)"
127.0.0.1 - - [28/May/2020:03:27:13 +0000] "GET / HTTP/1.1" 200 56 "-" "Wget/1.19.4 (linux-gnu)"
127.0.0.1 - - [28/May/2020:03:27:27 +0000] "GET / HTTP/1.1" 200 56 "-" "Wget/1.19.4 (linux-gnu)"
127.0.0.1 - - [28/May/2020:03:27:57 +0000] "GET / HTTP/1.1" 200 56 "-" "Wget/1.19.4 (linux-gnu)"
127.0.0.1 - - [28/May/2020:03:27:58 +0000] "GET / HTTP/1.1" 200 56 "-" "Wget/1.19.4 (linux-gnu)"
127.0.0.1 - - [28/May/2020:03:28:27 +0000] "GET / HTTP/1.1" 200 56 "-" "Wget/1.19.4 (linux-gnu)"
127.0.0.1 - - [28/May/2020:03:28:43 +0000] "GET / HTTP/1.1" 200 56 "-" "Wget/1.19.4 (linux-gnu)"
127.0.0.1 - - [28/May/2020:03:28:57 +0000] "GET / HTTP/1.1" 200 56 "-" "Wget/1.19.4 (linux-gnu)"
127.0.0.1 - - [28/May/2020:03:29:27 +0000] "GET / HTTP/1.1" 200 56 "-" "Wget/1.19.4 (linux-gnu)"
127.0.0.1 - - [28/May/2020:03:29:28 +0000] "GET / HTTP/1.1" 200 56 "-" "Wget/1.19.4 (linux-gnu)"
127.0.0.1 - - [28/May/2020:03:29:57 +0000] "GET / HTTP/1.1" 200 56 "-" "Wget/1.19.4 (linux-gnu)"
127.0.0.1 - - [28/May/2020:03:30:14 +0000] "GET / HTTP/1.1" 200 56 "-" "Wget/1.19.4 (linux-gnu)"
127.0.0.1 - - [28/May/2020:03:30:27 +0000] "GET / HTTP/1.1" 200 56 "-" "Wget/1.19.4 (linux-gnu)"
127.0.0.1 - - [28/May/2020:03:30:57 +0000] "GET / HTTP/1.1" 200 56 "-" "Wget/1.19.4 (linux-gnu)"
127.0.0.1 - - [28/May/2020:03:30:59 +0000] "GET / HTTP/1.1" 200 56 "-" "Wget/1.19.4 (linux-gnu)"
127.0.0.1 - - [28/May/2020:03:31:27 +0000] "GET / HTTP/1.1" 200 56 "-" "Wget/1.19.4 (linux-gnu)"
127.0.0.1 - - [28/May/2020:03:31:44 +0000] "GET / HTTP/1.1" 200 56 "-" "Wget/1.19.4 (linux-gnu)"
127.0.0.1 - - [28/May/2020:03:31:57 +0000] "GET / HTTP/1.1" 200 56 "-" "Wget/1.19.4 (linux-gnu)"
127.0.0.1 - - [28/May/2020:03:32:27 +0000] "GET / HTTP/1.1" 200 56 "-" "Wget/1.19.4 (linux-gnu)"
127.0.0.1 - - [28/May/2020:03:32:29 +0000] "GET / HTTP/1.1" 200 56 "-" "Wget/1.19.4 (linux-gnu)"
127.0.0.1 - - [28/May/2020:03:32:57 +0000] "GET / HTTP/1.1" 200 56 "-" "Wget/1.19.4 (linux-gnu)"
127.0.0.1 - - [28/May/2020:03:33:14 +0000] "GET / HTTP/1.1" 200 56 "-" "Wget/1.19.4 (linux-gnu)"
172.30.0.1 - - [28/May/2020:03:33:15 +0000] "GET / HTTP/1.1" 304 - "-" "Mozilla/5.0 (Macintosh; Intel Mac OS X 10_14_6) AppleWebKit/537.36 (KHTML, like Gecko) Chrome/83.0.4103.61 Safari/537.36"
172.30.0.1 - mark [28/May/2020:03:33:16 +0000] "GET /zentao/ HTTP/1.1" 302 - "http://localhost:8085/" "Mozilla/5.0 (Macintosh; Intel Mac OS X 10_14_6) AppleWebKit/537.36 (KHTML, like Gecko) Chrome/83.0.4103.61 Safari/537.36"
172.30.0.1 - mark [28/May/2020:03:33:17 +0000] "GET /zentao/my/ HTTP/1.1" 200 14372 "http://localhost:8085/" "Mozilla/5.0 (Macintosh; Intel Mac OS X 10_14_6) AppleWebKit/537.36 (KHTML, like Gecko) Chrome/83.0.4103.61 Safari/537.36"
127.0.0.1 - - [28/May/2020:03:33:27 +0000] "GET / HTTP/1.1" 200 56 "-" "Wget/1.19.4 (linux-gnu)"
127.0.0.1 - - [28/May/2020:03:33:57 +0000] "GET / HTTP/1.1" 200 56 "-" "Wget/1.19.4 (linux-gnu)"
127.0.0.1 - - [28/May/2020:03:33:59 +0000] "GET / HTTP/1.1" 200 56 "-" "Wget/1.19.4 (linux-gnu)"
127.0.0.1 - - [28/May/2020:03:34:27 +0000] "GET / HTTP/1.1" 200 56 "-" "Wget/1.19.4 (linux-gnu)"
127.0.0.1 - - [28/May/2020:03:34:44 +0000] "GET / HTTP/1.1" 200 56 "-" "Wget/1.19.4 (linux-gnu)"
127.0.0.1 - - [28/May/2020:03:34:57 +0000] "GET / HTTP/1.1" 200 56 "-" "Wget/1.19.4 (linux-gnu)"
127.0.0.1 - - [28/May/2020:03:35:27 +0000] "GET / HTTP/1.1" 200 56 "-" "Wget/1.19.4 (linux-gnu)"
127.0.0.1 - - [28/May/2020:03:35:30 +0000] "GET / HTTP/1.1" 200 56 "-" "Wget/1.19.4 (linux-gnu)"
127.0.0.1 - - [28/May/2020:03:35:57 +0000] "GET / HTTP/1.1" 200 56 "-" "Wget/1.19.4 (linux-gnu)"
127.0.0.1 - - [28/May/2020:03:36:15 +0000] "GET / HTTP/1.1" 200 56 "-" "Wget/1.19.4 (linux-gnu)"
127.0.0.1 - - [28/May/2020:03:36:27 +0000] "GET / HTTP/1.1" 200 56 "-" "Wget/1.19.4 (linux-gnu)"
127.0.0.1 - - [28/May/2020:03:36:57 +0000] "GET / HTTP/1.1" 200 56 "-" "Wget/1.19.4 (linux-gnu)"
127.0.0.1 - - [28/May/2020:03:37:00 +0000] "GET / HTTP/1.1" 200 56 "-" "Wget/1.19.4 (linux-gnu)"
127.0.0.1 - - [28/May/2020:03:37:27 +0000] "GET / HTTP/1.1" 200 56 "-" "Wget/1.19.4 (linux-gnu)"
127.0.0.1 - - [28/May/2020:03:37:45 +0000] "GET / HTTP/1.1" 200 56 "-" "Wget/1.19.4 (linux-gnu)"
127.0.0.1 - - [28/May/2020:03:37:57 +0000] "GET / HTTP/1.1" 200 56 "-" "Wget/1.19.4 (linux-gnu)"
172.30.0.1 - mark [28/May/2020:03:38:22 +0000] "GET /zentao/message-ajaxGetMessage-1.html HTTP/1.1" 200 - "http://localhost:8085/zentao/my/" "Mozilla/5.0 (Macintosh; Intel Mac OS X 10_14_6) AppleWebKit/537.36 (KHTML, like Gecko) Chrome/83.0.4103.61 Safari/537.36"
127.0.0.1 - - [28/May/2020:03:38:27 +0000] "GET / HTTP/1.1" 200 56 "-" "Wget/1.19.4 (linux-gnu)"
127.0.0.1 - - [28/May/2020:03:38:30 +0000] "GET / HTTP/1.1" 200 56 "-" "Wget/1.19.4 (linux-gnu)"
127.0.0.1 - - [28/May/2020:03:38:57 +0000] "GET / HTTP/1.1" 200 56 "-" "Wget/1.19.4 (linux-gnu)"
127.0.0.1 - - [28/May/2020:03:39:15 +0000] "GET / HTTP/1.1" 200 56 "-" "Wget/1.19.4 (linux-gnu)"
127.0.0.1 - - [28/May/2020:03:39:27 +0000] "GET / HTTP/1.1" 200 56 "-" "Wget/1.19.4 (linux-gnu)"
127.0.0.1 - - [28/May/2020:03:39:57 +0000] "GET / HTTP/1.1" 200 56 "-" "Wget/1.19.4 (linux-gnu)"
127.0.0.1 - - [28/May/2020:03:40:00 +0000] "GET / HTTP/1.1" 200 56 "-" "Wget/1.19.4 (linux-gnu)"
127.0.0.1 - - [28/May/2020:03:40:27 +0000] "GET / HTTP/1.1" 200 56 "-" "Wget/1.19.4 (linux-gnu)"
127.0.0.1 - - [28/May/2020:03:40:45 +0000] "GET / HTTP/1.1" 200 56 "-" "Wget/1.19.4 (linux-gnu)"
127.0.0.1 - - [28/May/2020:03:40:57 +0000] "GET / HTTP/1.1" 200 56 "-" "Wget/1.19.4 (linux-gnu)"
127.0.0.1 - - [28/May/2020:03:41:26 +0000] "GET / HTTP/1.1" 200 56 "-" "Wget/1.19.4 (linux-gnu)"
127.0.0.1 - - [28/May/2020:03:41:31 +0000] "GET / HTTP/1.1" 200 56 "-" "Wget/1.19.4 (linux-gnu)"
127.0.0.1 - - [28/May/2020:03:41:56 +0000] "GET / HTTP/1.1" 200 56 "-" "Wget/1.19.4 (linux-gnu)"
127.0.0.1 - - [28/May/2020:03:42:16 +0000] "GET / HTTP/1.1" 200 56 "-" "Wget/1.19.4 (linux-gnu)"
127.0.0.1 - - [28/May/2020:03:42:26 +0000] "GET / HTTP/1.1" 200 56 "-" "Wget/1.19.4 (linux-gnu)"
127.0.0.1 - - [28/May/2020:03:42:56 +0000] "GET / HTTP/1.1" 200 56 "-" "Wget/1.19.4 (linux-gnu)"
127.0.0.1 - - [28/May/2020:03:43:01 +0000] "GET / HTTP/1.1" 200 56 "-" "Wget/1.19.4 (linux-gnu)"
172.30.0.1 - mark [28/May/2020:03:43:20 +0000] "GET /zentao/message-ajaxGetMessage-1.html HTTP/1.1" 200 - "http://localhost:8085/zentao/my/" "Mozilla/5.0 (Macintosh; Intel Mac OS X 10_14_6) AppleWebKit/537.36 (KHTML, like Gecko) Chrome/83.0.4103.61 Safari/537.36"
127.0.0.1 - - [28/May/2020:03:43:26 +0000] "GET / HTTP/1.1" 200 56 "-" "Wget/1.19.4 (linux-gnu)"
127.0.0.1 - - [28/May/2020:03:43:46 +0000] "GET / HTTP/1.1" 200 56 "-" "Wget/1.19.4 (linux-gnu)"
127.0.0.1 - - [28/May/2020:03:43:56 +0000] "GET / HTTP/1.1" 200 56 "-" "Wget/1.19.4 (linux-gnu)"
127.0.0.1 - - [28/May/2020:03:44:26 +0000] "GET / HTTP/1.1" 200 56 "-" "Wget/1.19.4 (linux-gnu)"
127.0.0.1 - - [28/May/2020:03:44:31 +0000] "GET / HTTP/1.1" 200 56 "-" "Wget/1.19.4 (linux-gnu)"
127.0.0.1 - - [28/May/2020:03:44:56 +0000] "GET / HTTP/1.1" 200 56 "-" "Wget/1.19.4 (linux-gnu)"
127.0.0.1 - - [28/May/2020:03:45:16 +0000] "GET / HTTP/1.1" 200 56 "-" "Wget/1.19.4 (linux-gnu)"
127.0.0.1 - - [28/May/2020:03:45:26 +0000] "GET / HTTP/1.1" 200 56 "-" "Wget/1.19.4 (linux-gnu)"
127.0.0.1 - - [28/May/2020:03:45:56 +0000] "GET / HTTP/1.1" 200 56 "-" "Wget/1.19.4 (linux-gnu)"
127.0.0.1 - - [28/May/2020:03:46:01 +0000] "GET / HTTP/1.1" 200 56 "-" "Wget/1.19.4 (linux-gnu)"
127.0.0.1 - - [28/May/2020:03:46:26 +0000] "GET / HTTP/1.1" 200 56 "-" "Wget/1.19.4 (linux-gnu)"
127.0.0.1 - - [28/May/2020:03:46:46 +0000] "GET / HTTP/1.1" 200 56 "-" "Wget/1.19.4 (linux-gnu)"
127.0.0.1 - - [28/May/2020:03:46:56 +0000] "GET / HTTP/1.1" 200 56 "-" "Wget/1.19.4 (linux-gnu)"
127.0.0.1 - - [28/May/2020:03:47:26 +0000] "GET / HTTP/1.1" 200 56 "-" "Wget/1.19.4 (linux-gnu)"
127.0.0.1 - - [28/May/2020:03:47:31 +0000] "GET / HTTP/1.1" 200 56 "-" "Wget/1.19.4 (linux-gnu)"
127.0.0.1 - - [28/May/2020:03:47:56 +0000] "GET / HTTP/1.1" 200 56 "-" "Wget/1.19.4 (linux-gnu)"
127.0.0.1 - - [28/May/2020:03:48:17 +0000] "GET / HTTP/1.1" 200 56 "-" "Wget/1.19.4 (linux-gnu)"
172.30.0.1 - mark [28/May/2020:03:48:20 +0000] "GET /zentao/message-ajaxGetMessage-1.html HTTP/1.1" 200 - "http://localhost:8085/zentao/my/" "Mozilla/5.0 (Macintosh; Intel Mac OS X 10_14_6) AppleWebKit/537.36 (KHTML, like Gecko) Chrome/83.0.4103.61 Safari/537.36"
127.0.0.1 - - [28/May/2020:03:48:26 +0000] "GET / HTTP/1.1" 200 56 "-" "Wget/1.19.4 (linux-gnu)"
127.0.0.1 - - [28/May/2020:03:48:56 +0000] "GET / HTTP/1.1" 200 56 "-" "Wget/1.19.4 (linux-gnu)"
127.0.0.1 - - [28/May/2020:03:49:02 +0000] "GET / HTTP/1.1" 200 56 "-" "Wget/1.19.4 (linux-gnu)"
127.0.0.1 - - [28/May/2020:03:49:26 +0000] "GET / HTTP/1.1" 200 56 "-" "Wget/1.19.4 (linux-gnu)"
127.0.0.1 - - [28/May/2020:03:49:47 +0000] "GET / HTTP/1.1" 200 56 "-" "Wget/1.19.4 (linux-gnu)"
127.0.0.1 - - [28/May/2020:03:49:56 +0000] "GET / HTTP/1.1" 200 56 "-" "Wget/1.19.4 (linux-gnu)"
127.0.0.1 - - [28/May/2020:03:50:26 +0000] "GET / HTTP/1.1" 200 56 "-" "Wget/1.19.4 (linux-gnu)"
127.0.0.1 - - [28/May/2020:03:50:32 +0000] "GET / HTTP/1.1" 200 56 "-" "Wget/1.19.4 (linux-gnu)"
127.0.0.1 - - [28/May/2020:03:50:56 +0000] "GET / HTTP/1.1" 200 56 "-" "Wget/1.19.4 (linux-gnu)"
127.0.0.1 - - [28/May/2020:03:51:17 +0000] "GET / HTTP/1.1" 200 56 "-" "Wget/1.19.4 (linux-gnu)"
127.0.0.1 - - [28/May/2020:03:51:26 +0000] "GET / HTTP/1.1" 200 56 "-" "Wget/1.19.4 (linux-gnu)"
127.0.0.1 - - [28/May/2020:03:51:56 +0000] "GET / HTTP/1.1" 200 56 "-" "Wget/1.19.4 (linux-gnu)"
127.0.0.1 - - [28/May/2020:03:52:02 +0000] "GET / HTTP/1.1" 200 56 "-" "Wget/1.19.4 (linux-gnu)"
127.0.0.1 - - [28/May/2020:03:52:26 +0000] "GET / HTTP/1.1" 200 56 "-" "Wget/1.19.4 (linux-gnu)"
127.0.0.1 - - [28/May/2020:03:52:47 +0000] "GET / HTTP/1.1" 200 56 "-" "Wget/1.19.4 (linux-gnu)"
127.0.0.1 - - [28/May/2020:03:52:56 +0000] "GET / HTTP/1.1" 200 56 "-" "Wget/1.19.4 (linux-gnu)"
172.30.0.1 - mark [28/May/2020:03:53:20 +0000] "GET /zentao/message-ajaxGetMessage-1.html HTTP/1.1" 200 - "http://localhost:8085/zentao/my/" "Mozilla/5.0 (Macintosh; Intel Mac OS X 10_14_6) AppleWebKit/537.36 (KHTML, like Gecko) Chrome/83.0.4103.61 Safari/537.36"
127.0.0.1 - - [28/May/2020:03:53:26 +0000] "GET / HTTP/1.1" 200 56 "-" "Wget/1.19.4 (linux-gnu)"
127.0.0.1 - - [28/May/2020:03:53:32 +0000] "GET / HTTP/1.1" 200 56 "-" "Wget/1.19.4 (linux-gnu)"
127.0.0.1 - - [28/May/2020:03:53:56 +0000] "GET / HTTP/1.1" 200 56 "-" "Wget/1.19.4 (linux-gnu)"
127.0.0.1 - - [28/May/2020:03:54:18 +0000] "GET / HTTP/1.1" 200 56 "-" "Wget/1.19.4 (linux-gnu)"
127.0.0.1 - - [28/May/2020:03:54:26 +0000] "GET / HTTP/1.1" 200 56 "-" "Wget/1.19.4 (linux-gnu)"
127.0.0.1 - - [28/May/2020:03:54:56 +0000] "GET / HTTP/1.1" 200 56 "-" "Wget/1.19.4 (linux-gnu)"
127.0.0.1 - - [28/May/2020:03:55:03 +0000] "GET / HTTP/1.1" 200 56 "-" "Wget/1.19.4 (linux-gnu)"
127.0.0.1 - - [28/May/2020:03:55:26 +0000] "GET / HTTP/1.1" 200 56 "-" "Wget/1.19.4 (linux-gnu)"
127.0.0.1 - - [28/May/2020:03:55:48 +0000] "GET / HTTP/1.1" 200 56 "-" "Wget/1.19.4 (linux-gnu)"
127.0.0.1 - - [28/May/2020:03:55:56 +0000] "GET / HTTP/1.1" 200 56 "-" "Wget/1.19.4 (linux-gnu)"
127.0.0.1 - - [28/May/2020:03:56:26 +0000] "GET / HTTP/1.1" 200 56 "-" "Wget/1.19.4 (linux-gnu)"
127.0.0.1 - - [28/May/2020:03:56:33 +0000] "GET / HTTP/1.1" 200 56 "-" "Wget/1.19.4 (linux-gnu)"
127.0.0.1 - - [28/May/2020:03:56:56 +0000] "GET / HTTP/1.1" 200 56 "-" "Wget/1.19.4 (linux-gnu)"
127.0.0.1 - - [28/May/2020:03:57:18 +0000] "GET / HTTP/1.1" 200 56 "-" "Wget/1.19.4 (linux-gnu)"
127.0.0.1 - - [28/May/2020:03:57:26 +0000] "GET / HTTP/1.1" 200 56 "-" "Wget/1.19.4 (linux-gnu)"
127.0.0.1 - - [28/May/2020:03:57:56 +0000] "GET / HTTP/1.1" 200 56 "-" "Wget/1.19.4 (linux-gnu)"
127.0.0.1 - - [28/May/2020:03:58:03 +0000] "GET / HTTP/1.1" 200 56 "-" "Wget/1.19.4 (linux-gnu)"
172.30.0.1 - mark [28/May/2020:03:58:22 +0000] "GET /zentao/message-ajaxGetMessage-1.html HTTP/1.1" 200 - "http://localhost:8085/zentao/my/" "Mozilla/5.0 (Macintosh; Intel Mac OS X 10_14_6) AppleWebKit/537.36 (KHTML, like Gecko) Chrome/83.0.4103.61 Safari/537.36"
127.0.0.1 - - [28/May/2020:03:58:26 +0000] "GET / HTTP/1.1" 200 56 "-" "Wget/1.19.4 (linux-gnu)"
127.0.0.1 - - [28/May/2020:03:58:48 +0000] "GET / HTTP/1.1" 200 56 "-" "Wget/1.19.4 (linux-gnu)"
127.0.0.1 - - [28/May/2020:03:58:56 +0000] "GET / HTTP/1.1" 200 56 "-" "Wget/1.19.4 (linux-gnu)"
127.0.0.1 - - [28/May/2020:03:59:26 +0000] "GET / HTTP/1.1" 200 56 "-" "Wget/1.19.4 (linux-gnu)"
127.0.0.1 - - [28/May/2020:03:59:33 +0000] "GET / HTTP/1.1" 200 56 "-" "Wget/1.19.4 (linux-gnu)"
127.0.0.1 - - [28/May/2020:03:59:56 +0000] "GET / HTTP/1.1" 200 56 "-" "Wget/1.19.4 (linux-gnu)"
127.0.0.1 - - [28/May/2020:04:00:19 +0000] "GET / HTTP/1.1" 200 56 "-" "Wget/1.19.4 (linux-gnu)"
127.0.0.1 - - [28/May/2020:04:00:26 +0000] "GET / HTTP/1.1" 200 56 "-" "Wget/1.19.4 (linux-gnu)"
127.0.0.1 - - [28/May/2020:04:00:56 +0000] "GET / HTTP/1.1" 200 56 "-" "Wget/1.19.4 (linux-gnu)"
127.0.0.1 - - [28/May/2020:04:01:04 +0000] "GET / HTTP/1.1" 200 56 "-" "Wget/1.19.4 (linux-gnu)"
127.0.0.1 - - [28/May/2020:04:01:26 +0000] "GET / HTTP/1.1" 200 56 "-" "Wget/1.19.4 (linux-gnu)"
127.0.0.1 - - [28/May/2020:04:01:49 +0000] "GET / HTTP/1.1" 200 56 "-" "Wget/1.19.4 (linux-gnu)"
127.0.0.1 - - [28/May/2020:04:01:56 +0000] "GET / HTTP/1.1" 200 56 "-" "Wget/1.19.4 (linux-gnu)"
127.0.0.1 - - [28/May/2020:04:02:26 +0000] "GET / HTTP/1.1" 200 56 "-" "Wget/1.19.4 (linux-gnu)"
127.0.0.1 - - [28/May/2020:04:02:34 +0000] "GET / HTTP/1.1" 200 56 "-" "Wget/1.19.4 (linux-gnu)"
127.0.0.1 - - [28/May/2020:04:02:56 +0000] "GET / HTTP/1.1" 200 56 "-" "Wget/1.19.4 (linux-gnu)"
127.0.0.1 - - [28/May/2020:04:03:19 +0000] "GET / HTTP/1.1" 200 56 "-" "Wget/1.19.4 (linux-gnu)"
127.0.0.1 - - [28/May/2020:04:03:26 +0000] "GET / HTTP/1.1" 200 56 "-" "Wget/1.19.4 (linux-gnu)"
172.30.0.1 - mark [28/May/2020:04:03:28 +0000] "GET /zentao/message-ajaxGetMessage-1.html HTTP/1.1" 200 - "http://localhost:8085/zentao/my/" "Mozilla/5.0 (Macintosh; Intel Mac OS X 10_14_6) AppleWebKit/537.36 (KHTML, like Gecko) Chrome/83.0.4103.61 Safari/537.36"
127.0.0.1 - - [28/May/2020:04:03:56 +0000] "GET / HTTP/1.1" 200 56 "-" "Wget/1.19.4 (linux-gnu)"
127.0.0.1 - - [28/May/2020:04:04:04 +0000] "GET / HTTP/1.1" 200 56 "-" "Wget/1.19.4 (linux-gnu)"
127.0.0.1 - - [28/May/2020:04:04:26 +0000] "GET / HTTP/1.1" 200 56 "-" "Wget/1.19.4 (linux-gnu)"
127.0.0.1 - - [28/May/2020:04:04:49 +0000] "GET / HTTP/1.1" 200 56 "-" "Wget/1.19.4 (linux-gnu)"
127.0.0.1 - - [28/May/2020:04:04:56 +0000] "GET / HTTP/1.1" 200 56 "-" "Wget/1.19.4 (linux-gnu)"
127.0.0.1 - - [28/May/2020:04:05:26 +0000] "GET / HTTP/1.1" 200 56 "-" "Wget/1.19.4 (linux-gnu)"
127.0.0.1 - - [28/May/2020:04:05:34 +0000] "GET / HTTP/1.1" 200 56 "-" "Wget/1.19.4 (linux-gnu)"
127.0.0.1 - - [28/May/2020:04:05:56 +0000] "GET / HTTP/1.1" 200 56 "-" "Wget/1.19.4 (linux-gnu)"
127.0.0.1 - - [28/May/2020:04:06:19 +0000] "GET / HTTP/1.1" 200 56 "-" "Wget/1.19.4 (linux-gnu)"
127.0.0.1 - - [28/May/2020:04:06:26 +0000] "GET / HTTP/1.1" 200 56 "-" "Wget/1.19.4 (linux-gnu)"
127.0.0.1 - - [28/May/2020:04:06:56 +0000] "GET / HTTP/1.1" 200 56 "-" "Wget/1.19.4 (linux-gnu)"
127.0.0.1 - - [28/May/2020:04:07:04 +0000] "GET / HTTP/1.1" 200 56 "-" "Wget/1.19.4 (linux-gnu)"
127.0.0.1 - - [28/May/2020:04:07:26 +0000] "GET / HTTP/1.1" 200 56 "-" "Wget/1.19.4 (linux-gnu)"
127.0.0.1 - - [28/May/2020:04:07:50 +0000] "GET / HTTP/1.1" 200 56 "-" "Wget/1.19.4 (linux-gnu)"
127.0.0.1 - - [28/May/2020:04:07:56 +0000] "GET / HTTP/1.1" 200 56 "-" "Wget/1.19.4 (linux-gnu)"
172.30.0.1 - mark [28/May/2020:04:08:21 +0000] "GET /zentao/message-ajaxGetMessage-1.html HTTP/1.1" 200 - "http://localhost:8085/zentao/my/" "Mozilla/5.0 (Macintosh; Intel Mac OS X 10_14_6) AppleWebKit/537.36 (KHTML, like Gecko) Chrome/83.0.4103.61 Safari/537.36"
127.0.0.1 - - [28/May/2020:04:08:26 +0000] "GET / HTTP/1.1" 200 56 "-" "Wget/1.19.4 (linux-gnu)"
127.0.0.1 - - [28/May/2020:04:08:35 +0000] "GET / HTTP/1.1" 200 56 "-" "Wget/1.19.4 (linux-gnu)"
127.0.0.1 - - [28/May/2020:04:08:56 +0000] "GET / HTTP/1.1" 200 56 "-" "Wget/1.19.4 (linux-gnu)"
127.0.0.1 - - [28/May/2020:04:09:20 +0000] "GET / HTTP/1.1" 200 56 "-" "Wget/1.19.4 (linux-gnu)"
127.0.0.1 - - [28/May/2020:04:09:26 +0000] "GET / HTTP/1.1" 200 56 "-" "Wget/1.19.4 (linux-gnu)"
127.0.0.1 - - [28/May/2020:04:09:56 +0000] "GET / HTTP/1.1" 200 56 "-" "Wget/1.19.4 (linux-gnu)"
127.0.0.1 - - [28/May/2020:04:10:05 +0000] "GET / HTTP/1.1" 200 56 "-" "Wget/1.19.4 (linux-gnu)"
127.0.0.1 - - [28/May/2020:04:10:26 +0000] "GET / HTTP/1.1" 200 56 "-" "Wget/1.19.4 (linux-gnu)"
127.0.0.1 - - [28/May/2020:04:10:50 +0000] "GET / HTTP/1.1" 200 56 "-" "Wget/1.19.4 (linux-gnu)"
127.0.0.1 - - [28/May/2020:04:10:56 +0000] "GET / HTTP/1.1" 200 56 "-" "Wget/1.19.4 (linux-gnu)"
127.0.0.1 - - [28/May/2020:04:11:26 +0000] "GET / HTTP/1.1" 200 56 "-" "Wget/1.19.4 (linux-gnu)"
127.0.0.1 - - [28/May/2020:04:11:35 +0000] "GET / HTTP/1.1" 200 56 "-" "Wget/1.19.4 (linux-gnu)"
127.0.0.1 - - [28/May/2020:04:11:56 +0000] "GET / HTTP/1.1" 200 56 "-" "Wget/1.19.4 (linux-gnu)"
127.0.0.1 - - [28/May/2020:04:12:20 +0000] "GET / HTTP/1.1" 200 56 "-" "Wget/1.19.4 (linux-gnu)"
127.0.0.1 - - [28/May/2020:04:12:26 +0000] "GET / HTTP/1.1" 200 56 "-" "Wget/1.19.4 (linux-gnu)"
127.0.0.1 - - [28/May/2020:04:12:56 +0000] "GET / HTTP/1.1" 200 56 "-" "Wget/1.19.4 (linux-gnu)"
127.0.0.1 - - [28/May/2020:04:13:05 +0000] "GET / HTTP/1.1" 200 56 "-" "Wget/1.19.4 (linux-gnu)"
172.30.0.1 - mark [28/May/2020:04:13:22 +0000] "GET /zentao/message-ajaxGetMessage-1.html HTTP/1.1" 200 - "http://localhost:8085/zentao/my/" "Mozilla/5.0 (Macintosh; Intel Mac OS X 10_14_6) AppleWebKit/537.36 (KHTML, like Gecko) Chrome/83.0.4103.61 Safari/537.36"
127.0.0.1 - - [28/May/2020:04:13:26 +0000] "GET / HTTP/1.1" 200 56 "-" "Wget/1.19.4 (linux-gnu)"
127.0.0.1 - - [28/May/2020:04:13:51 +0000] "GET / HTTP/1.1" 200 56 "-" "Wget/1.19.4 (linux-gnu)"
127.0.0.1 - - [28/May/2020:04:13:56 +0000] "GET / HTTP/1.1" 200 56 "-" "Wget/1.19.4 (linux-gnu)"
127.0.0.1 - - [28/May/2020:04:14:26 +0000] "GET / HTTP/1.1" 200 56 "-" "Wget/1.19.4 (linux-gnu)"
127.0.0.1 - - [28/May/2020:04:14:36 +0000] "GET / HTTP/1.1" 200 56 "-" "Wget/1.19.4 (linux-gnu)"
127.0.0.1 - - [28/May/2020:04:14:56 +0000] "GET / HTTP/1.1" 200 56 "-" "Wget/1.19.4 (linux-gnu)"
127.0.0.1 - - [28/May/2020:04:15:21 +0000] "GET / HTTP/1.1" 200 56 "-" "Wget/1.19.4 (linux-gnu)"
127.0.0.1 - - [28/May/2020:04:15:26 +0000] "GET / HTTP/1.1" 200 56 "-" "Wget/1.19.4 (linux-gnu)"
127.0.0.1 - - [28/May/2020:04:15:56 +0000] "GET / HTTP/1.1" 200 56 "-" "Wget/1.19.4 (linux-gnu)"
127.0.0.1 - - [28/May/2020:04:16:06 +0000] "GET / HTTP/1.1" 200 56 "-" "Wget/1.19.4 (linux-gnu)"
127.0.0.1 - - [28/May/2020:04:16:26 +0000] "GET / HTTP/1.1" 200 56 "-" "Wget/1.19.4 (linux-gnu)"
127.0.0.1 - - [28/May/2020:04:16:51 +0000] "GET / HTTP/1.1" 200 56 "-" "Wget/1.19.4 (linux-gnu)"
127.0.0.1 - - [28/May/2020:04:16:56 +0000] "GET / HTTP/1.1" 200 56 "-" "Wget/1.19.4 (linux-gnu)"
127.0.0.1 - - [28/May/2020:04:17:26 +0000] "GET / HTTP/1.1" 200 56 "-" "Wget/1.19.4 (linux-gnu)"
127.0.0.1 - - [28/May/2020:04:17:36 +0000] "GET / HTTP/1.1" 200 56 "-" "Wget/1.19.4 (linux-gnu)"
127.0.0.1 - - [28/May/2020:04:17:56 +0000] "GET / HTTP/1.1" 200 56 "-" "Wget/1.19.4 (linux-gnu)"
172.30.0.1 - mark [28/May/2020:04:18:20 +0000] "GET /zentao/message-ajaxGetMessage-1.html HTTP/1.1" 200 - "http://localhost:8085/zentao/my/" "Mozilla/5.0 (Macintosh; Intel Mac OS X 10_14_6) AppleWebKit/537.36 (KHTML, like Gecko) Chrome/83.0.4103.61 Safari/537.36"
127.0.0.1 - - [28/May/2020:04:18:21 +0000] "GET / HTTP/1.1" 200 56 "-" "Wget/1.19.4 (linux-gnu)"
127.0.0.1 - - [28/May/2020:04:18:26 +0000] "GET / HTTP/1.1" 200 56 "-" "Wget/1.19.4 (linux-gnu)"
127.0.0.1 - - [28/May/2020:04:18:56 +0000] "GET / HTTP/1.1" 200 56 "-" "Wget/1.19.4 (linux-gnu)"
127.0.0.1 - - [28/May/2020:04:19:06 +0000] "GET / HTTP/1.1" 200 56 "-" "Wget/1.19.4 (linux-gnu)"
127.0.0.1 - - [28/May/2020:04:19:26 +0000] "GET / HTTP/1.1" 200 56 "-" "Wget/1.19.4 (linux-gnu)"
127.0.0.1 - - [28/May/2020:04:19:51 +0000] "GET / HTTP/1.1" 200 56 "-" "Wget/1.19.4 (linux-gnu)"
127.0.0.1 - - [28/May/2020:04:19:56 +0000] "GET / HTTP/1.1" 200 56 "-" "Wget/1.19.4 (linux-gnu)"
127.0.0.1 - - [28/May/2020:04:20:26 +0000] "GET / HTTP/1.1" 200 56 "-" "Wget/1.19.4 (linux-gnu)"
127.0.0.1 - - [28/May/2020:04:20:37 +0000] "GET / HTTP/1.1" 200 56 "-" "Wget/1.19.4 (linux-gnu)"
127.0.0.1 - - [28/May/2020:04:20:56 +0000] "GET / HTTP/1.1" 200 56 "-" "Wget/1.19.4 (linux-gnu)"
127.0.0.1 - - [28/May/2020:04:21:22 +0000] "GET / HTTP/1.1" 200 56 "-" "Wget/1.19.4 (linux-gnu)"
127.0.0.1 - - [28/May/2020:04:21:26 +0000] "GET / HTTP/1.1" 200 56 "-" "Wget/1.19.4 (linux-gnu)"
127.0.0.1 - - [28/May/2020:04:21:56 +0000] "GET / HTTP/1.1" 200 56 "-" "Wget/1.19.4 (linux-gnu)"
127.0.0.1 - - [28/May/2020:04:22:07 +0000] "GET / HTTP/1.1" 200 56 "-" "Wget/1.19.4 (linux-gnu)"
127.0.0.1 - - [28/May/2020:04:22:26 +0000] "GET / HTTP/1.1" 200 56 "-" "Wget/1.19.4 (linux-gnu)"
127.0.0.1 - - [28/May/2020:04:22:52 +0000] "GET / HTTP/1.1" 200 56 "-" "Wget/1.19.4 (linux-gnu)"
127.0.0.1 - - [28/May/2020:04:22:56 +0000] "GET / HTTP/1.1" 200 56 "-" "Wget/1.19.4 (linux-gnu)"
172.30.0.1 - mark [28/May/2020:04:23:22 +0000] "GET /zentao/message-ajaxGetMessage-1.html HTTP/1.1" 200 - "http://localhost:8085/zentao/my/" "Mozilla/5.0 (Macintosh; Intel Mac OS X 10_14_6) AppleWebKit/537.36 (KHTML, like Gecko) Chrome/83.0.4103.61 Safari/537.36"
127.0.0.1 - - [28/May/2020:04:23:25 +0000] "GET / HTTP/1.1" 200 56 "-" "Wget/1.19.4 (linux-gnu)"
127.0.0.1 - - [28/May/2020:04:23:37 +0000] "GET / HTTP/1.1" 200 56 "-" "Wget/1.19.4 (linux-gnu)"
127.0.0.1 - - [28/May/2020:04:23:55 +0000] "GET / HTTP/1.1" 200 56 "-" "Wget/1.19.4 (linux-gnu)"
127.0.0.1 - - [28/May/2020:04:24:22 +0000] "GET / HTTP/1.1" 200 56 "-" "Wget/1.19.4 (linux-gnu)"
127.0.0.1 - - [28/May/2020:04:24:25 +0000] "GET / HTTP/1.1" 200 56 "-" "Wget/1.19.4 (linux-gnu)"
127.0.0.1 - - [28/May/2020:04:24:55 +0000] "GET / HTTP/1.1" 200 56 "-" "Wget/1.19.4 (linux-gnu)"
127.0.0.1 - - [28/May/2020:04:25:07 +0000] "GET / HTTP/1.1" 200 56 "-" "Wget/1.19.4 (linux-gnu)"
127.0.0.1 - - [28/May/2020:04:25:25 +0000] "GET / HTTP/1.1" 200 56 "-" "Wget/1.19.4 (linux-gnu)"
127.0.0.1 - - [28/May/2020:04:25:52 +0000] "GET / HTTP/1.1" 200 56 "-" "Wget/1.19.4 (linux-gnu)"
127.0.0.1 - - [28/May/2020:04:25:55 +0000] "GET / HTTP/1.1" 200 56 "-" "Wget/1.19.4 (linux-gnu)"
127.0.0.1 - - [28/May/2020:04:26:25 +0000] "GET / HTTP/1.1" 200 56 "-" "Wget/1.19.4 (linux-gnu)"
127.0.0.1 - - [28/May/2020:04:26:37 +0000] "GET / HTTP/1.1" 200 56 "-" "Wget/1.19.4 (linux-gnu)"
127.0.0.1 - - [28/May/2020:04:26:55 +0000] "GET / HTTP/1.1" 200 56 "-" "Wget/1.19.4 (linux-gnu)"
127.0.0.1 - - [28/May/2020:04:27:22 +0000] "GET / HTTP/1.1" 200 56 "-" "Wget/1.19.4 (linux-gnu)"
127.0.0.1 - - [28/May/2020:04:27:25 +0000] "GET / HTTP/1.1" 200 56 "-" "Wget/1.19.4 (linux-gnu)"
127.0.0.1 - - [28/May/2020:04:27:55 +0000] "GET / HTTP/1.1" 200 56 "-" "Wget/1.19.4 (linux-gnu)"
127.0.0.1 - - [28/May/2020:04:28:08 +0000] "GET / HTTP/1.1" 200 56 "-" "Wget/1.19.4 (linux-gnu)"
172.30.0.1 - mark [28/May/2020:04:28:22 +0000] "GET /zentao/message-ajaxGetMessage-1.html HTTP/1.1" 200 - "http://localhost:8085/zentao/my/" "Mozilla/5.0 (Macintosh; Intel Mac OS X 10_14_6) AppleWebKit/537.36 (KHTML, like Gecko) Chrome/83.0.4103.61 Safari/537.36"
127.0.0.1 - - [28/May/2020:04:28:25 +0000] "GET / HTTP/1.1" 200 56 "-" "Wget/1.19.4 (linux-gnu)"
127.0.0.1 - - [28/May/2020:04:28:53 +0000] "GET / HTTP/1.1" 200 56 "-" "Wget/1.19.4 (linux-gnu)"
127.0.0.1 - - [28/May/2020:04:28:55 +0000] "GET / HTTP/1.1" 200 56 "-" "Wget/1.19.4 (linux-gnu)"
127.0.0.1 - - [28/May/2020:04:29:25 +0000] "GET / HTTP/1.1" 200 56 "-" "Wget/1.19.4 (linux-gnu)"
127.0.0.1 - - [28/May/2020:04:29:38 +0000] "GET / HTTP/1.1" 200 56 "-" "Wget/1.19.4 (linux-gnu)"
127.0.0.1 - - [28/May/2020:04:29:55 +0000] "GET / HTTP/1.1" 200 56 "-" "Wget/1.19.4 (linux-gnu)"
127.0.0.1 - - [28/May/2020:04:30:23 +0000] "GET / HTTP/1.1" 200 56 "-" "Wget/1.19.4 (linux-gnu)"
127.0.0.1 - - [28/May/2020:04:30:25 +0000] "GET / HTTP/1.1" 200 56 "-" "Wget/1.19.4 (linux-gnu)"
127.0.0.1 - - [28/May/2020:04:30:55 +0000] "GET / HTTP/1.1" 200 56 "-" "Wget/1.19.4 (linux-gnu)"
127.0.0.1 - - [28/May/2020:04:31:08 +0000] "GET / HTTP/1.1" 200 56 "-" "Wget/1.19.4 (linux-gnu)"
127.0.0.1 - - [28/May/2020:04:31:25 +0000] "GET / HTTP/1.1" 200 56 "-" "Wget/1.19.4 (linux-gnu)"
127.0.0.1 - - [28/May/2020:04:31:53 +0000] "GET / HTTP/1.1" 200 56 "-" "Wget/1.19.4 (linux-gnu)"
127.0.0.1 - - [28/May/2020:04:31:55 +0000] "GET / HTTP/1.1" 200 56 "-" "Wget/1.19.4 (linux-gnu)"
127.0.0.1 - - [28/May/2020:04:32:25 +0000] "GET / HTTP/1.1" 200 56 "-" "Wget/1.19.4 (linux-gnu)"
127.0.0.1 - - [28/May/2020:04:32:38 +0000] "GET / HTTP/1.1" 200 56 "-" "Wget/1.19.4 (linux-gnu)"
127.0.0.1 - - [28/May/2020:04:32:55 +0000] "GET / HTTP/1.1" 200 56 "-" "Wget/1.19.4 (linux-gnu)"
172.30.0.1 - mark [28/May/2020:04:33:22 +0000] "GET /zentao/message-ajaxGetMessage-1.html HTTP/1.1" 200 - "http://localhost:8085/zentao/my/" "Mozilla/5.0 (Macintosh; Intel Mac OS X 10_14_6) AppleWebKit/537.36 (KHTML, like Gecko) Chrome/83.0.4103.61 Safari/537.36"
127.0.0.1 - - [28/May/2020:04:33:23 +0000] "GET / HTTP/1.1" 200 56 "-" "Wget/1.19.4 (linux-gnu)"
127.0.0.1 - - [28/May/2020:04:33:25 +0000] "GET / HTTP/1.1" 200 56 "-" "Wget/1.19.4 (linux-gnu)"
127.0.0.1 - - [28/May/2020:04:33:55 +0000] "GET / HTTP/1.1" 200 56 "-" "Wget/1.19.4 (linux-gnu)"
127.0.0.1 - - [28/May/2020:04:34:08 +0000] "GET / HTTP/1.1" 200 56 "-" "Wget/1.19.4 (linux-gnu)"
127.0.0.1 - - [28/May/2020:04:34:25 +0000] "GET / HTTP/1.1" 200 56 "-" "Wget/1.19.4 (linux-gnu)"
127.0.0.1 - - [28/May/2020:04:34:53 +0000] "GET / HTTP/1.1" 200 56 "-" "Wget/1.19.4 (linux-gnu)"
127.0.0.1 - - [28/May/2020:04:34:55 +0000] "GET / HTTP/1.1" 200 56 "-" "Wget/1.19.4 (linux-gnu)"
127.0.0.1 - - [28/May/2020:04:35:25 +0000] "GET / HTTP/1.1" 200 56 "-" "Wget/1.19.4 (linux-gnu)"
127.0.0.1 - - [28/May/2020:04:35:39 +0000] "GET / HTTP/1.1" 200 56 "-" "Wget/1.19.4 (linux-gnu)"
127.0.0.1 - - [28/May/2020:04:35:55 +0000] "GET / HTTP/1.1" 200 56 "-" "Wget/1.19.4 (linux-gnu)"
127.0.0.1 - - [28/May/2020:04:36:24 +0000] "GET / HTTP/1.1" 200 56 "-" "Wget/1.19.4 (linux-gnu)"
127.0.0.1 - - [28/May/2020:04:36:25 +0000] "GET / HTTP/1.1" 200 56 "-" "Wget/1.19.4 (linux-gnu)"
127.0.0.1 - - [28/May/2020:04:36:55 +0000] "GET / HTTP/1.1" 200 56 "-" "Wget/1.19.4 (linux-gnu)"
127.0.0.1 - - [28/May/2020:04:37:09 +0000] "GET / HTTP/1.1" 200 56 "-" "Wget/1.19.4 (linux-gnu)"
127.0.0.1 - - [28/May/2020:04:37:25 +0000] "GET / HTTP/1.1" 200 56 "-" "Wget/1.19.4 (linux-gnu)"
127.0.0.1 - - [28/May/2020:04:37:54 +0000] "GET / HTTP/1.1" 200 56 "-" "Wget/1.19.4 (linux-gnu)"
127.0.0.1 - - [28/May/2020:04:37:55 +0000] "GET / HTTP/1.1" 200 56 "-" "Wget/1.19.4 (linux-gnu)"
172.30.0.1 - mark [28/May/2020:04:38:22 +0000] "GET /zentao/message-ajaxGetMessage-1.html HTTP/1.1" 200 - "http://localhost:8085/zentao/my/" "Mozilla/5.0 (Macintosh; Intel Mac OS X 10_14_6) AppleWebKit/537.36 (KHTML, like Gecko) Chrome/83.0.4103.61 Safari/537.36"
127.0.0.1 - - [28/May/2020:04:38:25 +0000] "GET / HTTP/1.1" 200 56 "-" "Wget/1.19.4 (linux-gnu)"
127.0.0.1 - - [28/May/2020:04:38:39 +0000] "GET / HTTP/1.1" 200 56 "-" "Wget/1.19.4 (linux-gnu)"
127.0.0.1 - - [28/May/2020:04:38:55 +0000] "GET / HTTP/1.1" 200 56 "-" "Wget/1.19.4 (linux-gnu)"
127.0.0.1 - - [28/May/2020:04:39:24 +0000] "GET / HTTP/1.1" 200 56 "-" "Wget/1.19.4 (linux-gnu)"
127.0.0.1 - - [28/May/2020:04:39:25 +0000] "GET / HTTP/1.1" 200 56 "-" "Wget/1.19.4 (linux-gnu)"
127.0.0.1 - - [28/May/2020:04:39:55 +0000] "GET / HTTP/1.1" 200 56 "-" "Wget/1.19.4 (linux-gnu)"
127.0.0.1 - - [28/May/2020:04:40:09 +0000] "GET / HTTP/1.1" 200 56 "-" "Wget/1.19.4 (linux-gnu)"
127.0.0.1 - - [28/May/2020:04:40:25 +0000] "GET / HTTP/1.1" 200 56 "-" "Wget/1.19.4 (linux-gnu)"
127.0.0.1 - - [28/May/2020:04:40:54 +0000] "GET / HTTP/1.1" 200 56 "-" "Wget/1.19.4 (linux-gnu)"
127.0.0.1 - - [28/May/2020:04:40:55 +0000] "GET / HTTP/1.1" 200 56 "-" "Wget/1.19.4 (linux-gnu)"
127.0.0.1 - - [28/May/2020:04:41:25 +0000] "GET / HTTP/1.1" 200 56 "-" "Wget/1.19.4 (linux-gnu)"
127.0.0.1 - - [28/May/2020:04:41:40 +0000] "GET / HTTP/1.1" 200 56 "-" "Wget/1.19.4 (linux-gnu)"
127.0.0.1 - - [28/May/2020:04:41:55 +0000] "GET / HTTP/1.1" 200 56 "-" "Wget/1.19.4 (linux-gnu)"
127.0.0.1 - - [28/May/2020:04:42:25 +0000] "GET / HTTP/1.1" 200 56 "-" "Wget/1.19.4 (linux-gnu)"
127.0.0.1 - - [28/May/2020:04:42:25 +0000] "GET / HTTP/1.1" 200 56 "-" "Wget/1.19.4 (linux-gnu)"
127.0.0.1 - - [28/May/2020:04:42:55 +0000] "GET / HTTP/1.1" 200 56 "-" "Wget/1.19.4 (linux-gnu)"
127.0.0.1 - - [28/May/2020:04:43:10 +0000] "GET / HTTP/1.1" 200 56 "-" "Wget/1.19.4 (linux-gnu)"
172.30.0.1 - mark [28/May/2020:04:43:20 +0000] "GET /zentao/message-ajaxGetMessage-1.html HTTP/1.1" 200 - "http://localhost:8085/zentao/my/" "Mozilla/5.0 (Macintosh; Intel Mac OS X 10_14_6) AppleWebKit/537.36 (KHTML, like Gecko) Chrome/83.0.4103.61 Safari/537.36"
127.0.0.1 - - [28/May/2020:04:43:25 +0000] "GET / HTTP/1.1" 200 56 "-" "Wget/1.19.4 (linux-gnu)"
127.0.0.1 - - [28/May/2020:04:43:55 +0000] "GET / HTTP/1.1" 200 56 "-" "Wget/1.19.4 (linux-gnu)"
127.0.0.1 - - [28/May/2020:04:43:55 +0000] "GET / HTTP/1.1" 200 56 "-" "Wget/1.19.4 (linux-gnu)"
127.0.0.1 - - [28/May/2020:04:44:25 +0000] "GET / HTTP/1.1" 200 56 "-" "Wget/1.19.4 (linux-gnu)"
127.0.0.1 - - [28/May/2020:04:44:40 +0000] "GET / HTTP/1.1" 200 56 "-" "Wget/1.19.4 (linux-gnu)"
172.30.0.1 - mark [28/May/2020:04:44:46 +0000] "GET /zentao/user-logout.html HTTP/1.1" 302 - "http://localhost:8085/zentao/my/" "Mozilla/5.0 (Macintosh; Intel Mac OS X 10_14_6) AppleWebKit/537.36 (KHTML, like Gecko) Chrome/83.0.4103.61 Safari/537.36"
172.30.0.1 - mark [28/May/2020:04:44:48 +0000] "GET /zentao/user-login.html HTTP/1.1" 200 3480 "http://localhost:8085/zentao/my/" "Mozilla/5.0 (Macintosh; Intel Mac OS X 10_14_6) AppleWebKit/537.36 (KHTML, like Gecko) Chrome/83.0.4103.61 Safari/537.36"
172.30.0.1 - mark [28/May/2020:04:44:49 +0000] "GET /zentao/cron-ajaxExec-0.html HTTP/1.1" 200 167 "http://localhost:8085/zentao/user-login.html" "Mozilla/5.0 (Macintosh; Intel Mac OS X 10_14_6) AppleWebKit/537.36 (KHTML, like Gecko) Chrome/83.0.4103.61 Safari/537.36"
172.30.0.1 - mark [28/May/2020:04:44:49 +0000] "GET /zentao/misc-checkUpdate-.html HTTP/1.1" 200 262 "http://localhost:8085/zentao/user-login.html" "Mozilla/5.0 (Macintosh; Intel Mac OS X 10_14_6) AppleWebKit/537.36 (KHTML, like Gecko) Chrome/83.0.4103.61 Safari/537.36"
127.0.0.1 - - [28/May/2020:04:44:55 +0000] "GET / HTTP/1.1" 200 56 "-" "Wget/1.19.4 (linux-gnu)"
172.30.0.1 - mark [28/May/2020:04:44:58 +0000] "POST /zentao/user-login.html HTTP/1.1" 200 42 "http://localhost:8085/zentao/user-login.html" "Mozilla/5.0 (Macintosh; Intel Mac OS X 10_14_6) AppleWebKit/537.36 (KHTML, like Gecko) Chrome/83.0.4103.61 Safari/537.36"
172.30.0.1 - mark [28/May/2020:04:44:59 +0000] "GET /zentao/ HTTP/1.1" 302 - "http://localhost:8085/zentao/user-login.html" "Mozilla/5.0 (Macintosh; Intel Mac OS X 10_14_6) AppleWebKit/537.36 (KHTML, like Gecko) Chrome/83.0.4103.61 Safari/537.36"
172.30.0.1 - mark [28/May/2020:04:44:59 +0000] "GET /zentao/my/ HTTP/1.1" 200 14556 "http://localhost:8085/zentao/user-login.html" "Mozilla/5.0 (Macintosh; Intel Mac OS X 10_14_6) AppleWebKit/537.36 (KHTML, like Gecko) Chrome/83.0.4103.61 Safari/537.36"
127.0.0.1 - - [28/May/2020:04:45:25 +0000] "GET / HTTP/1.1" 200 56 "-" "Wget/1.19.4 (linux-gnu)"
127.0.0.1 - - [28/May/2020:04:45:25 +0000] "GET / HTTP/1.1" 200 56 "-" "Wget/1.19.4 (linux-gnu)"
127.0.0.1 - - [28/May/2020:04:45:55 +0000] "GET / HTTP/1.1" 200 56 "-" "Wget/1.19.4 (linux-gnu)"
127.0.0.1 - - [28/May/2020:04:46:10 +0000] "GET / HTTP/1.1" 200 56 "-" "Wget/1.19.4 (linux-gnu)"
127.0.0.1 - - [28/May/2020:04:46:25 +0000] "GET / HTTP/1.1" 200 56 "-" "Wget/1.19.4 (linux-gnu)"
127.0.0.1 - - [28/May/2020:04:46:55 +0000] "GET / HTTP/1.1" 200 56 "-" "Wget/1.19.4 (linux-gnu)"
127.0.0.1 - - [28/May/2020:04:46:55 +0000] "GET / HTTP/1.1" 200 56 "-" "Wget/1.19.4 (linux-gnu)"
127.0.0.1 - - [28/May/2020:04:47:25 +0000] "GET / HTTP/1.1" 200 56 "-" "Wget/1.19.4 (linux-gnu)"
127.0.0.1 - - [28/May/2020:04:47:40 +0000] "GET / HTTP/1.1" 200 56 "-" "Wget/1.19.4 (linux-gnu)"
127.0.0.1 - - [28/May/2020:04:47:55 +0000] "GET / HTTP/1.1" 200 56 "-" "Wget/1.19.4 (linux-gnu)"
127.0.0.1 - - [28/May/2020:04:48:25 +0000] "GET / HTTP/1.1" 200 56 "-" "Wget/1.19.4 (linux-gnu)"
127.0.0.1 - - [28/May/2020:04:48:25 +0000] "GET / HTTP/1.1" 200 56 "-" "Wget/1.19.4 (linux-gnu)"
127.0.0.1 - - [28/May/2020:04:48:55 +0000] "GET / HTTP/1.1" 200 56 "-" "Wget/1.19.4 (linux-gnu)"
127.0.0.1 - - [28/May/2020:04:49:11 +0000] "GET / HTTP/1.1" 200 56 "-" "Wget/1.19.4 (linux-gnu)"
127.0.0.1 - - [28/May/2020:04:49:25 +0000] "GET / HTTP/1.1" 200 56 "-" "Wget/1.19.4 (linux-gnu)"
127.0.0.1 - - [28/May/2020:04:49:55 +0000] "GET / HTTP/1.1" 200 56 "-" "Wget/1.19.4 (linux-gnu)"
127.0.0.1 - - [28/May/2020:04:49:56 +0000] "GET / HTTP/1.1" 200 56 "-" "Wget/1.19.4 (linux-gnu)"
172.30.0.1 - mark [28/May/2020:04:50:01 +0000] "GET /zentao/message-ajaxGetMessage-0.html HTTP/1.1" 200 - "http://localhost:8085/zentao/my/" "Mozilla/5.0 (Macintosh; Intel Mac OS X 10_14_6) AppleWebKit/537.36 (KHTML, like Gecko) Chrome/83.0.4103.61 Safari/537.36"
127.0.0.1 - - [28/May/2020:04:50:25 +0000] "GET / HTTP/1.1" 200 56 "-" "Wget/1.19.4 (linux-gnu)"
127.0.0.1 - - [28/May/2020:04:50:41 +0000] "GET / HTTP/1.1" 200 56 "-" "Wget/1.19.4 (linux-gnu)"
127.0.0.1 - - [28/May/2020:04:50:55 +0000] "GET / HTTP/1.1" 200 56 "-" "Wget/1.19.4 (linux-gnu)"
127.0.0.1 - - [28/May/2020:04:51:25 +0000] "GET / HTTP/1.1" 200 56 "-" "Wget/1.19.4 (linux-gnu)"
127.0.0.1 - - [28/May/2020:04:51:26 +0000] "GET / HTTP/1.1" 200 56 "-" "Wget/1.19.4 (linux-gnu)"
127.0.0.1 - - [28/May/2020:04:51:55 +0000] "GET / HTTP/1.1" 200 56 "-" "Wget/1.19.4 (linux-gnu)"
127.0.0.1 - - [28/May/2020:04:52:11 +0000] "GET / HTTP/1.1" 200 56 "-" "Wget/1.19.4 (linux-gnu)"
127.0.0.1 - - [28/May/2020:04:52:25 +0000] "GET / HTTP/1.1" 200 56 "-" "Wget/1.19.4 (linux-gnu)"
127.0.0.1 - - [28/May/2020:04:52:55 +0000] "GET / HTTP/1.1" 200 56 "-" "Wget/1.19.4 (linux-gnu)"
127.0.0.1 - - [28/May/2020:04:52:56 +0000] "GET / HTTP/1.1" 200 56 "-" "Wget/1.19.4 (linux-gnu)"
127.0.0.1 - - [28/May/2020:04:53:25 +0000] "GET / HTTP/1.1" 200 56 "-" "Wget/1.19.4 (linux-gnu)"
127.0.0.1 - - [28/May/2020:04:53:41 +0000] "GET / HTTP/1.1" 200 56 "-" "Wget/1.19.4 (linux-gnu)"
127.0.0.1 - - [28/May/2020:04:53:55 +0000] "GET / HTTP/1.1" 200 56 "-" "Wget/1.19.4 (linux-gnu)"
127.0.0.1 - - [28/May/2020:04:54:25 +0000] "GET / HTTP/1.1" 200 56 "-" "Wget/1.19.4 (linux-gnu)"
127.0.0.1 - - [28/May/2020:04:54:26 +0000] "GET / HTTP/1.1" 200 56 "-" "Wget/1.19.4 (linux-gnu)"
127.0.0.1 - - [28/May/2020:04:54:55 +0000] "GET / HTTP/1.1" 200 56 "-" "Wget/1.19.4 (linux-gnu)"
172.30.0.1 - mark [28/May/2020:04:55:01 +0000] "GET /zentao/message-ajaxGetMessage-0.html HTTP/1.1" 200 - "http://localhost:8085/zentao/my/" "Mozilla/5.0 (Macintosh; Intel Mac OS X 10_14_6) AppleWebKit/537.36 (KHTML, like Gecko) Chrome/83.0.4103.61 Safari/537.36"
127.0.0.1 - - [28/May/2020:04:55:11 +0000] "GET / HTTP/1.1" 200 56 "-" "Wget/1.19.4 (linux-gnu)"
127.0.0.1 - - [28/May/2020:04:55:25 +0000] "GET / HTTP/1.1" 200 56 "-" "Wget/1.19.4 (linux-gnu)"
127.0.0.1 - - [28/May/2020:04:55:55 +0000] "GET / HTTP/1.1" 200 56 "-" "Wget/1.19.4 (linux-gnu)"
127.0.0.1 - - [28/May/2020:04:55:57 +0000] "GET / HTTP/1.1" 200 56 "-" "Wget/1.19.4 (linux-gnu)"
127.0.0.1 - - [28/May/2020:04:56:25 +0000] "GET / HTTP/1.1" 200 56 "-" "Wget/1.19.4 (linux-gnu)"
127.0.0.1 - - [28/May/2020:04:56:42 +0000] "GET / HTTP/1.1" 200 56 "-" "Wget/1.19.4 (linux-gnu)"
127.0.0.1 - - [28/May/2020:04:56:55 +0000] "GET / HTTP/1.1" 200 56 "-" "Wget/1.19.4 (linux-gnu)"
127.0.0.1 - - [28/May/2020:04:57:25 +0000] "GET / HTTP/1.1" 200 56 "-" "Wget/1.19.4 (linux-gnu)"
127.0.0.1 - - [28/May/2020:04:57:27 +0000] "GET / HTTP/1.1" 200 56 "-" "Wget/1.19.4 (linux-gnu)"
127.0.0.1 - - [28/May/2020:04:57:55 +0000] "GET / HTTP/1.1" 200 56 "-" "Wget/1.19.4 (linux-gnu)"
127.0.0.1 - - [28/May/2020:04:58:12 +0000] "GET / HTTP/1.1" 200 56 "-" "Wget/1.19.4 (linux-gnu)"
127.0.0.1 - - [28/May/2020:04:58:25 +0000] "GET / HTTP/1.1" 200 56 "-" "Wget/1.19.4 (linux-gnu)"
127.0.0.1 - - [28/May/2020:04:58:55 +0000] "GET / HTTP/1.1" 200 56 "-" "Wget/1.19.4 (linux-gnu)"
127.0.0.1 - - [28/May/2020:04:58:57 +0000] "GET / HTTP/1.1" 200 56 "-" "Wget/1.19.4 (linux-gnu)"
127.0.0.1 - - [28/May/2020:04:59:25 +0000] "GET / HTTP/1.1" 200 56 "-" "Wget/1.19.4 (linux-gnu)"
127.0.0.1 - - [28/May/2020:04:59:42 +0000] "GET / HTTP/1.1" 200 56 "-" "Wget/1.19.4 (linux-gnu)"
127.0.0.1 - - [28/May/2020:04:59:55 +0000] "GET / HTTP/1.1" 200 56 "-" "Wget/1.19.4 (linux-gnu)"
172.30.0.1 - mark [28/May/2020:05:00:02 +0000] "GET /zentao/message-ajaxGetMessage-0.html HTTP/1.1" 200 - "http://localhost:8085/zentao/my/" "Mozilla/5.0 (Macintosh; Intel Mac OS X 10_14_6) AppleWebKit/537.36 (KHTML, like Gecko) Chrome/83.0.4103.61 Safari/537.36"
127.0.0.1 - - [28/May/2020:05:00:25 +0000] "GET / HTTP/1.1" 200 56 "-" "Wget/1.19.4 (linux-gnu)"
127.0.0.1 - - [28/May/2020:05:00:27 +0000] "GET / HTTP/1.1" 200 56 "-" "Wget/1.19.4 (linux-gnu)"
127.0.0.1 - - [28/May/2020:05:00:55 +0000] "GET / HTTP/1.1" 200 56 "-" "Wget/1.19.4 (linux-gnu)"
127.0.0.1 - - [28/May/2020:05:01:12 +0000] "GET / HTTP/1.1" 200 56 "-" "Wget/1.19.4 (linux-gnu)"
127.0.0.1 - - [28/May/2020:05:01:25 +0000] "GET / HTTP/1.1" 200 56 "-" "Wget/1.19.4 (linux-gnu)"
127.0.0.1 - - [28/May/2020:05:01:55 +0000] "GET / HTTP/1.1" 200 56 "-" "Wget/1.19.4 (linux-gnu)"
127.0.0.1 - - [28/May/2020:05:01:57 +0000] "GET / HTTP/1.1" 200 56 "-" "Wget/1.19.4 (linux-gnu)"
127.0.0.1 - - [28/May/2020:05:02:25 +0000] "GET / HTTP/1.1" 200 56 "-" "Wget/1.19.4 (linux-gnu)"
127.0.0.1 - - [28/May/2020:05:02:42 +0000] "GET / HTTP/1.1" 200 56 "-" "Wget/1.19.4 (linux-gnu)"
127.0.0.1 - - [28/May/2020:05:02:55 +0000] "GET / HTTP/1.1" 200 56 "-" "Wget/1.19.4 (linux-gnu)"
127.0.0.1 - - [28/May/2020:05:03:25 +0000] "GET / HTTP/1.1" 200 56 "-" "Wget/1.19.4 (linux-gnu)"
127.0.0.1 - - [28/May/2020:05:03:27 +0000] "GET / HTTP/1.1" 200 56 "-" "Wget/1.19.4 (linux-gnu)"
127.0.0.1 - - [28/May/2020:05:03:55 +0000] "GET / HTTP/1.1" 200 56 "-" "Wget/1.19.4 (linux-gnu)"
127.0.0.1 - - [28/May/2020:05:04:13 +0000] "GET / HTTP/1.1" 200 56 "-" "Wget/1.19.4 (linux-gnu)"
127.0.0.1 - - [28/May/2020:05:04:24 +0000] "GET / HTTP/1.1" 200 56 "-" "Wget/1.19.4 (linux-gnu)"
127.0.0.1 - - [28/May/2020:05:04:54 +0000] "GET / HTTP/1.1" 200 56 "-" "Wget/1.19.4 (linux-gnu)"
127.0.0.1 - - [28/May/2020:05:04:58 +0000] "GET / HTTP/1.1" 200 56 "-" "Wget/1.19.4 (linux-gnu)"
172.30.0.1 - mark [28/May/2020:05:05:02 +0000] "GET /zentao/message-ajaxGetMessage-0.html HTTP/1.1" 200 - "http://localhost:8085/zentao/my/" "Mozilla/5.0 (Macintosh; Intel Mac OS X 10_14_6) AppleWebKit/537.36 (KHTML, like Gecko) Chrome/83.0.4103.61 Safari/537.36"
127.0.0.1 - - [28/May/2020:05:05:24 +0000] "GET / HTTP/1.1" 200 56 "-" "Wget/1.19.4 (linux-gnu)"
127.0.0.1 - - [28/May/2020:05:05:43 +0000] "GET / HTTP/1.1" 200 56 "-" "Wget/1.19.4 (linux-gnu)"
127.0.0.1 - - [28/May/2020:05:05:54 +0000] "GET / HTTP/1.1" 200 56 "-" "Wget/1.19.4 (linux-gnu)"
127.0.0.1 - - [28/May/2020:05:06:24 +0000] "GET / HTTP/1.1" 200 56 "-" "Wget/1.19.4 (linux-gnu)"
127.0.0.1 - - [28/May/2020:05:06:28 +0000] "GET / HTTP/1.1" 200 56 "-" "Wget/1.19.4 (linux-gnu)"
127.0.0.1 - - [28/May/2020:05:06:54 +0000] "GET / HTTP/1.1" 200 56 "-" "Wget/1.19.4 (linux-gnu)"
